
> containerlab-synthetic-preview@0.1.0 verify
> npm run test && npm run build && npm run test:browser


> containerlab-synthetic-preview@0.1.0 test
> node --test tests/contract.test.ts tests/native.test.ts tests/declared.test.ts

✔ independent expected files retain their published hashes (0.919875ms)
✔ F1 retains independent node, link occurrence and alias expectations (not native execution) (3.953583ms)
✔ F2 is diagnostic-only, with no raw source or synthetic secret in browser fixture (0.1705ms)
✔ F3 missing input never produces invented nodes (0.135458ms)
✔ F4 external roles remain distinct and explicitly unresolved (0.2155ms)
✔ F5 duplicate declarations survive as two occurrence identities with rejection (0.186583ms)
✔ unknown fields at every boundary are rejected, never stripped silently (1.632958ms)
✔ IDs are unique and revision-scoped; all references must resolve (1.610375ms)
✔ redacted/unavailable values cannot carry data; unknowns require reasons (0.541959ms)
✔ F6 text/node/response bounds reject rather than truncate graph data (1.850416ms)
✔ operational capabilities and foreign session fields are rejected, not authenticated (0.815291ms)
✔ safe errors do not echo malformed data, native diagnostics or secrets (0.15875ms)
✔ same immutable synthetic revision has stable IDs and output (0.189125ms)
✔ 63 declaration fixtures and all pinned source/evidence hashes verify (7.621125ms)
✔ independent declaration object/dependency expectations remain intact (0.895875ms)
✔ specific reviewed errors identify template/schema rejection without raw native errors (0.190292ms)
✔ contract rejects disclosure, forged resolution, invalid references, duplicate IDs and budgets (4.226708ms)
✔ adapter omits hostile raw dependency strings and unreviewed configuration (5.77075ms)
✔ display text stays text in schema, with bounds rather than HTML interpretation (0.14375ms)
✔ 58 recorded fixtures validate; source hashes and evidence pin match retained bytes (7.40375ms)
✔ native F1 matches independent kinds, counts and alias; source tokens are not invented (0.53ms)
✔ native F4 roles survive endpoint ordering and F5 preserves accepted duplicate occurrences (0.21575ms)
✔ F7 independent single-ended requirement never invents a peer (1.043709ms)
✔ rejections remain diagnostic-only and original/context identities stay separate (0.238958ms)
✔ native DTO rejects unknown fields, bad references, invented origins and capabilities (2.35275ms)
✔ projection ignores unreviewed native attributes and fails closed on unsupported arity (1.399417ms)
✔ projection treats native display strings as text and does not turn them into IDs or URLs (0.324084ms)
ℹ tests 27
ℹ suites 0
ℹ pass 27
ℹ fail 0
ℹ cancelled 0
ℹ skipped 0
ℹ todo 0
ℹ duration_ms 121.512125

> containerlab-synthetic-preview@0.1.0 build
> npm run fixtures:native && npm run fixtures:declared && npm run typecheck && vite build


> containerlab-synthetic-preview@0.1.0 fixtures:native
> node scripts/project-native.ts

Projected 58 verified native fixture records; no runtime executed.

> containerlab-synthetic-preview@0.1.0 fixtures:declared
> node scripts/project-declared.ts

Projected 63 pinned declaration fixtures. No native execution.

> containerlab-synthetic-preview@0.1.0 typecheck
> tsc --noEmit

vite v8.3.1 building client environment for production...
transforming...
✓ 272 modules transformed.
rendering chunks...
computing gzip size...
dist/index.html                   0.43 kB │ gzip:   0.30 kB
dist/assets/index-D4vPmhia.css   23.10 kB │ gzip:   4.82 kB
dist/assets/index-SVJh1Y6Q.js   676.86 kB │ gzip: 171.39 kB

[33m[MODULE_LEVEL_DIRECTIVE] [0mThe semantics of the module level directive "use client" in "node_modules/@xyflow/react/dist/esm/index.js" may not be preserved when bundling.
   [38;5;246m╭[0m[38;5;246m─[0m[38;5;246m[[0m node_modules/@xyflow/react/dist/esm/index.js:1:1 [38;5;246m][0m
   [38;5;246m│[0m
 [38;5;246m1 │[0m "use client"
 [38;5;240m  │[0m ──────┬─────  
 [38;5;240m  │[0m       ╰─────── module level directive may not be preserved
 [38;5;240m  │[0m 
 [38;5;240m  │[0m [38;5;115mHelp[0m: For more information, see https://rolldown.rs/in-depth/directives#other-directives
[38;5;246m───╯[0m

[plugin builtin:vite-reporter] 
(!) Some chunks are larger than 500 kB after minification. Consider:
- Using dynamic import() to code-split the application
- Use build.rolldownOptions.output.codeSplitting to improve chunking: https://rolldown.rs/reference/OutputOptions.codeSplitting
- Adjust chunk size limit for this warning via build.chunkSizeWarningLimit.
✓ built in 71ms

> containerlab-synthetic-preview@0.1.0 test:browser
> playwright test

[WebServer] (node:93647) Warning: The 'NO_COLOR' env is ignored due to the 'FORCE_COLOR' env being set.
[WebServer] (Use `node --trace-warnings ...` to show where the warning was created)

Running 14 tests using 1 worker

(node:93659) Warning: The 'NO_COLOR' env is ignored due to the 'FORCE_COLOR' env being set.
(Use `node --trace-warnings ...` to show where the warning was created)
  ✓   1 tests/browser/declared.spec.ts:2:1 › declared missing-bind topology renders with explicit unresolved dependencies (272ms)
  ✓   2 tests/browser/declared.spec.ts:13:1 › declarations preserve single-ended, dangling, parallel and external occurrences (193ms)
  ✓   3 tests/browser/declared.spec.ts:24:1 › specific errors and keyboard navigation work at narrow width (190ms)
  ✓   4 tests/browser/declared.spec.ts:36:1 › declared labels render hostile text without creating HTML or requests (134ms)
  ✓   5 tests/browser/preview.spec.ts:2:1 › F1 graph, parallel occurrences and keyboard-accessible inspectors (293ms)
  ✓   6 tests/browser/preview.spec.ts:16:1 › special endpoints preserve roles; duplicate occurrences remain rejected (234ms)
  ✓   7 tests/browser/preview.spec.ts:21:1 › rejection and missing-input views never fabricate graph nodes (185ms)
  ✓   8 tests/browser/preview.spec.ts:25:1 › hostile display text stays inert; CSP blocks inline scripts and network (183ms)
  ✓   9 tests/browser/preview.spec.ts:36:1 › bounded long text has explicit truncation; over-limit graph rejected (206ms)
  ✓  10 tests/browser/preview.spec.ts:41:1 › loopback static server denies mutation, source files and traversal (16ms)
  ✓  11 tests/browser/preview.spec.ts:45:1 › narrow viewport exposes object list and inspector without page overflow (225ms)
  ✓  12 tests/browser/preview.spec.ts:51:1 › recorded native single-ended link has no fabricated peer and keyboard inspector (197ms)
  ✓  13 tests/browser/preview.spec.ts:59:1 › native preview preserves parallel links, aliases, source roles and rejected inputs (222ms)
  ✓  14 tests/browser/preview.spec.ts:67:1 › recorded native evidence remains readable at narrow width (207ms)

  14 passed (3.5s)
