
> containerlab-synthetic-preview@0.1.0 test:browser
> playwright test


Running 40 tests using 1 worker

(node:15527) Warning: The 'NO_COLOR' env is ignored due to the 'FORCE_COLOR' env being set.
(Use `node --trace-warnings ...` to show where the warning was created)
  -   1 tests/browser/capacity-faults.spec.ts:2:1 › maximum-size GUI retains historical evidence on actual injected collection failures
  -   2 tests/browser/capacity.spec.ts:2:1 › capacity live refresh samples preserve occurrence selection and responsiveness
  -   3 tests/browser/consolidation-faults.spec.ts:2:1 › maximum-size GUI retains historical evidence on actual injected collection failures
  -   4 tests/browser/consolidation.spec.ts:2:1 › consolidated live refresh samples preserve occurrence selection and responsiveness
  ✓   5 tests/browser/consolidation.spec.ts:14:1 › incompatible session explains fresh enrollment and recorded views remain available (mock) (268ms)
  ✓   6 tests/browser/declared.spec.ts:2:1 › declared missing-bind topology renders with explicit unresolved dependencies (291ms)
  ✓   7 tests/browser/declared.spec.ts:13:1 › declarations preserve single-ended, dangling, parallel and external occurrences (209ms)
  ✓   8 tests/browser/declared.spec.ts:24:1 › specific errors and keyboard navigation work at narrow width (210ms)
  ✓   9 tests/browser/declared.spec.ts:36:1 › declared labels render hostile text without creating HTML or requests (153ms)
  -  10 tests/browser/four-radio.spec.ts:3:1 › four-radio actual declaration, inventory and explicitly enrolled runtime
  ✓  11 tests/browser/four-radio.spec.ts:11:1 › four-radio stale, failure, identity conflict, recovery and cancellation keep selected occurrence (replay/mock) (1.4s)
  -  12 tests/browser/interfaces.spec.ts:2:1 › actual endpoint inspector follows native operational down/up without claiming link health
  ✓  13 tests/browser/interfaces.spec.ts:10:1 › endpoint absence and unresolved replacements retain declared links (transport mock) (385ms)
  ✓  14 tests/browser/link-state.spec.ts:2:1 › administrative, carrier and operational facts render independently with provenance (transport mock) (327ms)
  -  15 tests/browser/multi.spec.ts:2:1 › actual multiple endpoint occurrences, parallel selection and disconnected state
  ✓  16 tests/browser/multi.spec.ts:11:1 › multi occurrence partial failures, hostile text, stale and superseded responses (mock) (1.8s)
  -  17 tests/browser/observation.spec.ts:4:1 › actual runtime inspection retains declaration selection across stop and recovery
  ✓  18 tests/browser/observation.spec.ts:22:1 › polling, failure, stale data, cancellation and recovery (transport control) (19.9s)
  ✓  19 tests/browser/observation.spec.ts:32:1 › observation routes expose no mutation and reject foreign browser origin (17ms)
  ✓  20 tests/browser/observation.spec.ts:33:1 › backend sequence reset accepts a newer timestamp without discarding current selection (310ms)
  ✓  21 tests/browser/on-demand.spec.ts:2:1 › on-demand view clearly reports an unavailable worker without a session (247ms)
  -  22 tests/browser/on-demand.spec.ts:7:1 › actual native load renders declarations and live bundle provenance
  -  23 tests/browser/on-demand.spec.ts:17:1 › actual native schema and missing-template errors remain specific
  ✓  24 tests/browser/on-demand.spec.ts:23:1 › local API rejects arbitrary bundle/path payloads and cross-origin execution (6ms)
  ✓  25 tests/browser/on-demand.spec.ts:30:1 › UI cancellation discards stale responses (transport mock) (283ms)
  -  26 tests/browser/on-demand.spec.ts:37:1 › expanded approved cases expose native objects and scoped dependency evidence
  ✓  27 tests/browser/preview.spec.ts:2:1 › F1 graph, parallel occurrences and keyboard-accessible inspectors (298ms)
  ✓  28 tests/browser/preview.spec.ts:16:1 › special endpoints preserve roles; duplicate occurrences remain rejected (268ms)
  ✓  29 tests/browser/preview.spec.ts:21:1 › rejection and missing-input views never fabricate graph nodes (201ms)
  ✓  30 tests/browser/preview.spec.ts:25:1 › hostile display text stays inert; CSP blocks inline scripts and network (206ms)
  ✓  31 tests/browser/preview.spec.ts:36:1 › bounded long text has explicit truncation; over-limit graph rejected (226ms)
  ✓  32 tests/browser/preview.spec.ts:41:1 › loopback static server denies mutation, source files and traversal (5ms)
  ✓  33 tests/browser/preview.spec.ts:45:1 › narrow viewport exposes object list and inspector without page overflow (238ms)
  ✓  34 tests/browser/preview.spec.ts:51:1 › recorded native single-ended link has no fabricated peer and keyboard inspector (269ms)
  ✓  35 tests/browser/preview.spec.ts:59:1 › native preview preserves parallel links, aliases, source roles and rejected inputs (246ms)
  ✓  36 tests/browser/preview.spec.ts:67:1 › recorded native evidence remains readable at narrow width (229ms)
  -  37 tests/browser/profile.spec.ts:2:1 › actual SR Linux profile preserves declared alias and native name in inspectors
  ✘  38 tests/browser/workbench.spec.ts:4:1 › lab chooser first; exact handles, synchronized table selection, search and safe offline runtime (5.3s)
(node:15748) Warning: The 'NO_COLOR' env is ignored due to the 'FORCE_COLOR' env being set.
(Use `node --trace-warnings ...` to show where the warning was created)
  ✓  39 tests/browser/workbench.spec.ts:5:1 › matched replay overlay refresh/failure/cancel/recovery preserves selection; stale and identity mismatch explicit (1.3s)
  ✓  40 tests/browser/workbench.spec.ts:9:1 › keyboard selection, recorded disclosure, reduced-motion mobile reflow and local layout persistence (219ms)


  1) tests/browser/workbench.spec.ts:4:1 › lab chooser first; exact handles, synchronized table selection, search and safe offline runtime 

    Error: expect(locator).toContainText(expected) failed

    Locator: getByRole('complementary', { name: 'Selected object inspector' })
    Expected substring: "Link 3"
    Received string:    "INSPECTORswitch1OverviewInterfacesRuntimeDependencies (2)EvidenceNative kindnokia_srlinuxContainer stateNot observedDeclared interfaces7Layout is local presentation. It does not edit configuration."
    Timeout: 5000ms

    Call log:
      - Expect "toContainText" getByRole('complementary', { name: 'Selected object inspector' }) with timeout 5000ms
      - waiting for getByRole('complementary', { name: 'Selected object inspector' })
        14 × locator resolved to <aside class="wb-inspector" aria-label="Selected object inspector">…</aside>
           - unexpected value "INSPECTORswitch1OverviewInterfacesRuntimeDependencies (2)EvidenceNative kindnokia_srlinuxContainer stateNot observedDeclared interfaces7Layout is local presentation. It does not edit configuration."


      2 | const g=JSON.parse(readFileSync('experiments/EXP-026-four-radio/declarations.json','utf8')),raw=JSON.parse(readFileSync('experiments/EXP-026-four-radio/native-observation.json','utf8')),binding=enroll(raw,derivePlan(g),'a'.repeat(64),raw.labName);
      3 | async function open(page:any){await page.goto('/');await page.getByLabel('Approved lab',{exact:true}).selectOption('FOUR-RADIO-SDR');await page.getByRole('button',{name:'Open recorded topology',exact:true}).click();await expect(page.getByLabel('Lab topology canvas')).toBeVisible();}
    > 4 | test('lab chooser first; exact handles, synchronized table selection, search and safe offline runtime',async({page})=>{await page.goto('/');await expect(page.getByRole('heading',{name:'Open a topology to explore your lab'})).toBeVisible();await open(page);await expect(page.locator('.wb-device')).toHaveCount(8);await expect(page.locator('.wb-port')).toHaveCount(14);await expect(page.locator('.react-flow__edge')).toHaveCount(7);await page.getByRole('button',{name:'Inspect switch1 ethernet-1/3',exact:true}).click();const inspector=page.getByRole('complementary',{name:'Selected object inspector'});await expect(inspector).toContainText('Link 3');await page.getByRole('button',{name:'Interfaces',exact:true}).click();await expect(inspector).toContainText('radio3');await expect(inspector).toContainText('ethernet-1/3');await page.getByRole('button',{name:'Nodes & links',exact:true}).click();await expect(page.getByRole('table').getByRole('button',{name:'switch1:ethernet-1/3 ↔ radio3:eth1',exact:true})).toHaveAttribute('aria-pressed','true');await page.getByRole('searchbox').fill('radio4');await expect(page.getByRole('table').getByRole('button',{name:'radio4',exact:true})).toBeVisible();await page.getByRole('button',{name:'Connect enrolled runtime'}).click();await expect(page.locator('.wb-runtime-bar')).toContainText('No active');await expect(inspector).toContainText('Link 3');});
        |                                                                                                                                                                                                                                                                                                                                                                                                                                                                                                                                                                                                                                                  ^
      5 | test('matched replay overlay refresh/failure/cancel/recovery preserves selection; stale and identity mismatch explicit',async({page})=>{
      6 |  let fail='',delay=false,stale=false;await page.route('**/api/observation/config',r=>r.fulfill({json:{graph:g,deploymentId:binding.deploymentId}}));await page.route('**/api/observation/snapshot',async r=>{if(delay)await new Promise(resolve=>setTimeout(resolve,600));const snap=associateMulti(raw,binding,1);if(stale)snap.observedAt=new Date(Date.now()-16000).toISOString();await r.fulfill(fail?{status:422,json:{code:fail}}:{json:{snapshot:snap}}).catch(()=>{});});await open(page);await page.getByRole('button',{name:'Select switch1',exact:true}).click();await page.getByRole('button',{name:'Connect enrolled runtime'}).click();await page.getByRole('button',{name:'Refresh',exact:true}).click();await expect(page.locator('.wb-runtime-bar')).toContainText('Runtime observed');await expect(page.locator('.wb-device.chosen')).toContainText('running');const position=await page.locator('.wb-device.chosen').locator('..').getAttribute('style');fail='INSPECTION_FAILED';await page.getByRole('button',{name:'Refresh',exact:true}).click();await expect(page.locator('.wb-runtime-bar')).toContainText('Refresh failed');await expect(page.locator('.wb-device.chosen')).toContainText('last-known');fail='';stale=true;await page.getByRole('button',{name:'Refresh',exact:true}).click(); // older replies are correctly ignored
      7 |  delay=true;await page.getByRole('button',{name:'Refresh',exact:true}).click();await page.getByRole('button',{name:'Cancel inspection'}).click();await expect(page.locator('.wb-runtime-bar')).toContainText('cancelled');await page.waitForTimeout(700);delay=false;stale=false;await page.getByRole('button',{name:'Refresh',exact:true}).click();await expect(page.locator('.wb-runtime-bar')).toContainText('Runtime observed');expect(await page.locator('.wb-device.chosen').locator('..').getAttribute('style')).toBe(position);
        at /Users/rklinkhammer/workspace/containerlab-workspace/tests/browser/workbench.spec.ts:4:626

    Error Context: test-results/workbench-lab-chooser-firs-a56e7-ch-and-safe-offline-runtime/error-context.md

  1 failed
    tests/browser/workbench.spec.ts:4:1 › lab chooser first; exact handles, synchronized table selection, search and safe offline runtime 
  12 skipped
  27 passed (36.1s)
