
> containerlab-synthetic-preview@0.1.0 test
> node --test tests/contract.test.ts tests/native.test.ts tests/declared.test.ts tests/live.test.ts tests/observation.test.ts tests/interfaces.test.ts tests/link-state.test.ts tests/profile.test.ts tests/multi.test.ts tests/capacity.test.ts tests/session-migration.test.ts tests/observation-cleanup.test.ts tests/four-radio.test.ts tests/workbench.test.ts

✔ capacity profiles use0.6, exact32 occurrence maximum survives strict projection (13.895375ms)
✔ capacity maximum partial failure keeps every occurrence and unaffected native evidence (4.915167ms)
✔ capacity version/domain and one-over bounds reject without changing historical profile (9.044583ms)
✔ recorded previous SRL and Linux observations remain accepted, not newly runtime-qualified (6.525709ms)
✔ independent expected files retain their published hashes (3.781708ms)
✔ F1 retains independent node, link occurrence and alias expectations (not native execution) (4.185208ms)
✔ F2 is diagnostic-only, with no raw source or synthetic secret in browser fixture (0.175459ms)
✔ F3 missing input never produces invented nodes (0.153041ms)
✔ F4 external roles remain distinct and explicitly unresolved (0.230667ms)
✔ F5 duplicate declarations survive as two occurrence identities with rejection (0.220541ms)
✔ unknown fields at every boundary are rejected, never stripped silently (1.860875ms)
✔ IDs are unique and revision-scoped; all references must resolve (6.317916ms)
✔ redacted/unavailable values cannot carry data; unknowns require reasons (0.563417ms)
✔ F6 text/node/response bounds reject rather than truncate graph data (2.8355ms)
✔ operational capabilities and foreign session fields are rejected, not authenticated (2.367792ms)
✔ safe errors do not echo malformed data, native diagnostics or secrets (0.542583ms)
✔ same immutable synthetic revision has stable IDs and output (0.221125ms)
✔ 63 declaration fixtures and all pinned source/evidence hashes verify (35.049209ms)
✔ independent declaration object/dependency expectations remain intact (1.117583ms)
✔ specific reviewed errors identify template/schema rejection without raw native errors (0.215209ms)
✔ contract rejects disclosure, forged resolution, invalid references, duplicate IDs and budgets (4.311834ms)
✔ adapter omits hostile raw dependency strings and unreviewed configuration (7.37ms)
✔ display text stays text in schema, with bounds rather than HTML interpretation (0.197416ms)
✔ four-radio independent exact declarations and preserved approved companion hashes (5.301041ms)
✔ explicit deployment accepts native names without qualification label; rejects wrong lab, duplicates, unsafe names and unknown fields (4.982333ms)
✔ recorded SR Linux25.10.1 has fourteen distinct exact enrolled endpoint associations (10.931084ms)
✔ four-radio new session required; expired, wrong source and substituted container fail closed before transport (2.069208ms)
✔ interface association retains native operational state but never infers admin, carrier or continuity (7.798875ms)
✔ changed namespace, index or MAC cannot inherit old interface observation (0.401375ms)
✔ complete absence, partial failure, stopped namespace and container absence remain distinct (0.286791ms)
✔ duplicates, foreign IDs, unknown fields and invented health fail closed (1.982041ms)
✔ Linux flags are separate from native operstate and never prove peer or continuity (9.651125ms)
✔ partial Linux failure preserves native evidence and the other endpoint (0.261625ms)
✔ changed enrolled attributes withhold even successful supplemental facts (0.235ms)
✔ exact tuple reuse cannot upgrade continuity (0.3555ms)
✔ invented carrier, peer, source, raw fields or unassociated state are rejected (0.94875ms)
✔ live contract separates executed provenance and stable bundle IDs from recorded evidence (15.806ms)
✔ worker provenance, cleanup, output and error disclosure fail closed (0.409708ms)
✔ reviewed dependency assessments are bounded bundle membership, never resolution (1.4675ms)
✔ independent parallel occurrences and disconnected node retain exact native facts (18.785041ms)
✔ partial node inspection, ambiguity, alias loss and literal absence preserve other occurrences (6.598916ms)
✔ full identity replacement rejects; namespace/interface changes and partial enrollment never adopt (1.706292ms)
✔ unsupported kinds and external roles remain explicit without invented observations (0.898334ms)
✔ strict disclosure, reference, bounds and unknown identity/state claims fail closed (3.97825ms)
✔ maximum bounded enrollment accepted; one over each collection rejected (1.000833ms)
✔ 58 recorded fixtures validate; source hashes and evidence pin match retained bytes (38.078667ms)
✔ native F1 matches independent kinds, counts and alias; source tokens are not invented (1.028833ms)
✔ native F4 roles survive endpoint ordering and F5 preserves accepted duplicate occurrences (0.32925ms)
✔ F7 independent single-ended requirement never invents a peer (2.195625ms)
✔ rejections remain diagnostic-only and original/context identities stay separate (0.607709ms)
✔ native DTO rejects unknown fields, bad references, invented origins and capabilities (5.377792ms)
✔ projection ignores unreviewed native attributes and fails closed on unsupported arity (1.49025ms)
✔ projection treats native display strings as text and does not turn them into IDs or URLs (0.366792ms)
✔ cancel and shutdown reap owned transport process groups before resolving (134.95325ms)
✔ observations associate full resource IDs and expose only approved fields (5.164541ms)
✔ same-name replacement, duplicate, foreign lab, wrong purpose or kind cannot associate (0.87775ms)
✔ only successful empty inspection establishes absence; failed or malformed output does not (0.584ms)
✔ observation schema rejects duplicate identities, arbitrary state and forged link health (0.349667ms)
✔ executed trial declarations retain the independent two-node and endpoint expectations (2.548416ms)
✔ SRL alias is native evidence separate from declaration and actual interface (4.062625ms)
✔ no guessed alias or substitute Linux kind (0.209792ms)
✔ changed name, index or namespace remains unresolved (0.386167ms)
✔ missing alias does not prove interface deletion and leaves peer visible (0.22275ms)
✔ profile DTO rejects arbitrary kinds, aliases, properties, peers and conflicting identities (1.238417ms)
✔ fresh manifest validates graph binding; old and tampered manifests rejected before any runtime call (15.083ms)
✔ unchanged actual0.5 and0.6 recordings remain strict historical reads (24.889416ms)
✔ original0.1–0.4 recorded observations retain strict original meanings (9.729459ms)
✔ every native endpoint attaches to its exact port handle without changing input (8.773125ms)
✖ renamed and differently sized inventories share generic enrollment and observation rules (19.703417ms)
✔ single-ended, dangling and disconnected occurrences remain explicit presentation objects (0.696708ms)
ℹ tests 70
ℹ suites 0
ℹ pass 69
ℹ fail 1
ℹ cancelled 0
ℹ skipped 0
ℹ todo 0
ℹ duration_ms 350.753084

✖ failing tests:

test at tests/workbench.test.ts:5:1
✖ renamed and differently sized inventories share generic enrollment and observation rules (19.703417ms)
  Error: Invalid preview data. No graph was loaded.
      at parseLiveGraph (file:///Users/rklinkhammer/workspace/containerlab-workspace/contracts/live-graph.ts:17:8)
      at derivePlan (file:///Users/rklinkhammer/workspace/containerlab-workspace/contracts/enrollment.ts:12:10)
      at TestContext.<anonymous> (file:///Users/rklinkhammer/workspace/containerlab-workspace/tests/workbench.test.ts:10:32)
      at Test.runInAsyncScope (node:async_hooks:226:14)
      at Test.run (node:internal/test_runner/test:1402:25)
      at Test.processPendingSubtests (node:internal/test_runner/test:974:18)
      at Test.postRun (node:internal/test_runner/test:1542:19)
      at Test.run (node:internal/test_runner/test:1467:12)
      at async startSubtestAfterBootstrap (node:internal/test_runner/harness:387:3) {
    code: 'INVALID_GRAPH'
  }
