
> containerlab-synthetic-preview@0.1.0 test
> node --test tests/contract.test.ts tests/native.test.ts tests/declared.test.ts tests/live.test.ts tests/observation.test.ts tests/interfaces.test.ts tests/link-state.test.ts tests/profile.test.ts tests/multi.test.ts tests/capacity.test.ts tests/session-migration.test.ts tests/observation-cleanup.test.ts tests/four-radio.test.ts tests/workbench.test.ts

✔ capacity profiles use0.6, exact32 occurrence maximum survives strict projection (24.655542ms)
✔ capacity maximum partial failure keeps every occurrence and unaffected native evidence (3.337542ms)
✔ capacity version/domain and one-over bounds reject without changing historical profile (3.586916ms)
✔ recorded previous SRL and Linux observations remain accepted, not newly runtime-qualified (3.382542ms)
✔ independent expected files retain their published hashes (8.985666ms)
✔ F1 retains independent node, link occurrence and alias expectations (not native execution) (6.954958ms)
✔ F2 is diagnostic-only, with no raw source or synthetic secret in browser fixture (0.292833ms)
✔ F3 missing input never produces invented nodes (1.437375ms)
✔ F4 external roles remain distinct and explicitly unresolved (1.678792ms)
✔ F5 duplicate declarations survive as two occurrence identities with rejection (1.602708ms)
✔ unknown fields at every boundary are rejected, never stripped silently (2.335458ms)
✔ IDs are unique and revision-scoped; all references must resolve (2.912625ms)
✔ redacted/unavailable values cannot carry data; unknowns require reasons (0.772833ms)
✔ F6 text/node/response bounds reject rather than truncate graph data (1.617875ms)
✔ operational capabilities and foreign session fields are rejected, not authenticated (4.686041ms)
✔ safe errors do not echo malformed data, native diagnostics or secrets (0.167ms)
✔ same immutable synthetic revision has stable IDs and output (0.206958ms)
✔ 63 declaration fixtures and all pinned source/evidence hashes verify (52.485458ms)
✔ independent declaration object/dependency expectations remain intact (1.236084ms)
✔ specific reviewed errors identify template/schema rejection without raw native errors (0.264833ms)
✔ contract rejects disclosure, forged resolution, invalid references, duplicate IDs and budgets (6.245875ms)
✔ adapter omits hostile raw dependency strings and unreviewed configuration (6.016416ms)
✔ display text stays text in schema, with bounds rather than HTML interpretation (0.198917ms)
✔ four-radio independent exact declarations and preserved approved companion hashes (1.306375ms)
✔ explicit deployment accepts native names without qualification label; rejects wrong lab, duplicates, unsafe names and unknown fields (2.002ms)
✔ recorded SR Linux25.10.1 has fourteen distinct exact enrolled endpoint associations (9.057958ms)
✔ four-radio new session required; expired, wrong source and substituted container fail closed before transport (2.092834ms)
✔ interface association retains native operational state but never infers admin, carrier or continuity (13.700583ms)
✔ changed namespace, index or MAC cannot inherit old interface observation (0.38075ms)
✔ complete absence, partial failure, stopped namespace and container absence remain distinct (0.2885ms)
✔ duplicates, foreign IDs, unknown fields and invented health fail closed (0.8005ms)
✔ Linux flags are separate from native operstate and never prove peer or continuity (11.004833ms)
✔ partial Linux failure preserves native evidence and the other endpoint (5.928292ms)
✔ changed enrolled attributes withhold even successful supplemental facts (0.694083ms)
✔ exact tuple reuse cannot upgrade continuity (0.930208ms)
✔ invented carrier, peer, source, raw fields or unassociated state are rejected (1.972125ms)
✔ live contract separates executed provenance and stable bundle IDs from recorded evidence (17.463041ms)
✔ worker provenance, cleanup, output and error disclosure fail closed (0.399333ms)
✔ reviewed dependency assessments are bounded bundle membership, never resolution (1.494958ms)
✔ independent parallel occurrences and disconnected node retain exact native facts (14.621583ms)
✔ partial node inspection, ambiguity, alias loss and literal absence preserve other occurrences (8.278041ms)
✔ full identity replacement rejects; namespace/interface changes and partial enrollment never adopt (9.0765ms)
✔ unsupported kinds and external roles remain explicit without invented observations (5.300709ms)
✔ strict disclosure, reference, bounds and unknown identity/state claims fail closed (5.543417ms)
✔ maximum bounded enrollment accepted; one over each collection rejected (2.865625ms)
✔ 58 recorded fixtures validate; source hashes and evidence pin match retained bytes (24.697083ms)
✔ native F1 matches independent kinds, counts and alias; source tokens are not invented (0.674542ms)
✔ native F4 roles survive endpoint ordering and F5 preserves accepted duplicate occurrences (0.283667ms)
✔ F7 independent single-ended requirement never invents a peer (1.077584ms)
✔ rejections remain diagnostic-only and original/context identities stay separate (0.190458ms)
✔ native DTO rejects unknown fields, bad references, invented origins and capabilities (2.776125ms)
✔ projection ignores unreviewed native attributes and fails closed on unsupported arity (1.401042ms)
✔ projection treats native display strings as text and does not turn them into IDs or URLs (0.353625ms)
✔ cancel and shutdown reap owned transport process groups before resolving (176.292084ms)
✔ observations associate full resource IDs and expose only approved fields (16.045584ms)
✔ same-name replacement, duplicate, foreign lab, wrong purpose or kind cannot associate (0.323167ms)
✔ only successful empty inspection establishes absence; failed or malformed output does not (0.812542ms)
✔ observation schema rejects duplicate identities, arbitrary state and forged link health (0.687792ms)
✔ executed trial declarations retain the independent two-node and endpoint expectations (2.613958ms)
✔ SRL alias is native evidence separate from declaration and actual interface (12.051167ms)
✔ no guessed alias or substitute Linux kind (0.217334ms)
✔ changed name, index or namespace remains unresolved (0.422834ms)
✔ missing alias does not prove interface deletion and leaves peer visible (0.207584ms)
✔ profile DTO rejects arbitrary kinds, aliases, properties, peers and conflicting identities (0.81575ms)
✔ fresh manifest validates graph binding; old and tampered manifests rejected before any runtime call (23.525375ms)
✔ unchanged actual0.5 and0.6 recordings remain strict historical reads (12.262916ms)
✔ original0.1–0.4 recorded observations retain strict original meanings (6.045375ms)
✔ every native endpoint attaches to its exact port handle without changing input (5.849083ms)
✔ renamed and differently sized inventories share generic enrollment and observation rules (12.559666ms)
✔ single-ended, dangling and disconnected occurrences remain explicit presentation objects (0.378542ms)
✔ current session checks general deployment binding before transport; historical sessions cannot activate (6.746042ms)
✔ unsupported kinds stay explicit and general collection ceilings remain enforced (1.020291ms)
ℹ tests 72
ℹ suites 0
ℹ pass 72
ℹ fail 0
ℹ cancelled 0
ℹ skipped 0
ℹ todo 0
ℹ duration_ms 365.249167
