
> containerlab-synthetic-preview@0.1.0 test
> node --test tests/contract.test.ts tests/native.test.ts tests/declared.test.ts tests/live.test.ts tests/observation.test.ts tests/interfaces.test.ts tests/link-state.test.ts tests/profile.test.ts tests/multi.test.ts tests/capacity.test.ts tests/session-migration.test.ts tests/observation-cleanup.test.ts tests/four-radio.test.ts tests/workbench.test.ts

✔ capacity profiles use0.6, exact32 occurrence maximum survives strict projection (14.643792ms)
✔ capacity maximum partial failure keeps every occurrence and unaffected native evidence (1.668167ms)
✔ capacity version/domain and one-over bounds reject without changing historical profile (2.908583ms)
✔ recorded previous SRL and Linux observations remain accepted, not newly runtime-qualified (3.717375ms)
✔ independent expected files retain their published hashes (2.447583ms)
✔ F1 retains independent node, link occurrence and alias expectations (not native execution) (6.338334ms)
✔ F2 is diagnostic-only, with no raw source or synthetic secret in browser fixture (0.251084ms)
✔ F3 missing input never produces invented nodes (0.176666ms)
✔ F4 external roles remain distinct and explicitly unresolved (0.342458ms)
✔ F5 duplicate declarations survive as two occurrence identities with rejection (0.204833ms)
✔ unknown fields at every boundary are rejected, never stripped silently (2.195667ms)
✔ IDs are unique and revision-scoped; all references must resolve (3.737125ms)
✔ redacted/unavailable values cannot carry data; unknowns require reasons (1.459542ms)
✔ F6 text/node/response bounds reject rather than truncate graph data (17.616083ms)
✔ operational capabilities and foreign session fields are rejected, not authenticated (3.928167ms)
✔ safe errors do not echo malformed data, native diagnostics or secrets (0.69225ms)
✔ same immutable synthetic revision has stable IDs and output (0.762125ms)
✔ 63 declaration fixtures and all pinned source/evidence hashes verify (13.060834ms)
✔ independent declaration object/dependency expectations remain intact (1.80725ms)
✔ specific reviewed errors identify template/schema rejection without raw native errors (0.203916ms)
✔ contract rejects disclosure, forged resolution, invalid references, duplicate IDs and budgets (4.246541ms)
✔ adapter omits hostile raw dependency strings and unreviewed configuration (5.903541ms)
✔ display text stays text in schema, with bounds rather than HTML interpretation (0.144083ms)
✔ four-radio independent exact declarations and preserved approved companion hashes (2.790708ms)
✔ explicit deployment accepts native names without qualification label; rejects wrong lab, duplicates, unsafe names and unknown fields (1.917708ms)
✔ recorded SR Linux25.10.1 has fourteen distinct exact enrolled endpoint associations (7.980125ms)
✔ four-radio new session required; expired, wrong source and substituted container fail closed before transport (2.250333ms)
✔ interface association retains native operational state but never infers admin, carrier or continuity (7.028584ms)
✔ changed namespace, index or MAC cannot inherit old interface observation (0.368583ms)
✔ complete absence, partial failure, stopped namespace and container absence remain distinct (0.27525ms)
✔ duplicates, foreign IDs, unknown fields and invented health fail closed (0.835792ms)
✔ Linux flags are separate from native operstate and never prove peer or continuity (26.646958ms)
✔ partial Linux failure preserves native evidence and the other endpoint (0.263792ms)
✔ changed enrolled attributes withhold even successful supplemental facts (0.228041ms)
✔ exact tuple reuse cannot upgrade continuity (0.340167ms)
✔ invented carrier, peer, source, raw fields or unassociated state are rejected (0.90825ms)
✔ live contract separates executed provenance and stable bundle IDs from recorded evidence (24.564459ms)
✔ worker provenance, cleanup, output and error disclosure fail closed (0.420125ms)
✔ reviewed dependency assessments are bounded bundle membership, never resolution (2.365583ms)
✔ independent parallel occurrences and disconnected node retain exact native facts (11.253375ms)
✔ partial node inspection, ambiguity, alias loss and literal absence preserve other occurrences (2.1395ms)
✔ full identity replacement rejects; namespace/interface changes and partial enrollment never adopt (2.930333ms)
✔ unsupported kinds and external roles remain explicit without invented observations (4.185ms)
✔ strict disclosure, reference, bounds and unknown identity/state claims fail closed (2.416041ms)
✔ maximum bounded enrollment accepted; one over each collection rejected (1.743667ms)
✔ 58 recorded fixtures validate; source hashes and evidence pin match retained bytes (29.202125ms)
✔ native F1 matches independent kinds, counts and alias; source tokens are not invented (1.186542ms)
✔ native F4 roles survive endpoint ordering and F5 preserves accepted duplicate occurrences (0.389666ms)
✔ F7 independent single-ended requirement never invents a peer (1.10325ms)
✔ rejections remain diagnostic-only and original/context identities stay separate (0.212ms)
✔ native DTO rejects unknown fields, bad references, invented origins and capabilities (2.492417ms)
✔ projection ignores unreviewed native attributes and fails closed on unsupported arity (1.398125ms)
✔ projection treats native display strings as text and does not turn them into IDs or URLs (0.33875ms)
✔ cancel and shutdown reap owned transport process groups before resolving (111.05125ms)
✔ observations associate full resource IDs and expose only approved fields (5.366458ms)
✔ same-name replacement, duplicate, foreign lab, wrong purpose or kind cannot associate (0.243916ms)
✔ only successful empty inspection establishes absence; failed or malformed output does not (0.580292ms)
✔ observation schema rejects duplicate identities, arbitrary state and forged link health (0.349709ms)
✔ executed trial declarations retain the independent two-node and endpoint expectations (4.495125ms)
✔ SRL alias is native evidence separate from declaration and actual interface (35.099125ms)
✔ no guessed alias or substitute Linux kind (0.212208ms)
✔ changed name, index or namespace remains unresolved (0.405541ms)
✔ missing alias does not prove interface deletion and leaves peer visible (0.21325ms)
✔ profile DTO rejects arbitrary kinds, aliases, properties, peers and conflicting identities (1.099541ms)
✔ fresh manifest validates graph binding; old and tampered manifests rejected before any runtime call (29.695417ms)
✔ unchanged actual0.5 and0.6 recordings remain strict historical reads (12.099541ms)
✔ original0.1–0.4 recorded observations retain strict original meanings (6.396334ms)
✔ every native endpoint attaches to its exact port handle without changing input (6.842208ms)
✔ renamed and differently sized inventories share generic enrollment and observation rules (12.211917ms)
✔ single-ended, dangling and disconnected occurrences remain explicit presentation objects (0.366917ms)
✔ current session checks general deployment binding before transport; historical sessions cannot activate (6.96525ms)
✔ unsupported kinds stay explicit and general collection ceilings remain enforced (1.032375ms)
ℹ tests 72
ℹ suites 0
ℹ pass 72
ℹ fail 0
ℹ cancelled 0
ℹ skipped 0
ℹ todo 0
ℹ duration_ms 277.517917
