
> containerlab-synthetic-preview@0.1.0 test
> node --test tests/contract.test.ts tests/native.test.ts tests/declared.test.ts tests/live.test.ts tests/observation.test.ts tests/interfaces.test.ts tests/link-state.test.ts tests/profile.test.ts tests/multi.test.ts tests/capacity.test.ts tests/session-migration.test.ts tests/observation-cleanup.test.ts tests/four-radio.test.ts tests/workbench.test.ts tests/node-logs.test.ts tests/capture.test.ts tests/reviewed-lua.test.ts

✔ capacity profiles use0.6, exact32 occurrence maximum survives strict projection (13.87425ms)
✔ capacity maximum partial failure keeps every occurrence and unaffected native evidence (3.298083ms)
✔ capacity version/domain and one-over bounds reject without changing historical profile (3.035458ms)
✔ recorded previous SRL and Linux observations remain accepted, not newly runtime-qualified (4.407708ms)
✔ capture request bounds and path/command separation (0.895416ms)
✔ capture target resolves only frozen Linux endpoint identity (0.261625ms)
✔ capture metadata rejects oversized artifacts and unreviewed packet fields (17.833292ms)
✔ capture HTTP rejects cross-origin and path/size input before any native operation (22.801ms)
✔ independent expected files retain their published hashes (6.036458ms)
✔ F1 retains independent node, link occurrence and alias expectations (not native execution) (10.924541ms)
✔ F2 is diagnostic-only, with no raw source or synthetic secret in browser fixture (0.205458ms)
✔ F3 missing input never produces invented nodes (0.167042ms)
✔ F4 external roles remain distinct and explicitly unresolved (0.249125ms)
✔ F5 duplicate declarations survive as two occurrence identities with rejection (0.208958ms)
✔ unknown fields at every boundary are rejected, never stripped silently (2.845583ms)
✔ IDs are unique and revision-scoped; all references must resolve (21.102916ms)
✔ redacted/unavailable values cannot carry data; unknowns require reasons (0.674583ms)
✔ F6 text/node/response bounds reject rather than truncate graph data (1.831875ms)
✔ operational capabilities and foreign session fields are rejected, not authenticated (1.560416ms)
✔ safe errors do not echo malformed data, native diagnostics or secrets (0.172792ms)
✔ same immutable synthetic revision has stable IDs and output (0.1855ms)
✔ 63 declaration fixtures and all pinned source/evidence hashes verify (20.3605ms)
✔ independent declaration object/dependency expectations remain intact (2.14025ms)
✔ specific reviewed errors identify template/schema rejection without raw native errors (0.4725ms)
✔ contract rejects disclosure, forged resolution, invalid references, duplicate IDs and budgets (4.491416ms)
✔ adapter omits hostile raw dependency strings and unreviewed configuration (6.010166ms)
✔ display text stays text in schema, with bounds rather than HTML interpretation (0.152042ms)
✔ four-radio independent exact declarations and preserved approved companion hashes (3.915417ms)
✔ explicit deployment accepts native names without qualification label; rejects wrong lab, duplicates, unsafe names and unknown fields (3.018ms)
✔ recorded SR Linux25.10.1 has fourteen distinct exact enrolled endpoint associations (13.313583ms)
✔ four-radio new session required; expired, wrong source and substituted container fail closed before transport (2.732958ms)
✔ interface association retains native operational state but never infers admin, carrier or continuity (5.800958ms)
✔ changed namespace, index or MAC cannot inherit old interface observation (0.35725ms)
✔ complete absence, partial failure, stopped namespace and container absence remain distinct (0.282792ms)
✔ duplicates, foreign IDs, unknown fields and invented health fail closed (0.827958ms)
✔ Linux flags are separate from native operstate and never prove peer or continuity (11.481042ms)
✔ partial Linux failure preserves native evidence and the other endpoint (1.73275ms)
✔ changed enrolled attributes withhold even successful supplemental facts (0.515334ms)
✔ exact tuple reuse cannot upgrade continuity (0.3985ms)
✔ invented carrier, peer, source, raw fields or unassociated state are rejected (1.009833ms)
✔ live contract separates executed provenance and stable bundle IDs from recorded evidence (17.628833ms)
✔ worker provenance, cleanup, output and error disclosure fail closed (0.514417ms)
✔ reviewed dependency assessments are bounded bundle membership, never resolution (2.249417ms)
✔ independent parallel occurrences and disconnected node retain exact native facts (13.928834ms)
✔ partial node inspection, ambiguity, alias loss and literal absence preserve other occurrences (3.361542ms)
✔ full identity replacement rejects; namespace/interface changes and partial enrollment never adopt (2.636041ms)
✔ unsupported kinds and external roles remain explicit without invented observations (1.726125ms)
✔ strict disclosure, reference, bounds and unknown identity/state claims fail closed (3.044542ms)
✔ maximum bounded enrollment accepted; one over each collection rejected (1.115542ms)
✔ 58 recorded fixtures validate; source hashes and evidence pin match retained bytes (24.287916ms)
✔ native F1 matches independent kinds, counts and alias; source tokens are not invented (0.6685ms)
✔ native F4 roles survive endpoint ordering and F5 preserves accepted duplicate occurrences (0.293834ms)
✔ F7 independent single-ended requirement never invents a peer (1.193625ms)
✔ rejections remain diagnostic-only and original/context identities stay separate (0.191709ms)
✔ native DTO rejects unknown fields, bad references, invented origins and capabilities (2.681542ms)
✔ projection ignores unreviewed native attributes and fails closed on unsupported arity (1.519792ms)
✔ projection treats native display strings as text and does not turn them into IDs or URLs (0.365958ms)
✔ log contract allows text markup but rejects control escapes, byte overflow and unknown fields (2.1575ms)
✔ log target requires explicit qualification, enrolled deployment, node ID and supported bound container (0.208458ms)
✔ transport enforces malformed/output/timeout/cancellation boundaries with a local fake executable (9177.035584ms)
✔ local tail then literal filter preserves bounds and does not interpret regex or markup (0.285166ms)
✔ cancel and shutdown reap owned transport process groups before resolving (114.151ms)
✔ observations associate full resource IDs and expose only approved fields (4.339958ms)
✔ same-name replacement, duplicate, foreign lab, wrong purpose or kind cannot associate (0.207458ms)
✔ only successful empty inspection establishes absence; failed or malformed output does not (0.538917ms)
✔ observation schema rejects duplicate identities, arbitrary state and forged link health (0.3395ms)
✔ executed trial declarations retain the independent two-node and endpoint expectations (3.33525ms)
✔ SRL alias is native evidence separate from declaration and actual interface (5.229458ms)
✔ no guessed alias or substitute Linux kind (0.230542ms)
✔ changed name, index or namespace remains unresolved (0.395042ms)
✔ missing alias does not prove interface deletion and leaves peer visible (0.196792ms)
✔ profile DTO rejects arbitrary kinds, aliases, properties, peers and conflicting identities (0.803917ms)
✔ reviewed Lua accepts exact ID; paths, unknown IDs and arguments rejected (1.626083ms)
✔ reviewed Lua inventory hash and field disclosure agree with checked-in reviewed source (2.774416ms)
✔ reviewed result cannot substitute script or hash and old capture/0.1 remains readable (3.182875ms)
✔ fresh manifest validates graph binding; old and tampered manifests rejected before any runtime call (8.54675ms)
✔ unchanged actual0.5 and0.6 recordings remain strict historical reads (11.92375ms)
✔ original0.1–0.4 recorded observations retain strict original meanings (6.635125ms)
✔ every native endpoint attaches to its exact port handle without changing input (5.716334ms)
✔ renamed and differently sized inventories share generic enrollment and observation rules (11.390166ms)
✔ single-ended, dangling and disconnected occurrences remain explicit presentation objects (0.473583ms)
✔ current session checks general deployment binding before transport; historical sessions cannot activate (6.520875ms)
✔ unsupported kinds stay explicit and general collection ceilings remain enforced (0.970959ms)
ℹ tests 83
ℹ suites 0
ℹ pass 83
ℹ fail 0
ℹ cancelled 0
ℹ skipped 0
ℹ todo 0
ℹ duration_ms 9365.780042
