
> containerlab-synthetic-preview@0.1.0 test
> node --test tests/contract.test.ts tests/native.test.ts tests/declared.test.ts tests/live.test.ts tests/observation.test.ts tests/interfaces.test.ts tests/link-state.test.ts tests/profile.test.ts tests/multi.test.ts tests/capacity.test.ts tests/session-migration.test.ts tests/observation-cleanup.test.ts tests/four-radio.test.ts tests/workbench.test.ts tests/node-logs.test.ts tests/capture.test.ts tests/reviewed-lua.test.ts

✔ capacity profiles use0.6, exact32 occurrence maximum survives strict projection (22.257125ms)
✔ capacity maximum partial failure keeps every occurrence and unaffected native evidence (2.16575ms)
✔ capacity version/domain and one-over bounds reject without changing historical profile (3.005916ms)
✔ recorded previous SRL and Linux observations remain accepted, not newly runtime-qualified (5.896291ms)
✔ capture request bounds and path/command separation (1.46025ms)
✔ capture target resolves only frozen Linux endpoint identity (0.306584ms)
✔ capture metadata rejects oversized artifacts and unreviewed packet fields (4.489125ms)
✔ capture HTTP rejects cross-origin and path/size input before any native operation (25.611375ms)
✔ independent expected files retain their published hashes (0.916833ms)
✔ F1 retains independent node, link occurrence and alias expectations (not native execution) (12.859791ms)
✔ F2 is diagnostic-only, with no raw source or synthetic secret in browser fixture (0.185125ms)
✔ F3 missing input never produces invented nodes (0.134542ms)
✔ F4 external roles remain distinct and explicitly unresolved (0.716542ms)
✔ F5 duplicate declarations survive as two occurrence identities with rejection (0.275291ms)
✔ unknown fields at every boundary are rejected, never stripped silently (2.558709ms)
✔ IDs are unique and revision-scoped; all references must resolve (2.393791ms)
✔ redacted/unavailable values cannot carry data; unknowns require reasons (0.7015ms)
✔ F6 text/node/response bounds reject rather than truncate graph data (1.982166ms)
✔ operational capabilities and foreign session fields are rejected, not authenticated (1.474708ms)
✔ safe errors do not echo malformed data, native diagnostics or secrets (0.174917ms)
✔ same immutable synthetic revision has stable IDs and output (0.190125ms)
✔ 63 declaration fixtures and all pinned source/evidence hashes verify (20.893042ms)
✔ independent declaration object/dependency expectations remain intact (0.885791ms)
✔ specific reviewed errors identify template/schema rejection without raw native errors (0.181125ms)
✔ contract rejects disclosure, forged resolution, invalid references, duplicate IDs and budgets (4.223459ms)
✔ adapter omits hostile raw dependency strings and unreviewed configuration (5.844958ms)
✔ display text stays text in schema, with bounds rather than HTML interpretation (0.153041ms)
✔ four-radio independent exact declarations and preserved approved companion hashes (1.304084ms)
✔ explicit deployment accepts native names without qualification label; rejects wrong lab, duplicates, unsafe names and unknown fields (1.891834ms)
✔ recorded SR Linux25.10.1 has fourteen distinct exact enrolled endpoint associations (10.021667ms)
✔ four-radio new session required; expired, wrong source and substituted container fail closed before transport (2.069875ms)
✔ interface association retains native operational state but never infers admin, carrier or continuity (8.770209ms)
✔ changed namespace, index or MAC cannot inherit old interface observation (0.363917ms)
✔ complete absence, partial failure, stopped namespace and container absence remain distinct (0.271709ms)
✔ duplicates, foreign IDs, unknown fields and invented health fail closed (1.717292ms)
✔ Linux flags are separate from native operstate and never prove peer or continuity (9.950916ms)
✔ partial Linux failure preserves native evidence and the other endpoint (0.270375ms)
✔ changed enrolled attributes withhold even successful supplemental facts (0.241792ms)
✔ exact tuple reuse cannot upgrade continuity (0.337375ms)
✔ invented carrier, peer, source, raw fields or unassociated state are rejected (2.718833ms)
✔ live contract separates executed provenance and stable bundle IDs from recorded evidence (12.5495ms)
✔ worker provenance, cleanup, output and error disclosure fail closed (0.412541ms)
✔ reviewed dependency assessments are bounded bundle membership, never resolution (2.735458ms)
✔ independent parallel occurrences and disconnected node retain exact native facts (14.436791ms)
✔ partial node inspection, ambiguity, alias loss and literal absence preserve other occurrences (4.139542ms)
✔ full identity replacement rejects; namespace/interface changes and partial enrollment never adopt (1.803ms)
✔ unsupported kinds and external roles remain explicit without invented observations (0.936167ms)
✔ strict disclosure, reference, bounds and unknown identity/state claims fail closed (2.299417ms)
✔ maximum bounded enrollment accepted; one over each collection rejected (16.431458ms)
✔ 58 recorded fixtures validate; source hashes and evidence pin match retained bytes (9.6485ms)
✔ native F1 matches independent kinds, counts and alias; source tokens are not invented (0.596875ms)
✔ native F4 roles survive endpoint ordering and F5 preserves accepted duplicate occurrences (0.245708ms)
✔ F7 independent single-ended requirement never invents a peer (1.090709ms)
✔ rejections remain diagnostic-only and original/context identities stay separate (0.192584ms)
✔ native DTO rejects unknown fields, bad references, invented origins and capabilities (2.734666ms)
✔ projection ignores unreviewed native attributes and fails closed on unsupported arity (1.840209ms)
✔ projection treats native display strings as text and does not turn them into IDs or URLs (0.419416ms)
✔ log contract allows text markup but rejects control escapes, byte overflow and unknown fields (2.258667ms)
✔ log target requires explicit qualification, enrolled deployment, node ID and supported bound container (0.215083ms)
✔ transport enforces malformed/output/timeout/cancellation boundaries with a local fake executable (9175.552208ms)
✔ local tail then literal filter preserves bounds and does not interpret regex or markup (0.256541ms)
✔ cancel and shutdown reap owned transport process groups before resolving (84.604167ms)
✔ observations associate full resource IDs and expose only approved fields (7.909708ms)
✔ same-name replacement, duplicate, foreign lab, wrong purpose or kind cannot associate (0.205542ms)
✔ only successful empty inspection establishes absence; failed or malformed output does not (0.529208ms)
✔ observation schema rejects duplicate identities, arbitrary state and forged link health (0.322917ms)
✔ executed trial declarations retain the independent two-node and endpoint expectations (4.236708ms)
✔ SRL alias is native evidence separate from declaration and actual interface (3.752167ms)
✔ no guessed alias or substitute Linux kind (0.2035ms)
✔ changed name, index or namespace remains unresolved (0.429208ms)
✔ missing alias does not prove interface deletion and leaves peer visible (1.2495ms)
✔ profile DTO rejects arbitrary kinds, aliases, properties, peers and conflicting identities (0.872458ms)
✔ reviewed Lua accepts exact ID; paths, unknown IDs and arguments rejected (1.546375ms)
✔ reviewed Lua inventory hash and field disclosure agree with checked-in reviewed source (1.057ms)
✔ reviewed result cannot substitute script or hash and old capture/0.1 remains readable (3.3165ms)
✔ fresh manifest validates graph binding; old and tampered manifests rejected before any runtime call (8.502125ms)
✔ unchanged actual0.5 and0.6 recordings remain strict historical reads (10.588542ms)
✔ original0.1–0.4 recorded observations retain strict original meanings (5.491ms)
✔ every native endpoint attaches to its exact port handle without changing input (5.697584ms)
✔ renamed and differently sized inventories share generic enrollment and observation rules (12.039291ms)
✔ single-ended, dangling and disconnected occurrences remain explicit presentation objects (0.361875ms)
✔ current session checks general deployment binding before transport; historical sessions cannot activate (6.146458ms)
✔ unsupported kinds stay explicit and general collection ceilings remain enforced (0.840542ms)
ℹ tests 83
ℹ suites 0
ℹ pass 83
ℹ fail 0
ℹ cancelled 0
ℹ skipped 0
ℹ todo 0
ℹ duration_ms 9330.229084
