
> containerlab-synthetic-preview@0.1.0 test
> node --test tests/contract.test.ts tests/native.test.ts tests/declared.test.ts tests/live.test.ts tests/observation.test.ts tests/interfaces.test.ts tests/link-state.test.ts tests/profile.test.ts tests/multi.test.ts tests/capacity.test.ts tests/session-migration.test.ts tests/observation-cleanup.test.ts tests/four-radio.test.ts tests/workbench.test.ts tests/node-logs.test.ts tests/capture.test.ts

✔ capacity profiles use0.6, exact32 occurrence maximum survives strict projection (20.949917ms)
✔ capacity maximum partial failure keeps every occurrence and unaffected native evidence (2.488583ms)
✔ capacity version/domain and one-over bounds reject without changing historical profile (4.627625ms)
✔ recorded previous SRL and Linux observations remain accepted, not newly runtime-qualified (13.572542ms)
✔ capture request bounds and path/command separation (0.94825ms)
✔ capture target resolves only frozen Linux endpoint identity (0.260791ms)
✔ capture metadata rejects oversized artifacts and unreviewed packet fields (7.363459ms)
✔ capture HTTP rejects cross-origin and path/size input before any native operation (25.751125ms)
✔ independent expected files retain their published hashes (3.739542ms)
✔ F1 retains independent node, link occurrence and alias expectations (not native execution) (4.192042ms)
✔ F2 is diagnostic-only, with no raw source or synthetic secret in browser fixture (0.169333ms)
✔ F3 missing input never produces invented nodes (0.1365ms)
✔ F4 external roles remain distinct and explicitly unresolved (0.2285ms)
✔ F5 duplicate declarations survive as two occurrence identities with rejection (0.2725ms)
✔ unknown fields at every boundary are rejected, never stripped silently (3.798459ms)
✔ IDs are unique and revision-scoped; all references must resolve (3.588084ms)
✔ redacted/unavailable values cannot carry data; unknowns require reasons (0.725125ms)
✔ F6 text/node/response bounds reject rather than truncate graph data (2.274958ms)
✔ operational capabilities and foreign session fields are rejected, not authenticated (2.322875ms)
✔ safe errors do not echo malformed data, native diagnostics or secrets (0.361459ms)
✔ same immutable synthetic revision has stable IDs and output (0.448417ms)
✔ 63 declaration fixtures and all pinned source/evidence hashes verify (33.936417ms)
✔ independent declaration object/dependency expectations remain intact (2.007625ms)
✔ specific reviewed errors identify template/schema rejection without raw native errors (0.205583ms)
✔ contract rejects disclosure, forged resolution, invalid references, duplicate IDs and budgets (8.813584ms)
✔ adapter omits hostile raw dependency strings and unreviewed configuration (6.074ms)
✔ display text stays text in schema, with bounds rather than HTML interpretation (0.15825ms)
✔ four-radio independent exact declarations and preserved approved companion hashes (2.780542ms)
✔ explicit deployment accepts native names without qualification label; rejects wrong lab, duplicates, unsafe names and unknown fields (3.225541ms)
✔ recorded SR Linux25.10.1 has fourteen distinct exact enrolled endpoint associations (12.572ms)
✔ four-radio new session required; expired, wrong source and substituted container fail closed before transport (2.060333ms)
✔ interface association retains native operational state but never infers admin, carrier or continuity (8.109292ms)
✔ changed namespace, index or MAC cannot inherit old interface observation (0.396375ms)
✔ complete absence, partial failure, stopped namespace and container absence remain distinct (0.286125ms)
✔ duplicates, foreign IDs, unknown fields and invented health fail closed (0.83075ms)
✔ Linux flags are separate from native operstate and never prove peer or continuity (29.117459ms)
✔ partial Linux failure preserves native evidence and the other endpoint (1.535583ms)
✔ changed enrolled attributes withhold even successful supplemental facts (0.279708ms)
✔ exact tuple reuse cannot upgrade continuity (0.335625ms)
✔ invented carrier, peer, source, raw fields or unassociated state are rejected (0.966417ms)
✔ live contract separates executed provenance and stable bundle IDs from recorded evidence (10.931542ms)
✔ worker provenance, cleanup, output and error disclosure fail closed (0.421167ms)
✔ reviewed dependency assessments are bounded bundle membership, never resolution (1.503583ms)
✔ independent parallel occurrences and disconnected node retain exact native facts (18.662542ms)
✔ partial node inspection, ambiguity, alias loss and literal absence preserve other occurrences (2.136833ms)
✔ full identity replacement rejects; namespace/interface changes and partial enrollment never adopt (1.573583ms)
✔ unsupported kinds and external roles remain explicit without invented observations (0.848416ms)
✔ strict disclosure, reference, bounds and unknown identity/state claims fail closed (2.482792ms)
✔ maximum bounded enrollment accepted; one over each collection rejected (5.492958ms)
✔ 58 recorded fixtures validate; source hashes and evidence pin match retained bytes (26.025916ms)
✔ native F1 matches independent kinds, counts and alias; source tokens are not invented (0.576875ms)
✔ native F4 roles survive endpoint ordering and F5 preserves accepted duplicate occurrences (0.707375ms)
✔ F7 independent single-ended requirement never invents a peer (1.282166ms)
✔ rejections remain diagnostic-only and original/context identities stay separate (0.274625ms)
✔ native DTO rejects unknown fields, bad references, invented origins and capabilities (2.907042ms)
✔ projection ignores unreviewed native attributes and fails closed on unsupported arity (1.682417ms)
✔ projection treats native display strings as text and does not turn them into IDs or URLs (0.374208ms)
✔ log contract allows text markup but rejects control escapes, byte overflow and unknown fields (2.1625ms)
✔ log target requires explicit qualification, enrolled deployment, node ID and supported bound container (0.199125ms)
✔ transport enforces malformed/output/timeout/cancellation boundaries with a local fake executable (9374.879959ms)
✔ local tail then literal filter preserves bounds and does not interpret regex or markup (0.26775ms)
✔ cancel and shutdown reap owned transport process groups before resolving (331.320167ms)
✔ observations associate full resource IDs and expose only approved fields (9.954083ms)
✔ same-name replacement, duplicate, foreign lab, wrong purpose or kind cannot associate (0.206667ms)
✔ only successful empty inspection establishes absence; failed or malformed output does not (0.514459ms)
✔ observation schema rejects duplicate identities, arbitrary state and forged link health (0.316708ms)
✔ executed trial declarations retain the independent two-node and endpoint expectations (3.759208ms)
✔ SRL alias is native evidence separate from declaration and actual interface (9.190334ms)
✔ no guessed alias or substitute Linux kind (0.208084ms)
✔ changed name, index or namespace remains unresolved (0.469542ms)
✔ missing alias does not prove interface deletion and leaves peer visible (0.429708ms)
✔ profile DTO rejects arbitrary kinds, aliases, properties, peers and conflicting identities (1.563166ms)
✔ fresh manifest validates graph binding; old and tampered manifests rejected before any runtime call (21.944917ms)
✔ unchanged actual0.5 and0.6 recordings remain strict historical reads (12.125208ms)
✔ original0.1–0.4 recorded observations retain strict original meanings (6.160333ms)
✔ every native endpoint attaches to its exact port handle without changing input (5.461625ms)
✔ renamed and differently sized inventories share generic enrollment and observation rules (11.379042ms)
✔ single-ended, dangling and disconnected occurrences remain explicit presentation objects (0.357334ms)
✔ current session checks general deployment binding before transport; historical sessions cannot activate (5.870542ms)
✔ unsupported kinds stay explicit and general collection ceilings remain enforced (0.810458ms)
ℹ tests 80
ℹ suites 0
ℹ pass 80
ℹ fail 0
ℹ cancelled 0
ℹ skipped 0
ℹ todo 0
ℹ duration_ms 9553.165292
