[WebServer] (node:23586) Warning: The 'NO_COLOR' env is ignored due to the 'FORCE_COLOR' env being set.
[WebServer] (Use `node --trace-warnings ...` to show where the warning was created)

Running 20 tests using 1 worker

(node:23587) Warning: The 'NO_COLOR' env is ignored due to the 'FORCE_COLOR' env being set.
(Use `node --trace-warnings ...` to show where the warning was created)
  ✓   1 tests/browser/capture.spec.ts:6:1 › qualified exact endpoint capture produces safe metadata and managed download; Lua stays gated (465ms)
  ✓   2 tests/browser/capture.spec.ts:9:1 › cancel is scoped to job and stale capture response cannot return artifact (1.1s)
  ✓   3 tests/browser/capture.spec.ts:13:1 › reviewed Lua ID, hash provenance and filter are explicit; unknown scripts and arguments stay disabled (386ms)
  ✓   4 tests/browser/capture.spec.ts:19:1 › reanalyze retained PCAP with current reviewed filter, no capture settings or expiry reset; invalid analysis retains download (527ms)
  ✓   5 tests/browser/capture.spec.ts:23:1 › cancel reanalysis preserves original result and ignores late response; expiry hides download (1.1s)
  -   6 tests/browser/integrated-live.spec.ts:2:1 › supported Phase5 workflow: declarations, observations, per-node logs, capture/reanalysis, disconnect and recovery
  ✓   7 tests/browser/log-workflow.spec.ts:5:1 › tail and literal filter are local, bounded, safe and distinguish no matches from empty source (536ms)
  ✓   8 tests/browser/log-workflow.spec.ts:9:1 › clear cancels pending follow and refuses late output; unsupported errors stop follow and manual retry recovers (1.3s)
  ✓   9 tests/browser/log-workflow.spec.ts:13:1 › expired session removes log binding and requires enrollment reconnect (323ms)
  ✓  10 tests/browser/log-workflow.spec.ts:16:1 › timeout rejects even a transport that resolves after abort and stops following (330ms)
  ✓  11 tests/browser/navigation.spec.ts:9:1 › disconnect refuses late configuration and snapshot replies, clears observations and log bindings (1.8s)
  ✓  12 tests/browser/navigation.spec.ts:18:1 › replacement conflict invalidates selection and runtime; repeated evidence cannot masquerade as recovery (443ms)
  ✓  13 tests/browser/navigation.spec.ts:26:1 › switching to a different recorded shape clears runtime and selections (281ms)
  ✓  14 tests/browser/navigation.spec.ts:32:1 › native load checks approved source identity and keeps recorded evidence explicit on refusal (330ms)
  ✓  15 tests/browser/node-logs.spec.ts:3:1 › logs load and follow safely; errors clear output, selection cancels and isolates, recovery works (1.6s)
  ✓  16 tests/browser/workbench.spec.ts:4:1 › lab chooser first; exact handles, synchronized table selection, search and safe offline runtime (364ms)
  ✓  17 tests/browser/workbench.spec.ts:5:1 › matched replay overlay refresh/failure/cancel/recovery preserves selection; stale and identity mismatch explicit (1.4s)
  ✓  18 tests/browser/workbench.spec.ts:9:1 › keyboard selection, recorded disclosure, reduced-motion mobile reflow and local layout persistence (218ms)
  ✓  19 tests/browser/workbench.spec.ts:10:1 › selected link capture drafts are occurrence-scoped, inert and include Lua settings (523ms)
  ✓  20 tests/browser/workbench.spec.ts:18:1 › node log and serial views preserve unknown capability and do not imply runtime access (342ms)

  1 skipped
  19 passed (14.2s)
