
> containerlab-synthetic-preview@0.1.0 test
> node --test tests/contract.test.ts tests/native.test.ts tests/declared.test.ts tests/live.test.ts tests/observation.test.ts tests/interfaces.test.ts tests/link-state.test.ts tests/profile.test.ts tests/multi.test.ts tests/capacity.test.ts tests/session-migration.test.ts tests/observation-cleanup.test.ts tests/four-radio.test.ts tests/workbench.test.ts tests/node-logs.test.ts tests/capture.test.ts tests/reviewed-lua.test.ts tests/reanalysis.test.ts

✔ capacity profiles use0.6, exact32 occurrence maximum survives strict projection (22.975375ms)
✔ capacity maximum partial failure keeps every occurrence and unaffected native evidence (4.091584ms)
✔ capacity version/domain and one-over bounds reject without changing historical profile (5.416083ms)
✔ recorded previous SRL and Linux observations remain accepted, not newly runtime-qualified (3.318333ms)
✔ capture request bounds and path/command separation (2.143333ms)
✔ capture target resolves only frozen Linux endpoint identity (0.303ms)
✔ capture metadata rejects oversized artifacts and unreviewed packet fields (4.520709ms)
✔ capture HTTP rejects cross-origin and path/size input before any native operation (24.230041ms)
✔ independent expected files retain their published hashes (0.95925ms)
✔ F1 retains independent node, link occurrence and alias expectations (not native execution) (4.095917ms)
✔ F2 is diagnostic-only, with no raw source or synthetic secret in browser fixture (0.162166ms)
✔ F3 missing input never produces invented nodes (0.124542ms)
✔ F4 external roles remain distinct and explicitly unresolved (0.213584ms)
✔ F5 duplicate declarations survive as two occurrence identities with rejection (0.169083ms)
✔ unknown fields at every boundary are rejected, never stripped silently (1.819208ms)
✔ IDs are unique and revision-scoped; all references must resolve (12.947875ms)
✔ redacted/unavailable values cannot carry data; unknowns require reasons (0.635375ms)
✔ F6 text/node/response bounds reject rather than truncate graph data (1.80175ms)
✔ operational capabilities and foreign session fields are rejected, not authenticated (1.080625ms)
✔ safe errors do not echo malformed data, native diagnostics or secrets (0.142625ms)
✔ same immutable synthetic revision has stable IDs and output (0.199833ms)
✔ 63 declaration fixtures and all pinned source/evidence hashes verify (19.318209ms)
✔ independent declaration object/dependency expectations remain intact (0.897458ms)
✔ specific reviewed errors identify template/schema rejection without raw native errors (0.191083ms)
✔ contract rejects disclosure, forged resolution, invalid references, duplicate IDs and budgets (3.936291ms)
✔ adapter omits hostile raw dependency strings and unreviewed configuration (6.098083ms)
✔ display text stays text in schema, with bounds rather than HTML interpretation (0.161333ms)
✔ four-radio independent exact declarations and preserved approved companion hashes (1.349042ms)
✔ explicit deployment accepts native names without qualification label; rejects wrong lab, duplicates, unsafe names and unknown fields (1.848ms)
✔ recorded SR Linux25.10.1 has fourteen distinct exact enrolled endpoint associations (13.852041ms)
✔ four-radio new session required; expired, wrong source and substituted container fail closed before transport (2.207667ms)
✔ interface association retains native operational state but never infers admin, carrier or continuity (15.764833ms)
✔ changed namespace, index or MAC cannot inherit old interface observation (0.360959ms)
✔ complete absence, partial failure, stopped namespace and container absence remain distinct (0.284084ms)
✔ duplicates, foreign IDs, unknown fields and invented health fail closed (2.0375ms)
✔ Linux flags are separate from native operstate and never prove peer or continuity (17.187125ms)
✔ partial Linux failure preserves native evidence and the other endpoint (1.011709ms)
✔ changed enrolled attributes withhold even successful supplemental facts (0.704209ms)
✔ exact tuple reuse cannot upgrade continuity (0.879291ms)
✔ invented carrier, peer, source, raw fields or unassociated state are rejected (1.433791ms)
✔ live contract separates executed provenance and stable bundle IDs from recorded evidence (23.409208ms)
✔ worker provenance, cleanup, output and error disclosure fail closed (0.409833ms)
✔ reviewed dependency assessments are bounded bundle membership, never resolution (1.796917ms)
✔ independent parallel occurrences and disconnected node retain exact native facts (21.92375ms)
✔ partial node inspection, ambiguity, alias loss and literal absence preserve other occurrences (2.205458ms)
✔ full identity replacement rejects; namespace/interface changes and partial enrollment never adopt (1.649291ms)
✔ unsupported kinds and external roles remain explicit without invented observations (0.888166ms)
✔ strict disclosure, reference, bounds and unknown identity/state claims fail closed (2.270208ms)
✔ maximum bounded enrollment accepted; one over each collection rejected (1.112292ms)
✔ 58 recorded fixtures validate; source hashes and evidence pin match retained bytes (10.482208ms)
✔ native F1 matches independent kinds, counts and alias; source tokens are not invented (0.545792ms)
✔ native F4 roles survive endpoint ordering and F5 preserves accepted duplicate occurrences (0.251167ms)
✔ F7 independent single-ended requirement never invents a peer (4.821ms)
✔ rejections remain diagnostic-only and original/context identities stay separate (0.266125ms)
✔ native DTO rejects unknown fields, bad references, invented origins and capabilities (2.644375ms)
✔ projection ignores unreviewed native attributes and fails closed on unsupported arity (1.527375ms)
✔ projection treats native display strings as text and does not turn them into IDs or URLs (0.370916ms)
✔ log contract allows text markup but rejects control escapes, byte overflow and unknown fields (2.304375ms)
✔ log target requires explicit qualification, enrolled deployment, node ID and supported bound container (0.211208ms)
✔ transport enforces malformed/output/timeout/cancellation boundaries with a local fake executable (9177.691459ms)
✔ local tail then literal filter preserves bounds and does not interpret regex or markup (0.65475ms)
✔ cancel and shutdown reap owned transport process groups before resolving (129.958958ms)
✔ observations associate full resource IDs and expose only approved fields (8.049875ms)
✔ same-name replacement, duplicate, foreign lab, wrong purpose or kind cannot associate (0.20825ms)
✔ only successful empty inspection establishes absence; failed or malformed output does not (0.543ms)
✔ observation schema rejects duplicate identities, arbitrary state and forged link health (0.32975ms)
✔ executed trial declarations retain the independent two-node and endpoint expectations (2.621875ms)
✔ SRL alias is native evidence separate from declaration and actual interface (12.344708ms)
✔ no guessed alias or substitute Linux kind (0.1955ms)
✔ changed name, index or namespace remains unresolved (0.380958ms)
✔ missing alias does not prove interface deletion and leaves peer visible (0.207875ms)
✔ profile DTO rejects arbitrary kinds, aliases, properties, peers and conflicting identities (2.046958ms)
✔ reanalysis accepts artifact references only, separate job identity and reviewed options (1.556459ms)
✔ managed reanalysis uses unchanged bytes/TTL; refuses mismatch, expiry, malformed/oversized output, cancellation and capability changes (21063.082792ms)
✔ reviewed Lua accepts exact ID; paths, unknown IDs and arguments rejected (1.847708ms)
✔ reviewed Lua inventory hash and field disclosure agree with checked-in reviewed source (0.598708ms)
✔ reviewed result cannot substitute script or hash and old capture/0.1 remains readable (1.878334ms)
✔ fresh manifest validates graph binding; old and tampered manifests rejected before any runtime call (8.088125ms)
✔ unchanged actual0.5 and0.6 recordings remain strict historical reads (10.6955ms)
✔ original0.1–0.4 recorded observations retain strict original meanings (5.546375ms)
✔ every native endpoint attaches to its exact port handle without changing input (5.661583ms)
✔ renamed and differently sized inventories share generic enrollment and observation rules (11.755708ms)
✔ single-ended, dangling and disconnected occurrences remain explicit presentation objects (0.35025ms)
✔ current session checks general deployment binding before transport; historical sessions cannot activate (6.696958ms)
✔ unsupported kinds stay explicit and general collection ceilings remain enforced (0.930958ms)
ℹ tests 85
ℹ suites 0
ℹ pass 85
ℹ fail 0
ℹ cancelled 0
ℹ skipped 0
ℹ todo 0
ℹ duration_ms 21248.301959
