time="2026-09-26T09:48:39-04:00" level=info msg="Terminal is not available, proceeding without opening an editor"
time="2026-09-26T09:48:40-04:00" level=info msg="Starting the instance `clab-serial-20260926-134839-exp035` with internal VM driver `vz`"
time="2026-09-26T09:48:40-04:00" level=info msg="Attempting to download the image" arch=aarch64 digest="sha256:7df0201546f75b8bcc1044594c806c35749421ad3c9bc1be2a3ab806cfae39cc" location="https://cloud-images.ubuntu.com/releases/noble/release-20260705/ubuntu-24.04-server-cloudimg-arm64.img"
time="2026-09-26T09:48:40-04:00" level=info msg="Using cache `/Users/rklinkhammer/Library/Caches/lima/download/by-url-sha256/a86fcad92c34622c13997952c2e003f9ccca1cf26abb4ad626c3e04f268f4dfb/imgconv/raw`"
time="2026-09-26T09:48:40-04:00" level=info msg="Resize instance clab-serial-20260926-134839-exp035's disk from 3.5GiB to 12GiB"
time="2026-09-26T09:48:40-04:00" level=info msg="[hostagent] TCP (except for SSH) and UDP port forwarding is disabled"
time="2026-09-26T09:48:40-04:00" level=info msg="[hostagent] hostagent socket created at /Users/rklinkhammer/.lima/clab-serial-20260926-134839-exp035/ha.sock"
time="2026-09-26T09:48:40-04:00" level=info msg="[hostagent] Starting VZ (hint: to watch the boot progress, see `/Users/rklinkhammer/.lima/clab-serial-20260926-134839-exp035/serial*.log`)"
time="2026-09-26T09:48:40-04:00" level=info msg="[hostagent] [VZ] - vm state change: running"
time="2026-09-26T09:48:47-04:00" level=info msg="[hostagent] SSH server does not seem to be running on vsock port, using usernet forwarder"
time="2026-09-26T09:48:47-04:00" level=info msg="SSH Local Port: 54389"
time="2026-09-26T09:48:47-04:00" level=info msg="[hostagent] Waiting for the essential requirement 1 of 3: `ssh`"
time="2026-09-26T09:48:48-04:00" level=info msg="[hostagent] The essential requirement 1 of 3 is satisfied"
time="2026-09-26T09:48:48-04:00" level=info msg="[hostagent] Waiting for the essential requirement 2 of 3: `user session is ready for ssh`"
time="2026-09-26T09:50:48-04:00" level=info msg="[hostagent] The essential requirement 2 of 3 is satisfied"
time="2026-09-26T09:50:48-04:00" level=info msg="[hostagent] Waiting for the essential requirement 3 of 3: `Explicitly start ssh ControlMaster`"
time="2026-09-26T09:52:48-04:00" level=info msg="[hostagent] The essential requirement 3 of 3 is satisfied"
time="2026-09-26T09:52:48-04:00" level=info msg="[hostagent] Waiting for the guest agent to be running"
time="2026-09-26T09:52:48-04:00" level=info msg="[hostagent] Guest agent is running"
time="2026-09-26T09:52:48-04:00" level=info msg="[hostagent] Waiting for the final requirement 1 of 1: `boot scripts must have finished`"
time="2026-09-26T09:52:48-04:00" level=info msg="[hostagent] Time sync: guest agent is alive, starting time synchronization"
time="2026-09-26T09:52:48-04:00" level=info msg="[hostagent] The final requirement 1 of 1 is satisfied"
time="2026-09-26T09:52:48-04:00" level=info msg="READY. Run `limactl shell clab-serial-20260926-134839-exp035` to open the shell."
