[WebServer] (node:35237) Warning: The 'NO_COLOR' env is ignored due to the 'FORCE_COLOR' env being set.
[WebServer] (Use `node --trace-warnings ...` to show where the warning was created)

Running 9 tests using 1 worker

(node:35238) Warning: The 'NO_COLOR' env is ignored due to the 'FORCE_COLOR' env being set.
(Use `node --trace-warnings ...` to show where the warning was created)
  ✓  1 tests/browser/navigation.spec.ts:9:1 › disconnect refuses late configuration and snapshot replies, clears observations and log bindings (1.8s)
  ✓  2 tests/browser/navigation.spec.ts:18:1 › replacement conflict invalidates selection and runtime; repeated evidence cannot masquerade as recovery (443ms)
  ✘  3 tests/browser/navigation.spec.ts:26:1 › switching to a different recorded shape clears runtime and selections (266ms)
(node:35260) Warning: The 'NO_COLOR' env is ignored due to the 'FORCE_COLOR' env being set.
(Use `node --trace-warnings ...` to show where the warning was created)
  ✓  4 tests/browser/node-logs.spec.ts:3:1 › logs load and follow safely; errors clear output, selection cancels and isolates, recovery works (1.5s)
  ✓  5 tests/browser/workbench.spec.ts:4:1 › lab chooser first; exact handles, synchronized table selection, search and safe offline runtime (354ms)
  ✓  6 tests/browser/workbench.spec.ts:5:1 › matched replay overlay refresh/failure/cancel/recovery preserves selection; stale and identity mismatch explicit (1.3s)
  ✓  7 tests/browser/workbench.spec.ts:9:1 › keyboard selection, recorded disclosure, reduced-motion mobile reflow and local layout persistence (221ms)
  ✓  8 tests/browser/workbench.spec.ts:10:1 › selected link capture drafts are occurrence-scoped, inert and include Lua settings (537ms)
  ✓  9 tests/browser/workbench.spec.ts:18:1 › node log and serial views preserve unknown capability and do not imply runtime access (328ms)


  1) tests/browser/navigation.spec.ts:26:1 › switching to a different recorded shape clears runtime and selections 

    Error: expect(received).toBeTruthy()

    Received: undefined

      27 |  await page.route('**/api/observation/config',r=>r.fulfill({json:{graph:g,deploymentId:binding.deploymentId}}));await open(page);await page.getByRole('button',{name:'Connect enrolled runtime'}).click();
      28 |  const options=await page.getByLabel('Approved lab',{exact:true}).locator('option').evaluateAll(os=>os.map(o=>(o as HTMLOptionElement).value));
    > 29 |  const recordings=JSON.parse(readFileSync('apps/web/src/generated/workbench-recordings.json','utf8'));const other=recordings.find((r:any)=>r.id!==g.provenance.bundleId&&r.graph.nodes.length!==g.nodes.length&&options.includes(r.id));expect(other).toBeTruthy();
         |                                                                                                                                                                                                                                                       ^
      30 |  await page.getByLabel('Approved lab',{exact:true}).selectOption(other.id);await page.getByRole('button',{name:'Open recorded topology',exact:true}).click();await expect(page.locator('.wb-device.chosen')).toHaveCount(0);await expect(page.getByRole('button',{name:'Refresh',exact:true})).toBeDisabled();await expect(page.locator('.wb-count')).toContainText(`${other.graph.nodes.length} nodes`);
      31 | });
      32 |
        at /Users/rklinkhammer/workspace/containerlab-workspace/tests/browser/navigation.spec.ts:29:247

    Error Context: test-results/navigation-switching-to-a--7e3a1-ears-runtime-and-selections/error-context.md

  1 failed
    tests/browser/navigation.spec.ts:26:1 › switching to a different recorded shape clears runtime and selections 
  8 passed (8.4s)
