
> containerlab-synthetic-preview@0.1.0 test
> node --test tests/contract.test.ts tests/native.test.ts tests/declared.test.ts tests/live.test.ts tests/observation.test.ts tests/interfaces.test.ts tests/link-state.test.ts tests/profile.test.ts tests/multi.test.ts tests/capacity.test.ts tests/session-migration.test.ts tests/observation-cleanup.test.ts tests/four-radio.test.ts tests/workbench.test.ts tests/node-logs.test.ts

✔ capacity profiles use0.6, exact32 occurrence maximum survives strict projection (31.949417ms)
✔ capacity maximum partial failure keeps every occurrence and unaffected native evidence (1.790166ms)
✔ capacity version/domain and one-over bounds reject without changing historical profile (3.227875ms)
✔ recorded previous SRL and Linux observations remain accepted, not newly runtime-qualified (6.440542ms)
✔ independent expected files retain their published hashes (1.265833ms)
✔ F1 retains independent node, link occurrence and alias expectations (not native execution) (10.429167ms)
✔ F2 is diagnostic-only, with no raw source or synthetic secret in browser fixture (0.186875ms)
✔ F3 missing input never produces invented nodes (0.161833ms)
✔ F4 external roles remain distinct and explicitly unresolved (0.265375ms)
✔ F5 duplicate declarations survive as two occurrence identities with rejection (0.211667ms)
✔ unknown fields at every boundary are rejected, never stripped silently (2.064875ms)
✔ IDs are unique and revision-scoped; all references must resolve (2.545917ms)
✔ redacted/unavailable values cannot carry data; unknowns require reasons (1.05725ms)
✔ F6 text/node/response bounds reject rather than truncate graph data (2.333083ms)
✔ operational capabilities and foreign session fields are rejected, not authenticated (0.711042ms)
✔ safe errors do not echo malformed data, native diagnostics or secrets (0.165167ms)
✔ same immutable synthetic revision has stable IDs and output (0.203583ms)
✔ 63 declaration fixtures and all pinned source/evidence hashes verify (20.725334ms)
✔ independent declaration object/dependency expectations remain intact (0.987875ms)
✔ specific reviewed errors identify template/schema rejection without raw native errors (0.184042ms)
✔ contract rejects disclosure, forged resolution, invalid references, duplicate IDs and budgets (3.767667ms)
✔ adapter omits hostile raw dependency strings and unreviewed configuration (6.177417ms)
✔ display text stays text in schema, with bounds rather than HTML interpretation (0.159625ms)
✔ four-radio independent exact declarations and preserved approved companion hashes (1.260042ms)
✔ explicit deployment accepts native names without qualification label; rejects wrong lab, duplicates, unsafe names and unknown fields (1.91875ms)
✔ recorded SR Linux25.10.1 has fourteen distinct exact enrolled endpoint associations (7.721ms)
✔ four-radio new session required; expired, wrong source and substituted container fail closed before transport (2.0775ms)
✔ interface association retains native operational state but never infers admin, carrier or continuity (15.019667ms)
✔ changed namespace, index or MAC cannot inherit old interface observation (0.403084ms)
✔ complete absence, partial failure, stopped namespace and container absence remain distinct (0.299291ms)
✔ duplicates, foreign IDs, unknown fields and invented health fail closed (2.809334ms)
✔ Linux flags are separate from native operstate and never prove peer or continuity (13.165417ms)
✔ partial Linux failure preserves native evidence and the other endpoint (2.297625ms)
✔ changed enrolled attributes withhold even successful supplemental facts (0.314709ms)
✔ exact tuple reuse cannot upgrade continuity (0.3335ms)
✔ invented carrier, peer, source, raw fields or unassociated state are rejected (0.957292ms)
✔ live contract separates executed provenance and stable bundle IDs from recorded evidence (11.485375ms)
✔ worker provenance, cleanup, output and error disclosure fail closed (0.406584ms)
✔ reviewed dependency assessments are bounded bundle membership, never resolution (1.67125ms)
✔ independent parallel occurrences and disconnected node retain exact native facts (15.937917ms)
✔ partial node inspection, ambiguity, alias loss and literal absence preserve other occurrences (3.128917ms)
✔ full identity replacement rejects; namespace/interface changes and partial enrollment never adopt (1.935208ms)
✔ unsupported kinds and external roles remain explicit without invented observations (0.901958ms)
✔ strict disclosure, reference, bounds and unknown identity/state claims fail closed (3.206667ms)
✔ maximum bounded enrollment accepted; one over each collection rejected (1.000584ms)
✔ 58 recorded fixtures validate; source hashes and evidence pin match retained bytes (9.643792ms)
✔ native F1 matches independent kinds, counts and alias; source tokens are not invented (0.563417ms)
✔ native F4 roles survive endpoint ordering and F5 preserves accepted duplicate occurrences (0.23825ms)
✔ F7 independent single-ended requirement never invents a peer (1.033333ms)
✔ rejections remain diagnostic-only and original/context identities stay separate (0.196542ms)
✔ native DTO rejects unknown fields, bad references, invented origins and capabilities (2.499458ms)
✔ projection ignores unreviewed native attributes and fails closed on unsupported arity (1.333ms)
✔ projection treats native display strings as text and does not turn them into IDs or URLs (0.352ms)
✔ log contract allows text markup but rejects control escapes, byte overflow and unknown fields (2.181291ms)
✔ log target requires explicit qualification, enrolled deployment, node ID and supported bound container (0.203ms)
✔ transport enforces malformed/output/timeout/cancellation boundaries with a local fake executable (9195.569375ms)
✔ cancel and shutdown reap owned transport process groups before resolving (152.36875ms)
✔ observations associate full resource IDs and expose only approved fields (3.173167ms)
✔ same-name replacement, duplicate, foreign lab, wrong purpose or kind cannot associate (0.202708ms)
✔ only successful empty inspection establishes absence; failed or malformed output does not (0.53975ms)
✔ observation schema rejects duplicate identities, arbitrary state and forged link health (0.323583ms)
✔ executed trial declarations retain the independent two-node and endpoint expectations (3.045875ms)
✔ SRL alias is native evidence separate from declaration and actual interface (5.824458ms)
✔ no guessed alias or substitute Linux kind (0.212209ms)
✔ changed name, index or namespace remains unresolved (0.371458ms)
✔ missing alias does not prove interface deletion and leaves peer visible (0.196ms)
✔ profile DTO rejects arbitrary kinds, aliases, properties, peers and conflicting identities (0.814209ms)
✔ fresh manifest validates graph binding; old and tampered manifests rejected before any runtime call (9.65525ms)
✔ unchanged actual0.5 and0.6 recordings remain strict historical reads (13.988792ms)
✔ original0.1–0.4 recorded observations retain strict original meanings (4.338ms)
✔ every native endpoint attaches to its exact port handle without changing input (6.094417ms)
✔ renamed and differently sized inventories share generic enrollment and observation rules (19.235416ms)
✔ single-ended, dangling and disconnected occurrences remain explicit presentation objects (0.401416ms)
✔ current session checks general deployment binding before transport; historical sessions cannot activate (6.998583ms)
✔ unsupported kinds stay explicit and general collection ceilings remain enforced (1.0335ms)
ℹ tests 75
ℹ suites 0
ℹ pass 75
ℹ fail 0
ℹ cancelled 0
ℹ skipped 0
ℹ todo 0
ℹ duration_ms 9382.188667
