
> containerlab-synthetic-preview@0.1.0 test:browser
> playwright test

[WebServer] (node:93429) Warning: The 'NO_COLOR' env is ignored due to the 'FORCE_COLOR' env being set.
[WebServer] (Use `node --trace-warnings ...` to show where the warning was created)

Running 24 tests using 1 worker

(node:93430) Warning: The 'NO_COLOR' env is ignored due to the 'FORCE_COLOR' env being set.
(Use `node --trace-warnings ...` to show where the warning was created)
  ✓   1 tests/browser/declared.spec.ts:2:1 › declared missing-bind topology renders with explicit unresolved dependencies (275ms)
  ✓   2 tests/browser/declared.spec.ts:13:1 › declarations preserve single-ended, dangling, parallel and external occurrences (209ms)
  ✓   3 tests/browser/declared.spec.ts:24:1 › specific errors and keyboard navigation work at narrow width (195ms)
  ✓   4 tests/browser/declared.spec.ts:36:1 › declared labels render hostile text without creating HTML or requests (138ms)
  ✓   5 tests/browser/interfaces.spec.ts:2:1 › actual endpoint inspector follows native operational down/up without claiming link health (3.5s)
  ✘   6 tests/browser/observation.spec.ts:4:1 › actual runtime inspection retains declaration selection across stop and recovery (5.3s)
(node:93627) Warning: The 'NO_COLOR' env is ignored due to the 'FORCE_COLOR' env being set.
(Use `node --trace-warnings ...` to show where the warning was created)
  ✓   7 tests/browser/observation.spec.ts:22:1 › polling, failure, stale data, cancellation and recovery (transport control) (20.0s)
  ✓   8 tests/browser/observation.spec.ts:32:1 › observation routes expose no mutation and reject foreign browser origin (28ms)
  -   9 tests/browser/on-demand.spec.ts:2:1 › on-demand view clearly reports an unavailable worker without a session
  ✓  10 tests/browser/on-demand.spec.ts:7:1 › actual native load renders declarations and live bundle provenance (769ms)
  ✓  11 tests/browser/on-demand.spec.ts:17:1 › actual native schema and missing-template errors remain specific (631ms)
  ✓  12 tests/browser/on-demand.spec.ts:23:1 › local API rejects arbitrary bundle/path payloads and cross-origin execution (4ms)
  ✓  13 tests/browser/on-demand.spec.ts:30:1 › UI cancellation discards stale responses (transport mock) (268ms)
  ✓  14 tests/browser/on-demand.spec.ts:37:1 › expanded approved cases expose native objects and scoped dependency evidence (3.2s)
  ✓  15 tests/browser/preview.spec.ts:2:1 › F1 graph, parallel occurrences and keyboard-accessible inspectors (314ms)
  ✓  16 tests/browser/preview.spec.ts:16:1 › special endpoints preserve roles; duplicate occurrences remain rejected (236ms)
  ✓  17 tests/browser/preview.spec.ts:21:1 › rejection and missing-input views never fabricate graph nodes (184ms)
  ✓  18 tests/browser/preview.spec.ts:25:1 › hostile display text stays inert; CSP blocks inline scripts and network (188ms)
  ✓  19 tests/browser/preview.spec.ts:36:1 › bounded long text has explicit truncation; over-limit graph rejected (209ms)
  ✓  20 tests/browser/preview.spec.ts:41:1 › loopback static server denies mutation, source files and traversal (6ms)
  ✓  21 tests/browser/preview.spec.ts:45:1 › narrow viewport exposes object list and inspector without page overflow (221ms)
  ✓  22 tests/browser/preview.spec.ts:51:1 › recorded native single-ended link has no fabricated peer and keyboard inspector (219ms)
  ✓  23 tests/browser/preview.spec.ts:59:1 › native preview preserves parallel links, aliases, source roles and rejected inputs (206ms)
  ✓  24 tests/browser/preview.spec.ts:67:1 › recorded native evidence remains readable at narrow width (226ms)


  1) tests/browser/observation.spec.ts:4:1 › actual runtime inspection retains declaration selection across stop and recovery 

    Error: expect(locator).toContainText(expected) failed

    Locator: getByRole('region', { name: 'Runtime snapshot' })
    Expected substring: "left: running"
    Timeout: 5000ms
    Error: element(s) not found

    Call log:
      - Expect "toContainText" getByRole('region', { name: 'Runtime snapshot' }) with timeout 5000ms
      - waiting for getByRole('region', { name: 'Runtime snapshot' })


      10 |  const refresh=page.getByRole('button',{name:'Refresh runtime',exact:true});await expect(refresh).toBeEnabled();
      11 |  await page.getByRole('button',{name:'left linux',exact:true}).click();await refresh.click();
    > 12 |  const snapshot=page.getByRole('region',{name:'Runtime snapshot'});await expect(snapshot).toContainText('left: running');await expect(snapshot).toContainText('right: running');
         |                                                                                           ^
      13 |  await expect(page.getByRole('button',{name:'left linux',exact:true})).toHaveAttribute('aria-pressed','true');
      14 |  try{guest('docker','stop','--time','1',left);await page.waitForTimeout(1100);await refresh.click();await expect(snapshot).toContainText('left: exited');await expect(snapshot).toContainText('right: running');}
      15 |  finally{guest('docker','start',left);}
        at /Users/rklinkhammer/workspace/containerlab-workspace/tests/browser/observation.spec.ts:12:91

    Error Context: test-results/observation-actual-runtime-2f7b4-on-across-stop-and-recovery/error-context.md

  1 failed
    tests/browser/observation.spec.ts:4:1 › actual runtime inspection retains declaration selection across stop and recovery 
  1 skipped
  22 passed (37.7s)
