
> containerlab-synthetic-preview@0.1.0 test
> node --test tests/contract.test.ts tests/native.test.ts tests/declared.test.ts tests/live.test.ts tests/observation.test.ts tests/interfaces.test.ts

✔ independent expected files retain their published hashes (0.947125ms)
✔ F1 retains independent node, link occurrence and alias expectations (not native execution) (4.087709ms)
✔ F2 is diagnostic-only, with no raw source or synthetic secret in browser fixture (0.184417ms)
✔ F3 missing input never produces invented nodes (0.144042ms)
✔ F4 external roles remain distinct and explicitly unresolved (0.218834ms)
✔ F5 duplicate declarations survive as two occurrence identities with rejection (0.183917ms)
✔ unknown fields at every boundary are rejected, never stripped silently (1.702625ms)
✔ IDs are unique and revision-scoped; all references must resolve (1.648708ms)
✔ redacted/unavailable values cannot carry data; unknowns require reasons (0.519ms)
✔ F6 text/node/response bounds reject rather than truncate graph data (1.608167ms)
✔ operational capabilities and foreign session fields are rejected, not authenticated (1.091333ms)
✔ safe errors do not echo malformed data, native diagnostics or secrets (0.172709ms)
✔ same immutable synthetic revision has stable IDs and output (0.202542ms)
✔ 63 declaration fixtures and all pinned source/evidence hashes verify (10.014167ms)
✔ independent declaration object/dependency expectations remain intact (1.043291ms)
✔ specific reviewed errors identify template/schema rejection without raw native errors (0.218ms)
✔ contract rejects disclosure, forged resolution, invalid references, duplicate IDs and budgets (3.81575ms)
✔ adapter omits hostile raw dependency strings and unreviewed configuration (5.723167ms)
✔ display text stays text in schema, with bounds rather than HTML interpretation (0.145542ms)
✔ interface association retains native operational state but never infers admin, carrier or continuity (3.84175ms)
✔ changed namespace, index or MAC cannot inherit old interface observation (0.4765ms)
✔ complete absence, partial failure, stopped namespace and container absence remain distinct (0.301709ms)
✔ duplicates, foreign IDs, unknown fields and invented health fail closed (0.90275ms)
✔ live contract separates executed provenance and stable bundle IDs from recorded evidence (11.827334ms)
✔ worker provenance, cleanup, output and error disclosure fail closed (0.396292ms)
✔ reviewed dependency assessments are bounded bundle membership, never resolution (1.433ms)
✔ 58 recorded fixtures validate; source hashes and evidence pin match retained bytes (8.209916ms)
✔ native F1 matches independent kinds, counts and alias; source tokens are not invented (0.551917ms)
✔ native F4 roles survive endpoint ordering and F5 preserves accepted duplicate occurrences (0.345458ms)
✔ F7 independent single-ended requirement never invents a peer (1.329375ms)
✔ rejections remain diagnostic-only and original/context identities stay separate (0.231958ms)
✔ native DTO rejects unknown fields, bad references, invented origins and capabilities (2.744417ms)
✔ projection ignores unreviewed native attributes and fails closed on unsupported arity (1.70575ms)
✔ projection treats native display strings as text and does not turn them into IDs or URLs (0.380959ms)
✔ observations associate full resource IDs and expose only approved fields (3.139375ms)
✔ same-name replacement, duplicate, foreign lab, wrong purpose or kind cannot associate (0.213875ms)
✔ only successful empty inspection establishes absence; failed or malformed output does not (0.542042ms)
✔ observation schema rejects duplicate identities, arbitrary state and forged link health (0.341875ms)
✔ executed trial declarations retain the independent two-node and endpoint expectations (8.265625ms)
ℹ tests 39
ℹ suites 0
ℹ pass 39
ℹ fail 0
ℹ cancelled 0
ℹ skipped 0
ℹ todo 0
ℹ duration_ms 134.294584
