
> containerlab-synthetic-preview@0.1.0 test
> node --test tests/contract.test.ts tests/native.test.ts tests/declared.test.ts tests/live.test.ts tests/observation.test.ts tests/interfaces.test.ts

✔ independent expected files retain their published hashes (1.011125ms)
✔ F1 retains independent node, link occurrence and alias expectations (not native execution) (3.988084ms)
✔ F2 is diagnostic-only, with no raw source or synthetic secret in browser fixture (0.188666ms)
✔ F3 missing input never produces invented nodes (0.144583ms)
✔ F4 external roles remain distinct and explicitly unresolved (0.237042ms)
✔ F5 duplicate declarations survive as two occurrence identities with rejection (0.279334ms)
✔ unknown fields at every boundary are rejected, never stripped silently (1.855459ms)
✔ IDs are unique and revision-scoped; all references must resolve (1.942375ms)
✔ redacted/unavailable values cannot carry data; unknowns require reasons (0.604125ms)
✔ F6 text/node/response bounds reject rather than truncate graph data (1.545416ms)
✔ operational capabilities and foreign session fields are rejected, not authenticated (1.059875ms)
✔ safe errors do not echo malformed data, native diagnostics or secrets (0.176708ms)
✔ same immutable synthetic revision has stable IDs and output (0.183417ms)
✔ 63 declaration fixtures and all pinned source/evidence hashes verify (9.22075ms)
✔ independent declaration object/dependency expectations remain intact (1.05925ms)
✔ specific reviewed errors identify template/schema rejection without raw native errors (0.216291ms)
✔ contract rejects disclosure, forged resolution, invalid references, duplicate IDs and budgets (3.9355ms)
✔ adapter omits hostile raw dependency strings and unreviewed configuration (6.15575ms)
✔ display text stays text in schema, with bounds rather than HTML interpretation (0.179459ms)
✔ interface association retains native operational state but never infers admin, carrier or continuity (3.924458ms)
✔ changed namespace, index or MAC cannot inherit old interface observation (0.38125ms)
✔ complete absence, partial failure, stopped namespace and container absence remain distinct (0.304ms)
✔ duplicates, foreign IDs, unknown fields and invented health fail closed (0.78175ms)
✔ live contract separates executed provenance and stable bundle IDs from recorded evidence (11.331375ms)
✔ worker provenance, cleanup, output and error disclosure fail closed (0.401459ms)
✔ reviewed dependency assessments are bounded bundle membership, never resolution (1.400666ms)
✔ 58 recorded fixtures validate; source hashes and evidence pin match retained bytes (9.69275ms)
✔ native F1 matches independent kinds, counts and alias; source tokens are not invented (0.610208ms)
✔ native F4 roles survive endpoint ordering and F5 preserves accepted duplicate occurrences (0.317666ms)
✔ F7 independent single-ended requirement never invents a peer (1.014417ms)
✔ rejections remain diagnostic-only and original/context identities stay separate (0.168541ms)
✔ native DTO rejects unknown fields, bad references, invented origins and capabilities (2.429875ms)
✔ projection ignores unreviewed native attributes and fails closed on unsupported arity (1.356958ms)
✔ projection treats native display strings as text and does not turn them into IDs or URLs (0.333916ms)
✔ observations associate full resource IDs and expose only approved fields (2.815541ms)
✔ same-name replacement, duplicate, foreign lab, wrong purpose or kind cannot associate (0.200834ms)
✔ only successful empty inspection establishes absence; failed or malformed output does not (0.523917ms)
✔ observation schema rejects duplicate identities, arbitrary state and forged link health (0.33725ms)
✔ executed trial declarations retain the independent two-node and endpoint expectations (8.341625ms)
ℹ tests 39
ℹ suites 0
ℹ pass 39
ℹ fail 0
ℹ cancelled 0
ℹ skipped 0
ℹ todo 0
ℹ duration_ms 129.444458
