
> containerlab-synthetic-preview@0.1.0 test
> node --test tests/contract.test.ts tests/native.test.ts tests/declared.test.ts tests/live.test.ts tests/observation.test.ts tests/interfaces.test.ts tests/link-state.test.ts tests/profile.test.ts tests/multi.test.ts tests/capacity.test.ts tests/session-migration.test.ts tests/observation-cleanup.test.ts tests/four-radio.test.ts tests/workbench.test.ts tests/node-logs.test.ts tests/capture.test.ts tests/reviewed-lua.test.ts tests/reanalysis.test.ts

✔ capacity profiles use0.6, exact32 occurrence maximum survives strict projection (34.8585ms)
✔ capacity maximum partial failure keeps every occurrence and unaffected native evidence (2.296292ms)
✔ capacity version/domain and one-over bounds reject without changing historical profile (5.770916ms)
✔ recorded previous SRL and Linux observations remain accepted, not newly runtime-qualified (5.255ms)
✔ capture request bounds and path/command separation (0.955333ms)
✔ capture target resolves only frozen Linux endpoint identity (0.269417ms)
✔ capture metadata rejects oversized artifacts and unreviewed packet fields (55.025292ms)
✔ capture HTTP rejects cross-origin and path/size input before any native operation (42.52325ms)
✔ independent expected files retain their published hashes (0.968666ms)
✔ F1 retains independent node, link occurrence and alias expectations (not native execution) (32.413334ms)
✔ F2 is diagnostic-only, with no raw source or synthetic secret in browser fixture (0.172291ms)
✔ F3 missing input never produces invented nodes (0.143709ms)
✔ F4 external roles remain distinct and explicitly unresolved (0.22875ms)
✔ F5 duplicate declarations survive as two occurrence identities with rejection (0.184833ms)
✔ unknown fields at every boundary are rejected, never stripped silently (3.129834ms)
✔ IDs are unique and revision-scoped; all references must resolve (2.784708ms)
✔ redacted/unavailable values cannot carry data; unknowns require reasons (0.770208ms)
✔ F6 text/node/response bounds reject rather than truncate graph data (1.887167ms)
✔ operational capabilities and foreign session fields are rejected, not authenticated (1.229291ms)
✔ safe errors do not echo malformed data, native diagnostics or secrets (0.181791ms)
✔ same immutable synthetic revision has stable IDs and output (0.208917ms)
✔ 63 declaration fixtures and all pinned source/evidence hashes verify (32.271ms)
✔ independent declaration object/dependency expectations remain intact (1.058084ms)
✔ specific reviewed errors identify template/schema rejection without raw native errors (0.210667ms)
✔ contract rejects disclosure, forged resolution, invalid references, duplicate IDs and budgets (3.823166ms)
✔ adapter omits hostile raw dependency strings and unreviewed configuration (7.387958ms)
✔ display text stays text in schema, with bounds rather than HTML interpretation (0.230834ms)
✔ four-radio independent exact declarations and preserved approved companion hashes (2.913042ms)
✔ explicit deployment accepts native names without qualification label; rejects wrong lab, duplicates, unsafe names and unknown fields (2.019375ms)
✔ recorded SR Linux25.10.1 has fourteen distinct exact enrolled endpoint associations (29.254833ms)
✔ four-radio new session required; expired, wrong source and substituted container fail closed before transport (2.3495ms)
✔ interface association retains native operational state but never infers admin, carrier or continuity (13.571333ms)
✔ changed namespace, index or MAC cannot inherit old interface observation (0.413625ms)
✔ complete absence, partial failure, stopped namespace and container absence remain distinct (0.292958ms)
✔ duplicates, foreign IDs, unknown fields and invented health fail closed (2.444916ms)
✔ Linux flags are separate from native operstate and never prove peer or continuity (7.060125ms)
✔ partial Linux failure preserves native evidence and the other endpoint (1.145125ms)
✔ changed enrolled attributes withhold even successful supplemental facts (0.378ms)
✔ exact tuple reuse cannot upgrade continuity (0.429958ms)
✔ invented carrier, peer, source, raw fields or unassociated state are rejected (1.041834ms)
✔ live contract separates executed provenance and stable bundle IDs from recorded evidence (22.033167ms)
✔ worker provenance, cleanup, output and error disclosure fail closed (0.517416ms)
✔ reviewed dependency assessments are bounded bundle membership, never resolution (1.32275ms)
✔ independent parallel occurrences and disconnected node retain exact native facts (26.272042ms)
✔ partial node inspection, ambiguity, alias loss and literal absence preserve other occurrences (4.693542ms)
✔ full identity replacement rejects; namespace/interface changes and partial enrollment never adopt (1.832584ms)
✔ unsupported kinds and external roles remain explicit without invented observations (0.886291ms)
✔ strict disclosure, reference, bounds and unknown identity/state claims fail closed (2.13125ms)
✔ maximum bounded enrollment accepted; one over each collection rejected (0.978209ms)
✔ 58 recorded fixtures validate; source hashes and evidence pin match retained bytes (9.053625ms)
✔ native F1 matches independent kinds, counts and alias; source tokens are not invented (1.496333ms)
✔ native F4 roles survive endpoint ordering and F5 preserves accepted duplicate occurrences (0.444083ms)
✔ F7 independent single-ended requirement never invents a peer (1.114584ms)
✔ rejections remain diagnostic-only and original/context identities stay separate (0.204709ms)
✔ native DTO rejects unknown fields, bad references, invented origins and capabilities (2.526291ms)
✔ projection ignores unreviewed native attributes and fails closed on unsupported arity (1.423708ms)
✔ projection treats native display strings as text and does not turn them into IDs or URLs (0.344541ms)
✔ log contract allows text markup but rejects control escapes, byte overflow and unknown fields (2.166959ms)
✔ log target requires explicit qualification, enrolled deployment, node ID and supported bound container (0.199292ms)
✔ transport enforces malformed/output/timeout/cancellation boundaries with a local fake executable (9187.964708ms)
✔ local tail then literal filter preserves bounds and does not interpret regex or markup (0.402375ms)
✔ cancel and shutdown reap owned transport process groups before resolving (81.322541ms)
✔ observations associate full resource IDs and expose only approved fields (4.579375ms)
✔ same-name replacement, duplicate, foreign lab, wrong purpose or kind cannot associate (0.4545ms)
✔ only successful empty inspection establishes absence; failed or malformed output does not (1.278084ms)
✔ observation schema rejects duplicate identities, arbitrary state and forged link health (0.88925ms)
✔ executed trial declarations retain the independent two-node and endpoint expectations (3.200583ms)
✔ SRL alias is native evidence separate from declaration and actual interface (4.263417ms)
✔ no guessed alias or substitute Linux kind (0.200333ms)
✔ changed name, index or namespace remains unresolved (0.384042ms)
✔ missing alias does not prove interface deletion and leaves peer visible (0.206667ms)
✔ profile DTO rejects arbitrary kinds, aliases, properties, peers and conflicting identities (0.804792ms)
✔ reanalysis accepts artifact references only, separate job identity and reviewed options (1.495833ms)
✔ managed reanalysis uses unchanged bytes/TTL; refuses mismatch, expiry, malformed/oversized output, cancellation and capability changes (21076.377541ms)
✔ reviewed Lua accepts exact ID; paths, unknown IDs and arguments rejected (1.818042ms)
✔ reviewed Lua inventory hash and field disclosure agree with checked-in reviewed source (0.676584ms)
✔ reviewed result cannot substitute script or hash and old capture/0.1 remains readable (1.910667ms)
✔ fresh manifest validates graph binding; old and tampered manifests rejected before any runtime call (9.005666ms)
✔ unchanged actual0.5 and0.6 recordings remain strict historical reads (11.349542ms)
✔ original0.1–0.4 recorded observations retain strict original meanings (4.207458ms)
✔ every native endpoint attaches to its exact port handle without changing input (5.625541ms)
✔ renamed and differently sized inventories share generic enrollment and observation rules (12.507666ms)
✔ single-ended, dangling and disconnected occurrences remain explicit presentation objects (0.396375ms)
✔ current session checks general deployment binding before transport; historical sessions cannot activate (6.967292ms)
✔ unsupported kinds stay explicit and general collection ceilings remain enforced (0.919917ms)
ℹ tests 85
ℹ suites 0
ℹ pass 85
ℹ fail 0
ℹ cancelled 0
ℹ skipped 0
ℹ todo 0
ℹ duration_ms 21306.227167
