time="2026-09-26T13:09:41-04:00" level=info msg="Using the existing instance `clab-app-3a2d71d640034b2d`"
time="2026-09-26T13:09:41-04:00" level=info msg="Starting the instance `clab-app-3a2d71d640034b2d` with internal VM driver `vz`"
time="2026-09-26T13:09:41-04:00" level=info msg="[hostagent] TCP (except for SSH) and UDP port forwarding is disabled"
time="2026-09-26T13:09:41-04:00" level=info msg="[hostagent] hostagent socket created at /Users/rklinkhammer/.lima/clab-app-3a2d71d640034b2d/ha.sock"
time="2026-09-26T13:09:41-04:00" level=info msg="[hostagent] Starting VZ (hint: to watch the boot progress, see `/Users/rklinkhammer/.lima/clab-app-3a2d71d640034b2d/serial*.log`)"
time="2026-09-26T13:09:41-04:00" level=info msg="[hostagent] [VZ] - vm state change: running"
time="2026-09-26T13:09:47-04:00" level=info msg="[hostagent] SSH server does not seem to be running on vsock port, using usernet forwarder"
time="2026-09-26T13:09:47-04:00" level=info msg="SSH Local Port: 57501"
time="2026-09-26T13:09:47-04:00" level=info msg="[hostagent] Waiting for the essential requirement 1 of 3: `ssh`"
time="2026-09-26T13:09:48-04:00" level=info msg="[hostagent] The essential requirement 1 of 3 is satisfied"
time="2026-09-26T13:09:48-04:00" level=info msg="[hostagent] Waiting for the essential requirement 2 of 3: `user session is ready for ssh`"
time="2026-09-26T13:09:48-04:00" level=info msg="[hostagent] The essential requirement 2 of 3 is satisfied"
time="2026-09-26T13:09:48-04:00" level=info msg="[hostagent] Waiting for the essential requirement 3 of 3: `Explicitly start ssh ControlMaster`"
time="2026-09-26T13:09:48-04:00" level=info msg="[hostagent] The essential requirement 3 of 3 is satisfied"
time="2026-09-26T13:09:48-04:00" level=info msg="[hostagent] Waiting for the guest agent to be running"
time="2026-09-26T13:09:48-04:00" level=info msg="[hostagent] Guest agent is running"
time="2026-09-26T13:09:48-04:00" level=info msg="[hostagent] Waiting for the final requirement 1 of 1: `boot scripts must have finished`"
time="2026-09-26T13:09:48-04:00" level=info msg="[hostagent] Time sync: guest agent is alive, starting time synchronization"
time="2026-09-26T13:09:51-04:00" level=info msg="[hostagent] The final requirement 1 of 1 is satisfied"
time="2026-09-26T13:09:51-04:00" level=info msg="READY. Run `limactl shell clab-app-3a2d71d640034b2d` to open the shell."
