
> containerlab-synthetic-preview@0.1.0 test
> node --test tests/contract.test.ts tests/native.test.ts tests/declared.test.ts tests/live.test.ts tests/observation.test.ts tests/interfaces.test.ts tests/link-state.test.ts tests/profile.test.ts tests/multi.test.ts tests/capacity.test.ts tests/session-migration.test.ts tests/observation-cleanup.test.ts tests/four-radio.test.ts tests/workbench.test.ts tests/node-logs.test.ts

✔ capacity profiles use0.6, exact32 occurrence maximum survives strict projection (23.317625ms)
✔ capacity maximum partial failure keeps every occurrence and unaffected native evidence (3.47125ms)
✔ capacity version/domain and one-over bounds reject without changing historical profile (6.238083ms)
✔ recorded previous SRL and Linux observations remain accepted, not newly runtime-qualified (6.46775ms)
✔ independent expected files retain their published hashes (3.074ms)
✔ F1 retains independent node, link occurrence and alias expectations (not native execution) (4.487083ms)
✔ F2 is diagnostic-only, with no raw source or synthetic secret in browser fixture (0.165292ms)
✔ F3 missing input never produces invented nodes (0.127584ms)
✔ F4 external roles remain distinct and explicitly unresolved (0.2315ms)
✔ F5 duplicate declarations survive as two occurrence identities with rejection (0.19475ms)
✔ unknown fields at every boundary are rejected, never stripped silently (4.724084ms)
✔ IDs are unique and revision-scoped; all references must resolve (6.380875ms)
✔ redacted/unavailable values cannot carry data; unknowns require reasons (0.563583ms)
✔ F6 text/node/response bounds reject rather than truncate graph data (2.168375ms)
✔ operational capabilities and foreign session fields are rejected, not authenticated (1.122208ms)
✔ safe errors do not echo malformed data, native diagnostics or secrets (0.152ms)
✔ same immutable synthetic revision has stable IDs and output (0.196375ms)
✔ 63 declaration fixtures and all pinned source/evidence hashes verify (34.318083ms)
✔ independent declaration object/dependency expectations remain intact (0.949791ms)
✔ specific reviewed errors identify template/schema rejection without raw native errors (0.209875ms)
✔ contract rejects disclosure, forged resolution, invalid references, duplicate IDs and budgets (5.753083ms)
✔ adapter omits hostile raw dependency strings and unreviewed configuration (6.0075ms)
✔ display text stays text in schema, with bounds rather than HTML interpretation (0.192792ms)
✔ four-radio independent exact declarations and preserved approved companion hashes (7.756042ms)
✔ explicit deployment accepts native names without qualification label; rejects wrong lab, duplicates, unsafe names and unknown fields (2.125542ms)
✔ recorded SR Linux25.10.1 has fourteen distinct exact enrolled endpoint associations (18.198958ms)
✔ four-radio new session required; expired, wrong source and substituted container fail closed before transport (7.751708ms)
✔ interface association retains native operational state but never infers admin, carrier or continuity (4.06475ms)
✔ changed namespace, index or MAC cannot inherit old interface observation (0.374917ms)
✔ complete absence, partial failure, stopped namespace and container absence remain distinct (1.354166ms)
✔ duplicates, foreign IDs, unknown fields and invented health fail closed (1.689375ms)
✔ Linux flags are separate from native operstate and never prove peer or continuity (10.546458ms)
✔ partial Linux failure preserves native evidence and the other endpoint (0.262292ms)
✔ changed enrolled attributes withhold even successful supplemental facts (0.232ms)
✔ exact tuple reuse cannot upgrade continuity (0.355333ms)
✔ invented carrier, peer, source, raw fields or unassociated state are rejected (1.593084ms)
✔ live contract separates executed provenance and stable bundle IDs from recorded evidence (12.642542ms)
✔ worker provenance, cleanup, output and error disclosure fail closed (0.44725ms)
✔ reviewed dependency assessments are bounded bundle membership, never resolution (2.326792ms)
✔ independent parallel occurrences and disconnected node retain exact native facts (32.933667ms)
✔ partial node inspection, ambiguity, alias loss and literal absence preserve other occurrences (4.502917ms)
✔ full identity replacement rejects; namespace/interface changes and partial enrollment never adopt (3.229625ms)
✔ unsupported kinds and external roles remain explicit without invented observations (0.988166ms)
✔ strict disclosure, reference, bounds and unknown identity/state claims fail closed (5.54625ms)
✔ maximum bounded enrollment accepted; one over each collection rejected (1.36825ms)
✔ 58 recorded fixtures validate; source hashes and evidence pin match retained bytes (38.954083ms)
✔ native F1 matches independent kinds, counts and alias; source tokens are not invented (0.58725ms)
✔ native F4 roles survive endpoint ordering and F5 preserves accepted duplicate occurrences (0.260625ms)
✔ F7 independent single-ended requirement never invents a peer (1.643417ms)
✔ rejections remain diagnostic-only and original/context identities stay separate (0.195542ms)
✔ native DTO rejects unknown fields, bad references, invented origins and capabilities (4.444083ms)
✔ projection ignores unreviewed native attributes and fails closed on unsupported arity (2.173708ms)
✔ projection treats native display strings as text and does not turn them into IDs or URLs (0.363375ms)
✔ log contract allows text markup but rejects control escapes, byte overflow and unknown fields (2.469458ms)
✔ log target requires explicit qualification, enrolled deployment, node ID and supported bound container (0.20525ms)
✔ transport enforces malformed/output/timeout/cancellation boundaries with a local fake executable (9196.549416ms)
✔ cancel and shutdown reap owned transport process groups before resolving (100.969958ms)
✔ observations associate full resource IDs and expose only approved fields (5.055625ms)
✔ same-name replacement, duplicate, foreign lab, wrong purpose or kind cannot associate (0.212542ms)
✔ only successful empty inspection establishes absence; failed or malformed output does not (0.532042ms)
✔ observation schema rejects duplicate identities, arbitrary state and forged link health (0.318708ms)
✔ executed trial declarations retain the independent two-node and endpoint expectations (7.031333ms)
✔ SRL alias is native evidence separate from declaration and actual interface (8.431583ms)
✔ no guessed alias or substitute Linux kind (0.221583ms)
✔ changed name, index or namespace remains unresolved (0.3915ms)
✔ missing alias does not prove interface deletion and leaves peer visible (0.193791ms)
✔ profile DTO rejects arbitrary kinds, aliases, properties, peers and conflicting identities (2.547125ms)
✔ fresh manifest validates graph binding; old and tampered manifests rejected before any runtime call (8.867834ms)
✔ unchanged actual0.5 and0.6 recordings remain strict historical reads (12.096041ms)
✔ original0.1–0.4 recorded observations retain strict original meanings (6.625375ms)
✔ every native endpoint attaches to its exact port handle without changing input (18.636125ms)
✔ renamed and differently sized inventories share generic enrollment and observation rules (17.770292ms)
✔ single-ended, dangling and disconnected occurrences remain explicit presentation objects (0.375958ms)
✔ current session checks general deployment binding before transport; historical sessions cannot activate (8.581041ms)
✔ unsupported kinds stay explicit and general collection ceilings remain enforced (0.886708ms)
ℹ tests 75
ℹ suites 0
ℹ pass 75
ℹ fail 0
ℹ cancelled 0
ℹ skipped 0
ℹ todo 0
ℹ duration_ms 9413.847041
