
> containerlab-synthetic-preview@0.1.0 test
> node --test tests/contract.test.ts tests/native.test.ts tests/declared.test.ts tests/live.test.ts tests/observation.test.ts tests/interfaces.test.ts tests/link-state.test.ts

✔ independent expected files retain their published hashes (2.08475ms)
✔ F1 retains independent node, link occurrence and alias expectations (not native execution) (4.721125ms)
✔ F2 is diagnostic-only, with no raw source or synthetic secret in browser fixture (0.188625ms)
✔ F3 missing input never produces invented nodes (0.140917ms)
✔ F4 external roles remain distinct and explicitly unresolved (0.221333ms)
✔ F5 duplicate declarations survive as two occurrence identities with rejection (0.17175ms)
✔ unknown fields at every boundary are rejected, never stripped silently (1.747458ms)
✔ IDs are unique and revision-scoped; all references must resolve (1.888542ms)
✔ redacted/unavailable values cannot carry data; unknowns require reasons (0.560083ms)
✔ F6 text/node/response bounds reject rather than truncate graph data (1.575833ms)
✔ operational capabilities and foreign session fields are rejected, not authenticated (1.178ms)
✔ safe errors do not echo malformed data, native diagnostics or secrets (0.244ms)
✔ same immutable synthetic revision has stable IDs and output (0.229667ms)
✔ 63 declaration fixtures and all pinned source/evidence hashes verify (18.429208ms)
✔ independent declaration object/dependency expectations remain intact (1.034542ms)
✔ specific reviewed errors identify template/schema rejection without raw native errors (0.200958ms)
✔ contract rejects disclosure, forged resolution, invalid references, duplicate IDs and budgets (3.449458ms)
✔ adapter omits hostile raw dependency strings and unreviewed configuration (5.64775ms)
✔ display text stays text in schema, with bounds rather than HTML interpretation (0.177042ms)
✔ interface association retains native operational state but never infers admin, carrier or continuity (3.785333ms)
✔ changed namespace, index or MAC cannot inherit old interface observation (0.362709ms)
✔ complete absence, partial failure, stopped namespace and container absence remain distinct (0.27875ms)
✔ duplicates, foreign IDs, unknown fields and invented health fail closed (1.179667ms)
✔ Linux flags are separate from native operstate and never prove peer or continuity (5.111083ms)
✔ partial Linux failure preserves native evidence and the other endpoint (0.344458ms)
✔ changed enrolled attributes withhold even successful supplemental facts (0.283208ms)
✔ exact tuple reuse cannot upgrade continuity (0.366875ms)
✔ invented carrier, peer, source, raw fields or unassociated state are rejected (1.099334ms)
✔ live contract separates executed provenance and stable bundle IDs from recorded evidence (11.184959ms)
✔ worker provenance, cleanup, output and error disclosure fail closed (0.431875ms)
✔ reviewed dependency assessments are bounded bundle membership, never resolution (1.421875ms)
✔ 58 recorded fixtures validate; source hashes and evidence pin match retained bytes (17.047584ms)
✔ native F1 matches independent kinds, counts and alias; source tokens are not invented (0.583959ms)
✔ native F4 roles survive endpoint ordering and F5 preserves accepted duplicate occurrences (0.2425ms)
✔ F7 independent single-ended requirement never invents a peer (1.440125ms)
✔ rejections remain diagnostic-only and original/context identities stay separate (0.211958ms)
✔ native DTO rejects unknown fields, bad references, invented origins and capabilities (2.265208ms)
✔ projection ignores unreviewed native attributes and fails closed on unsupported arity (1.20075ms)
✔ projection treats native display strings as text and does not turn them into IDs or URLs (0.367166ms)
✔ observations associate full resource IDs and expose only approved fields (3.174625ms)
✔ same-name replacement, duplicate, foreign lab, wrong purpose or kind cannot associate (0.203667ms)
✔ only successful empty inspection establishes absence; failed or malformed output does not (0.55175ms)
✔ observation schema rejects duplicate identities, arbitrary state and forged link health (0.326625ms)
✔ executed trial declarations retain the independent two-node and endpoint expectations (8.497542ms)
ℹ tests 44
ℹ suites 0
ℹ pass 44
ℹ fail 0
ℹ cancelled 0
ℹ skipped 0
ℹ todo 0
ℹ duration_ms 164.324875
