
> containerlab-synthetic-preview@0.1.0 test
> node --test tests/contract.test.ts tests/native.test.ts tests/declared.test.ts tests/live.test.ts

✔ independent expected files retain their published hashes (2.3335ms)
✔ F1 retains independent node, link occurrence and alias expectations (not native execution) (4.06425ms)
✔ F2 is diagnostic-only, with no raw source or synthetic secret in browser fixture (0.207542ms)
✔ F3 missing input never produces invented nodes (0.924417ms)
✔ F4 external roles remain distinct and explicitly unresolved (0.294584ms)
✔ F5 duplicate declarations survive as two occurrence identities with rejection (0.199ms)
✔ unknown fields at every boundary are rejected, never stripped silently (1.7125ms)
✔ IDs are unique and revision-scoped; all references must resolve (1.5465ms)
✔ redacted/unavailable values cannot carry data; unknowns require reasons (0.532333ms)
✔ F6 text/node/response bounds reject rather than truncate graph data (1.573ms)
✔ operational capabilities and foreign session fields are rejected, not authenticated (1.009958ms)
✔ safe errors do not echo malformed data, native diagnostics or secrets (0.18ms)
✔ same immutable synthetic revision has stable IDs and output (0.317417ms)
✔ 63 declaration fixtures and all pinned source/evidence hashes verify (8.860375ms)
✔ independent declaration object/dependency expectations remain intact (0.972ms)
✔ specific reviewed errors identify template/schema rejection without raw native errors (0.201875ms)
✔ contract rejects disclosure, forged resolution, invalid references, duplicate IDs and budgets (3.789459ms)
✔ adapter omits hostile raw dependency strings and unreviewed configuration (5.502042ms)
✔ display text stays text in schema, with bounds rather than HTML interpretation (0.130708ms)
✔ live contract separates executed provenance and stable bundle IDs from recorded evidence (11.174667ms)
✔ worker provenance, cleanup, output and error disclosure fail closed (0.419791ms)
✔ reviewed dependency assessments are bounded bundle membership, never resolution (1.350583ms)
✔ 58 recorded fixtures validate; source hashes and evidence pin match retained bytes (8.961083ms)
✔ native F1 matches independent kinds, counts and alias; source tokens are not invented (0.569917ms)
✔ native F4 roles survive endpoint ordering and F5 preserves accepted duplicate occurrences (0.231125ms)
✔ F7 independent single-ended requirement never invents a peer (0.98875ms)
✔ rejections remain diagnostic-only and original/context identities stay separate (0.199375ms)
✔ native DTO rejects unknown fields, bad references, invented origins and capabilities (2.638875ms)
✔ projection ignores unreviewed native attributes and fails closed on unsupported arity (1.503084ms)
✔ projection treats native display strings as text and does not turn them into IDs or URLs (0.369834ms)
ℹ tests 30
ℹ suites 0
ℹ pass 30
ℹ fail 0
ℹ cancelled 0
ℹ skipped 0
ℹ todo 0
ℹ duration_ms 134.217458
