[WebServer] (node:42493) Warning: The 'NO_COLOR' env is ignored due to the 'FORCE_COLOR' env being set.
[WebServer] (Use `node --trace-warnings ...` to show where the warning was created)

Running 16 tests using 1 worker

(node:42499) Warning: The 'NO_COLOR' env is ignored due to the 'FORCE_COLOR' env being set.
(Use `node --trace-warnings ...` to show where the warning was created)
  ✓   1 tests/browser/capture.spec.ts:5:1 › qualified exact endpoint capture produces safe metadata and managed download; Lua stays gated (464ms)
  ✓   2 tests/browser/capture.spec.ts:8:1 › cancel is scoped to job and stale capture response cannot return artifact (1.1s)
  ✓   3 tests/browser/log-workflow.spec.ts:5:1 › tail and literal filter are local, bounded, safe and distinguish no matches from empty source (535ms)
  ✓   4 tests/browser/log-workflow.spec.ts:9:1 › clear cancels pending follow and refuses late output; unsupported errors stop follow and manual retry recovers (1.3s)
  ✓   5 tests/browser/log-workflow.spec.ts:13:1 › expired session removes log binding and requires enrollment reconnect (324ms)
  ✓   6 tests/browser/log-workflow.spec.ts:16:1 › timeout rejects even a transport that resolves after abort and stops following (313ms)
  ✓   7 tests/browser/navigation.spec.ts:9:1 › disconnect refuses late configuration and snapshot replies, clears observations and log bindings (1.8s)
  ✓   8 tests/browser/navigation.spec.ts:18:1 › replacement conflict invalidates selection and runtime; repeated evidence cannot masquerade as recovery (442ms)
  ✓   9 tests/browser/navigation.spec.ts:26:1 › switching to a different recorded shape clears runtime and selections (281ms)
  ✓  10 tests/browser/navigation.spec.ts:32:1 › native load checks approved source identity and keeps recorded evidence explicit on refusal (296ms)
  ✘  11 tests/browser/node-logs.spec.ts:3:1 › logs load and follow safely; errors clear output, selection cancels and isolates, recovery works (1.2m)
(node:42539) Warning: The 'NO_COLOR' env is ignored due to the 'FORCE_COLOR' env being set.
(Use `node --trace-warnings ...` to show where the warning was created)
  ✓  12 tests/browser/workbench.spec.ts:4:1 › lab chooser first; exact handles, synchronized table selection, search and safe offline runtime (442ms)
  ✓  13 tests/browser/workbench.spec.ts:5:1 › matched replay overlay refresh/failure/cancel/recovery preserves selection; stale and identity mismatch explicit (1.3s)
  ✓  14 tests/browser/workbench.spec.ts:9:1 › keyboard selection, recorded disclosure, reduced-motion mobile reflow and local layout persistence (211ms)
  ✓  15 tests/browser/workbench.spec.ts:10:1 › selected link capture drafts are occurrence-scoped, inert and include Lua settings (536ms)
  ✓  16 tests/browser/workbench.spec.ts:18:1 › node log and serial views preserve unknown capability and do not imply runtime access (324ms)


  1) tests/browser/node-logs.spec.ts:3:1 › logs load and follow safely; errors clear output, selection cancels and isolates, recovery works 

    Test timeout of 30000ms exceeded.

    Error: locator.click: Test timeout of 30000ms exceeded.
    Call log:
      - waiting for getByRole('button', { name: 'Open recorded topology', exact: true })
        - locator resolved to <button>Open recorded topology</button>
      - attempting click action
        - waiting for element to be visible, enabled and stable
        - element is visible, enabled and stable
        - scrolling into view if needed


      3 | test('logs load and follow safely; errors clear output, selection cancels and isolates, recovery works',async({page})=>{
      4 |  let fail=false,delay=false,calls=0;await page.route('**/api/observation/config',r=>r.fulfill({json:{graph:g,deploymentId}}));await page.route('**/api/node-logs?*',async r=>{calls++;const nodeId=new URL(r.request().url()).searchParams.get('nodeId');if(delay)await new Promise(resolve=>setTimeout(resolve,700));await r.fulfill(fail?{status:422,json:{code:'ASSOCIATION_CONFLICT'}}:{json:{snapshot:{contract:'node-logs/0.1',deploymentId,nodeId,sourceSha256:g.provenance.sourceSha256,bundleSha256:g.provenance.bundleSha256,observedAt:new Date().toISOString(),text:'<script>window.logInjected=true</script>\nnode='+nodeId,truncated:true,tailLines:100,source:'container_stdout_stderr'}}}).catch(()=>{});});
    > 5 |  await page.goto('/');await page.getByLabel('Approved lab',{exact:true}).selectOption('FOUR-RADIO-SDR');await page.getByRole('button',{name:'Open recorded topology',exact:true}).click();await page.getByRole('button',{name:'Select radio2',exact:true}).click();await page.getByRole('button',{name:'Logs',exact:true}).click();await expect(page.getByRole('button',{name:'Load logs',exact:true})).toBeDisabled();await page.getByRole('button',{name:'Connect enrolled runtime'}).click();await page.getByRole('button',{name:'Load logs',exact:true}).click();await expect(page.getByLabel('Node log output')).toContainText('<script>');expect(await page.evaluate(()=>Object.hasOwn(window,'logInjected'))).toBe(false);await expect(page.getByText('Output truncated at the byte limit.')).toBeVisible();
        |                                                                                                                                                                                   ^
      6 |  await page.getByLabel('Follow logs',{exact:true}).check();await expect.poll(()=>calls).toBeGreaterThan(1);await page.getByRole('button',{name:'Stop logs',exact:true}).click();await expect(page.getByLabel('Follow logs',{exact:true})).not.toBeChecked();fail=true;await page.getByRole('button',{name:'Load logs',exact:true}).click();await expect(page.locator('.wb-runtime-bar')).toContainText('Runtime identity changed. No replacement logs accepted.');await expect(page.getByLabel('Node log output')).toHaveCount(0);await expect(page.getByRole('button',{name:'Refresh',exact:true})).toBeDisabled();fail=false;await page.getByRole('button',{name:'Connect enrolled runtime'}).click();await page.getByRole('button',{name:'Select radio2',exact:true}).click();await page.getByRole('button',{name:'Logs',exact:true}).click();delay=true;await page.getByRole('button',{name:'Load logs',exact:true}).click();await page.getByRole('button',{name:'Select radio3',exact:true}).click();await page.waitForTimeout(800);await expect(page.getByLabel('Node log output')).toHaveText('No logs loaded for this node.');delay=false;await page.getByRole('button',{name:'Load logs',exact:true}).click();await expect(page.getByLabel('Node log output')).toContainText(g.nodes.find((n:any)=>n.name==='radio3').id);
      7 | });
      8 |
        at /Users/rklinkhammer/workspace/containerlab-workspace/tests/browser/node-logs.spec.ts:5:179

    Error Context: test-results/node-logs-logs-load-and-fo-7a0f3-and-isolates-recovery-works/error-context.md

  1 failed
    tests/browser/node-logs.spec.ts:3:1 › logs load and follow safely; errors clear output, selection cancels and isolates, recovery works 
  15 passed (1.4m)
