
> containerlab-synthetic-preview@0.1.0 test
> node --test tests/contract.test.ts tests/native.test.ts tests/declared.test.ts tests/live.test.ts tests/observation.test.ts tests/interfaces.test.ts tests/link-state.test.ts tests/profile.test.ts tests/multi.test.ts tests/capacity.test.ts tests/session-migration.test.ts tests/observation-cleanup.test.ts tests/four-radio.test.ts tests/workbench.test.ts tests/node-logs.test.ts tests/capture.test.ts

✔ capacity profiles use0.6, exact32 occurrence maximum survives strict projection (32.529041ms)
✔ capacity maximum partial failure keeps every occurrence and unaffected native evidence (2.037875ms)
✔ capacity version/domain and one-over bounds reject without changing historical profile (6.728208ms)
✔ recorded previous SRL and Linux observations remain accepted, not newly runtime-qualified (5.056375ms)
✔ capture request bounds and path/command separation (0.882ms)
✔ capture target resolves only frozen Linux endpoint identity (0.820959ms)
✔ capture metadata rejects oversized artifacts and unreviewed packet fields (2.201875ms)
✔ capture HTTP rejects cross-origin and path/size input before any native operation (25.314709ms)
✔ independent expected files retain their published hashes (0.931583ms)
✔ F1 retains independent node, link occurrence and alias expectations (not native execution) (24.586459ms)
✔ F2 is diagnostic-only, with no raw source or synthetic secret in browser fixture (0.190458ms)
✔ F3 missing input never produces invented nodes (0.167458ms)
✔ F4 external roles remain distinct and explicitly unresolved (0.2395ms)
✔ F5 duplicate declarations survive as two occurrence identities with rejection (0.19ms)
✔ unknown fields at every boundary are rejected, never stripped silently (1.792625ms)
✔ IDs are unique and revision-scoped; all references must resolve (7.794834ms)
✔ redacted/unavailable values cannot carry data; unknowns require reasons (0.628334ms)
✔ F6 text/node/response bounds reject rather than truncate graph data (1.872333ms)
✔ operational capabilities and foreign session fields are rejected, not authenticated (2.286458ms)
✔ safe errors do not echo malformed data, native diagnostics or secrets (0.192041ms)
✔ same immutable synthetic revision has stable IDs and output (0.192916ms)
✔ 63 declaration fixtures and all pinned source/evidence hashes verify (14.820167ms)
✔ independent declaration object/dependency expectations remain intact (2.446416ms)
✔ specific reviewed errors identify template/schema rejection without raw native errors (0.216458ms)
✔ contract rejects disclosure, forged resolution, invalid references, duplicate IDs and budgets (6.825125ms)
✔ adapter omits hostile raw dependency strings and unreviewed configuration (7.231292ms)
✔ display text stays text in schema, with bounds rather than HTML interpretation (0.171875ms)
✔ four-radio independent exact declarations and preserved approved companion hashes (1.252541ms)
✔ explicit deployment accepts native names without qualification label; rejects wrong lab, duplicates, unsafe names and unknown fields (1.831625ms)
✔ recorded SR Linux25.10.1 has fourteen distinct exact enrolled endpoint associations (22.271125ms)
✔ four-radio new session required; expired, wrong source and substituted container fail closed before transport (3.295625ms)
✔ interface association retains native operational state but never infers admin, carrier or continuity (7.492375ms)
✔ changed namespace, index or MAC cannot inherit old interface observation (0.38ms)
✔ complete absence, partial failure, stopped namespace and container absence remain distinct (0.28225ms)
✔ duplicates, foreign IDs, unknown fields and invented health fail closed (3.210083ms)
✔ Linux flags are separate from native operstate and never prove peer or continuity (9.523208ms)
✔ partial Linux failure preserves native evidence and the other endpoint (0.265ms)
✔ changed enrolled attributes withhold even successful supplemental facts (3.513042ms)
✔ exact tuple reuse cannot upgrade continuity (0.39ms)
✔ invented carrier, peer, source, raw fields or unassociated state are rejected (0.959333ms)
✔ live contract separates executed provenance and stable bundle IDs from recorded evidence (17.785458ms)
✔ worker provenance, cleanup, output and error disclosure fail closed (0.414125ms)
✔ reviewed dependency assessments are bounded bundle membership, never resolution (5.630083ms)
✔ independent parallel occurrences and disconnected node retain exact native facts (31.117459ms)
✔ partial node inspection, ambiguity, alias loss and literal absence preserve other occurrences (2.257125ms)
✔ full identity replacement rejects; namespace/interface changes and partial enrollment never adopt (1.622208ms)
✔ unsupported kinds and external roles remain explicit without invented observations (1.507958ms)
✔ strict disclosure, reference, bounds and unknown identity/state claims fail closed (2.295208ms)
✔ maximum bounded enrollment accepted; one over each collection rejected (1.258833ms)
✔ 58 recorded fixtures validate; source hashes and evidence pin match retained bytes (11.345375ms)
✔ native F1 matches independent kinds, counts and alias; source tokens are not invented (0.634958ms)
✔ native F4 roles survive endpoint ordering and F5 preserves accepted duplicate occurrences (0.265ms)
✔ F7 independent single-ended requirement never invents a peer (1.104625ms)
✔ rejections remain diagnostic-only and original/context identities stay separate (0.196458ms)
✔ native DTO rejects unknown fields, bad references, invented origins and capabilities (2.54075ms)
✔ projection ignores unreviewed native attributes and fails closed on unsupported arity (1.508958ms)
✔ projection treats native display strings as text and does not turn them into IDs or URLs (0.373209ms)
✔ log contract allows text markup but rejects control escapes, byte overflow and unknown fields (2.17125ms)
✔ log target requires explicit qualification, enrolled deployment, node ID and supported bound container (0.212833ms)
✔ transport enforces malformed/output/timeout/cancellation boundaries with a local fake executable (9145.326292ms)
✔ local tail then literal filter preserves bounds and does not interpret regex or markup (0.823792ms)
✔ cancel and shutdown reap owned transport process groups before resolving (110.067625ms)
✔ observations associate full resource IDs and expose only approved fields (21.466292ms)
✔ same-name replacement, duplicate, foreign lab, wrong purpose or kind cannot associate (0.242333ms)
✔ only successful empty inspection establishes absence; failed or malformed output does not (0.969292ms)
✔ observation schema rejects duplicate identities, arbitrary state and forged link health (0.367541ms)
✔ executed trial declarations retain the independent two-node and endpoint expectations (3.075625ms)
✔ SRL alias is native evidence separate from declaration and actual interface (4.765291ms)
✔ no guessed alias or substitute Linux kind (0.206583ms)
✔ changed name, index or namespace remains unresolved (0.408417ms)
✔ missing alias does not prove interface deletion and leaves peer visible (0.202917ms)
✔ profile DTO rejects arbitrary kinds, aliases, properties, peers and conflicting identities (2.278167ms)
✔ fresh manifest validates graph binding; old and tampered manifests rejected before any runtime call (9.244291ms)
✔ unchanged actual0.5 and0.6 recordings remain strict historical reads (13.640334ms)
✔ original0.1–0.4 recorded observations retain strict original meanings (4.570791ms)
✔ every native endpoint attaches to its exact port handle without changing input (5.549083ms)
✔ renamed and differently sized inventories share generic enrollment and observation rules (11.443ms)
✔ single-ended, dangling and disconnected occurrences remain explicit presentation objects (0.335459ms)
✔ current session checks general deployment binding before transport; historical sessions cannot activate (6.282708ms)
✔ unsupported kinds stay explicit and general collection ceilings remain enforced (0.875375ms)
ℹ tests 80
ℹ suites 0
ℹ pass 80
ℹ fail 0
ℹ cancelled 0
ℹ skipped 0
ℹ todo 0
ℹ duration_ms 9326.269
