
> containerlab-synthetic-preview@0.1.0 test
> node --test tests/contract.test.ts tests/native.test.ts tests/declared.test.ts tests/live.test.ts tests/observation.test.ts tests/interfaces.test.ts tests/link-state.test.ts tests/profile.test.ts tests/multi.test.ts tests/capacity.test.ts tests/session-migration.test.ts tests/observation-cleanup.test.ts tests/four-radio.test.ts tests/workbench.test.ts tests/node-logs.test.ts tests/capture.test.ts

✔ capacity profiles use0.6, exact32 occurrence maximum survives strict projection (30.228ms)
✔ capacity maximum partial failure keeps every occurrence and unaffected native evidence (2.815541ms)
✔ capacity version/domain and one-over bounds reject without changing historical profile (3.412875ms)
✔ recorded previous SRL and Linux observations remain accepted, not newly runtime-qualified (4.257125ms)
✔ capture request bounds and path/command separation (0.986833ms)
✔ capture target resolves only frozen Linux endpoint identity (0.324583ms)
✔ capture metadata rejects oversized artifacts and unreviewed packet fields (1.8515ms)
✔ independent expected files retain their published hashes (3.006875ms)
✔ F1 retains independent node, link occurrence and alias expectations (not native execution) (6.598375ms)
✔ F2 is diagnostic-only, with no raw source or synthetic secret in browser fixture (0.171459ms)
✔ F3 missing input never produces invented nodes (0.17475ms)
✔ F4 external roles remain distinct and explicitly unresolved (0.245375ms)
✔ F5 duplicate declarations survive as two occurrence identities with rejection (0.183625ms)
✔ unknown fields at every boundary are rejected, never stripped silently (2.252625ms)
✔ IDs are unique and revision-scoped; all references must resolve (3.257208ms)
✔ redacted/unavailable values cannot carry data; unknowns require reasons (0.750042ms)
✔ F6 text/node/response bounds reject rather than truncate graph data (1.988208ms)
✔ operational capabilities and foreign session fields are rejected, not authenticated (1.318792ms)
✔ safe errors do not echo malformed data, native diagnostics or secrets (0.161542ms)
✔ same immutable synthetic revision has stable IDs and output (0.212709ms)
✔ 63 declaration fixtures and all pinned source/evidence hashes verify (33.302666ms)
✔ independent declaration object/dependency expectations remain intact (0.951125ms)
✔ specific reviewed errors identify template/schema rejection without raw native errors (0.188458ms)
✔ contract rejects disclosure, forged resolution, invalid references, duplicate IDs and budgets (3.998459ms)
✔ adapter omits hostile raw dependency strings and unreviewed configuration (5.8095ms)
✔ display text stays text in schema, with bounds rather than HTML interpretation (0.172792ms)
✔ four-radio independent exact declarations and preserved approved companion hashes (2.418125ms)
✔ explicit deployment accepts native names without qualification label; rejects wrong lab, duplicates, unsafe names and unknown fields (2.723667ms)
✔ recorded SR Linux25.10.1 has fourteen distinct exact enrolled endpoint associations (10.442125ms)
✔ four-radio new session required; expired, wrong source and substituted container fail closed before transport (2.428125ms)
✔ interface association retains native operational state but never infers admin, carrier or continuity (7.182958ms)
✔ changed namespace, index or MAC cannot inherit old interface observation (0.371542ms)
✔ complete absence, partial failure, stopped namespace and container absence remain distinct (0.302333ms)
✔ duplicates, foreign IDs, unknown fields and invented health fail closed (0.804583ms)
✔ Linux flags are separate from native operstate and never prove peer or continuity (10.45175ms)
✔ partial Linux failure preserves native evidence and the other endpoint (1.766917ms)
✔ changed enrolled attributes withhold even successful supplemental facts (0.635125ms)
✔ exact tuple reuse cannot upgrade continuity (0.873875ms)
✔ invented carrier, peer, source, raw fields or unassociated state are rejected (2.128042ms)
✔ live contract separates executed provenance and stable bundle IDs from recorded evidence (11.564083ms)
✔ worker provenance, cleanup, output and error disclosure fail closed (0.417167ms)
✔ reviewed dependency assessments are bounded bundle membership, never resolution (12.509667ms)
✔ independent parallel occurrences and disconnected node retain exact native facts (16.360042ms)
✔ partial node inspection, ambiguity, alias loss and literal absence preserve other occurrences (3.61025ms)
✔ full identity replacement rejects; namespace/interface changes and partial enrollment never adopt (2.521708ms)
✔ unsupported kinds and external roles remain explicit without invented observations (1.065791ms)
✔ strict disclosure, reference, bounds and unknown identity/state claims fail closed (14.686541ms)
✔ maximum bounded enrollment accepted; one over each collection rejected (1.023625ms)
✔ 58 recorded fixtures validate; source hashes and evidence pin match retained bytes (18.74325ms)
✔ native F1 matches independent kinds, counts and alias; source tokens are not invented (5.573042ms)
✔ native F4 roles survive endpoint ordering and F5 preserves accepted duplicate occurrences (0.438958ms)
✔ F7 independent single-ended requirement never invents a peer (2.284458ms)
✔ rejections remain diagnostic-only and original/context identities stay separate (0.234459ms)
✔ native DTO rejects unknown fields, bad references, invented origins and capabilities (2.691209ms)
✔ projection ignores unreviewed native attributes and fails closed on unsupported arity (1.547875ms)
✔ projection treats native display strings as text and does not turn them into IDs or URLs (0.374458ms)
✔ log contract allows text markup but rejects control escapes, byte overflow and unknown fields (2.2175ms)
✔ log target requires explicit qualification, enrolled deployment, node ID and supported bound container (0.214791ms)
✔ transport enforces malformed/output/timeout/cancellation boundaries with a local fake executable (9171.0875ms)
✔ local tail then literal filter preserves bounds and does not interpret regex or markup (0.648042ms)
✔ cancel and shutdown reap owned transport process groups before resolving (101.978791ms)
✔ observations associate full resource IDs and expose only approved fields (14.514167ms)
✔ same-name replacement, duplicate, foreign lab, wrong purpose or kind cannot associate (0.578667ms)
✔ only successful empty inspection establishes absence; failed or malformed output does not (0.589083ms)
✔ observation schema rejects duplicate identities, arbitrary state and forged link health (0.352125ms)
✔ executed trial declarations retain the independent two-node and endpoint expectations (4.108583ms)
✔ SRL alias is native evidence separate from declaration and actual interface (10.796625ms)
✔ no guessed alias or substitute Linux kind (0.211375ms)
✔ changed name, index or namespace remains unresolved (0.406625ms)
✔ missing alias does not prove interface deletion and leaves peer visible (0.215125ms)
✔ profile DTO rejects arbitrary kinds, aliases, properties, peers and conflicting identities (0.90225ms)
✔ fresh manifest validates graph binding; old and tampered manifests rejected before any runtime call (10.008542ms)
✔ unchanged actual0.5 and0.6 recordings remain strict historical reads (12.368ms)
✔ original0.1–0.4 recorded observations retain strict original meanings (6.705542ms)
✔ every native endpoint attaches to its exact port handle without changing input (5.614167ms)
✔ renamed and differently sized inventories share generic enrollment and observation rules (11.894375ms)
✔ single-ended, dangling and disconnected occurrences remain explicit presentation objects (0.338541ms)
✔ current session checks general deployment binding before transport; historical sessions cannot activate (6.466584ms)
✔ unsupported kinds stay explicit and general collection ceilings remain enforced (0.858666ms)
ℹ tests 79
ℹ suites 0
ℹ pass 79
ℹ fail 0
ℹ cancelled 0
ℹ skipped 0
ℹ todo 0
ℹ duration_ms 9372.042166
