
> containerlab-synthetic-preview@0.1.0 test:browser
> playwright test --grep-invert actual runtime inspection retains declaration selection

[WebServer] (node:31401) Warning: The 'NO_COLOR' env is ignored due to the 'FORCE_COLOR' env being set.
[WebServer] (Use `node --trace-warnings ...` to show where the warning was created)

Running 27 tests using 1 worker

(node:31402) Warning: The 'NO_COLOR' env is ignored due to the 'FORCE_COLOR' env being set.
(Use `node --trace-warnings ...` to show where the warning was created)
  ✓   1 tests/browser/declared.spec.ts:2:1 › declared missing-bind topology renders with explicit unresolved dependencies (312ms)
  ✓   2 tests/browser/declared.spec.ts:13:1 › declarations preserve single-ended, dangling, parallel and external occurrences (235ms)
  ✓   3 tests/browser/declared.spec.ts:24:1 › specific errors and keyboard navigation work at narrow width (199ms)
  ✓   4 tests/browser/declared.spec.ts:36:1 › declared labels render hostile text without creating HTML or requests (145ms)
  ✓   5 tests/browser/interfaces.spec.ts:2:1 › actual endpoint inspector follows native operational down/up without claiming link health (3.5s)
  ✓   6 tests/browser/interfaces.spec.ts:10:1 › endpoint absence and unresolved replacements retain declared links (transport mock) (387ms)
  ✓   7 tests/browser/link-state.spec.ts:2:1 › administrative, carrier and operational facts render independently with provenance (transport mock) (326ms)
  -   8 tests/browser/multi.spec.ts:2:1 › actual multiple endpoint occurrences, parallel selection and disconnected state
  ✓   9 tests/browser/observation.spec.ts:22:1 › polling, failure, stale data, cancellation and recovery (transport control) (19.9s)
  ✓  10 tests/browser/observation.spec.ts:32:1 › observation routes expose no mutation and reject foreign browser origin (17ms)
  -  11 tests/browser/on-demand.spec.ts:2:1 › on-demand view clearly reports an unavailable worker without a session
  ✓  12 tests/browser/on-demand.spec.ts:7:1 › actual native load renders declarations and live bundle provenance (768ms)
  ✓  13 tests/browser/on-demand.spec.ts:17:1 › actual native schema and missing-template errors remain specific (627ms)
  ✓  14 tests/browser/on-demand.spec.ts:23:1 › local API rejects arbitrary bundle/path payloads and cross-origin execution (5ms)
  ✓  15 tests/browser/on-demand.spec.ts:30:1 › UI cancellation discards stale responses (transport mock) (268ms)
  ✓  16 tests/browser/on-demand.spec.ts:37:1 › expanded approved cases expose native objects and scoped dependency evidence (3.2s)
  ✓  17 tests/browser/preview.spec.ts:2:1 › F1 graph, parallel occurrences and keyboard-accessible inspectors (298ms)
  ✓  18 tests/browser/preview.spec.ts:16:1 › special endpoints preserve roles; duplicate occurrences remain rejected (273ms)
  ✓  19 tests/browser/preview.spec.ts:21:1 › rejection and missing-input views never fabricate graph nodes (208ms)
  ✓  20 tests/browser/preview.spec.ts:25:1 › hostile display text stays inert; CSP blocks inline scripts and network (210ms)
  ✓  21 tests/browser/preview.spec.ts:36:1 › bounded long text has explicit truncation; over-limit graph rejected (248ms)
  ✓  22 tests/browser/preview.spec.ts:41:1 › loopback static server denies mutation, source files and traversal (5ms)
  ✓  23 tests/browser/preview.spec.ts:45:1 › narrow viewport exposes object list and inspector without page overflow (237ms)
  ✓  24 tests/browser/preview.spec.ts:51:1 › recorded native single-ended link has no fabricated peer and keyboard inspector (257ms)
  ✓  25 tests/browser/preview.spec.ts:59:1 › native preview preserves parallel links, aliases, source roles and rejected inputs (251ms)
  ✓  26 tests/browser/preview.spec.ts:67:1 › recorded native evidence remains readable at narrow width (230ms)
  -  27 tests/browser/profile.spec.ts:2:1 › actual SR Linux profile preserves declared alias and native name in inspectors

  3 skipped
  24 passed (33.1s)
