
> containerlab-synthetic-preview@0.1.0 test
> node --test tests/contract.test.ts tests/native.test.ts tests/declared.test.ts tests/live.test.ts tests/observation.test.ts tests/interfaces.test.ts tests/link-state.test.ts tests/profile.test.ts tests/multi.test.ts

✔ independent expected files retain their published hashes (2.038334ms)
✔ F1 retains independent node, link occurrence and alias expectations (not native execution) (4.209625ms)
✔ F2 is diagnostic-only, with no raw source or synthetic secret in browser fixture (0.168667ms)
✔ F3 missing input never produces invented nodes (0.142542ms)
✔ F4 external roles remain distinct and explicitly unresolved (0.230458ms)
✔ F5 duplicate declarations survive as two occurrence identities with rejection (0.190291ms)
✔ unknown fields at every boundary are rejected, never stripped silently (1.761625ms)
✔ IDs are unique and revision-scoped; all references must resolve (3.306209ms)
✔ redacted/unavailable values cannot carry data; unknowns require reasons (0.559667ms)
✔ F6 text/node/response bounds reject rather than truncate graph data (1.726208ms)
✔ operational capabilities and foreign session fields are rejected, not authenticated (2.88325ms)
✔ safe errors do not echo malformed data, native diagnostics or secrets (0.271334ms)
✔ same immutable synthetic revision has stable IDs and output (0.222708ms)
✔ 63 declaration fixtures and all pinned source/evidence hashes verify (22.099125ms)
✔ independent declaration object/dependency expectations remain intact (1.40025ms)
✔ specific reviewed errors identify template/schema rejection without raw native errors (0.198875ms)
✔ contract rejects disclosure, forged resolution, invalid references, duplicate IDs and budgets (3.97775ms)
✔ adapter omits hostile raw dependency strings and unreviewed configuration (5.789167ms)
✔ display text stays text in schema, with bounds rather than HTML interpretation (0.174125ms)
✔ interface association retains native operational state but never infers admin, carrier or continuity (4.245542ms)
✔ changed namespace, index or MAC cannot inherit old interface observation (0.376125ms)
✔ complete absence, partial failure, stopped namespace and container absence remain distinct (0.283125ms)
✔ duplicates, foreign IDs, unknown fields and invented health fail closed (1.083916ms)
✔ Linux flags are separate from native operstate and never prove peer or continuity (5.264ms)
✔ partial Linux failure preserves native evidence and the other endpoint (0.340666ms)
✔ changed enrolled attributes withhold even successful supplemental facts (0.2495ms)
✔ exact tuple reuse cannot upgrade continuity (0.47925ms)
✔ invented carrier, peer, source, raw fields or unassociated state are rejected (1.620125ms)
✔ live contract separates executed provenance and stable bundle IDs from recorded evidence (10.991375ms)
✔ worker provenance, cleanup, output and error disclosure fail closed (0.414291ms)
✔ reviewed dependency assessments are bounded bundle membership, never resolution (1.52825ms)
✔ independent parallel occurrences and disconnected node retain exact native facts (8.8605ms)
✔ partial node inspection, ambiguity, alias loss and literal absence preserve other occurrences (2.1755ms)
✔ full identity replacement rejects; namespace/interface changes and partial enrollment never adopt (1.660041ms)
✔ unsupported kinds and external roles remain explicit without invented observations (0.883167ms)
✔ strict disclosure, reference, bounds and unknown identity/state claims fail closed (2.14275ms)
✔ maximum bounded enrollment accepted; one over each collection rejected (1.022ms)
✔ 58 recorded fixtures validate; source hashes and evidence pin match retained bytes (19.596459ms)
✔ native F1 matches independent kinds, counts and alias; source tokens are not invented (0.633292ms)
✔ native F4 roles survive endpoint ordering and F5 preserves accepted duplicate occurrences (0.276291ms)
✔ F7 independent single-ended requirement never invents a peer (1.722ms)
✔ rejections remain diagnostic-only and original/context identities stay separate (0.278833ms)
✔ native DTO rejects unknown fields, bad references, invented origins and capabilities (2.629459ms)
✔ projection ignores unreviewed native attributes and fails closed on unsupported arity (1.390833ms)
✔ projection treats native display strings as text and does not turn them into IDs or URLs (0.346042ms)
✔ observations associate full resource IDs and expose only approved fields (2.741417ms)
✔ same-name replacement, duplicate, foreign lab, wrong purpose or kind cannot associate (0.1905ms)
✔ only successful empty inspection establishes absence; failed or malformed output does not (0.947209ms)
✔ observation schema rejects duplicate identities, arbitrary state and forged link health (0.48375ms)
✔ executed trial declarations retain the independent two-node and endpoint expectations (3.256041ms)
✔ SRL alias is native evidence separate from declaration and actual interface (3.533041ms)
✔ no guessed alias or substitute Linux kind (0.204959ms)
✔ changed name, index or namespace remains unresolved (0.392125ms)
✔ missing alias does not prove interface deletion and leaves peer visible (0.206458ms)
✔ profile DTO rejects arbitrary kinds, aliases, properties, peers and conflicting identities (0.770792ms)
ℹ tests 55
ℹ suites 0
ℹ pass 55
ℹ fail 0
ℹ cancelled 0
ℹ skipped 0
ℹ todo 0
ℹ duration_ms 161.827667
