
> containerlab-synthetic-preview@0.1.0 test
> node --test tests/contract.test.ts tests/native.test.ts tests/declared.test.ts tests/live.test.ts tests/observation.test.ts tests/interfaces.test.ts tests/link-state.test.ts tests/profile.test.ts tests/multi.test.ts

✔ independent expected files retain their published hashes (0.964792ms)
✔ F1 retains independent node, link occurrence and alias expectations (not native execution) (5.140917ms)
✔ F2 is diagnostic-only, with no raw source or synthetic secret in browser fixture (0.247625ms)
✔ F3 missing input never produces invented nodes (0.1785ms)
✔ F4 external roles remain distinct and explicitly unresolved (0.27125ms)
✔ F5 duplicate declarations survive as two occurrence identities with rejection (0.207083ms)
✔ unknown fields at every boundary are rejected, never stripped silently (2.647459ms)
✔ IDs are unique and revision-scoped; all references must resolve (4.054667ms)
✔ redacted/unavailable values cannot carry data; unknowns require reasons (0.660291ms)
✔ F6 text/node/response bounds reject rather than truncate graph data (2.030875ms)
✔ operational capabilities and foreign session fields are rejected, not authenticated (1.470958ms)
✔ safe errors do not echo malformed data, native diagnostics or secrets (0.186ms)
✔ same immutable synthetic revision has stable IDs and output (0.191042ms)
✔ 63 declaration fixtures and all pinned source/evidence hashes verify (15.095167ms)
✔ independent declaration object/dependency expectations remain intact (2.014041ms)
✔ specific reviewed errors identify template/schema rejection without raw native errors (0.455333ms)
✔ contract rejects disclosure, forged resolution, invalid references, duplicate IDs and budgets (4.814375ms)
✔ adapter omits hostile raw dependency strings and unreviewed configuration (7.025958ms)
✔ display text stays text in schema, with bounds rather than HTML interpretation (0.184708ms)
✔ interface association retains native operational state but never infers admin, carrier or continuity (4.785375ms)
✔ changed namespace, index or MAC cannot inherit old interface observation (0.435583ms)
✔ complete absence, partial failure, stopped namespace and container absence remain distinct (0.290125ms)
✔ duplicates, foreign IDs, unknown fields and invented health fail closed (0.838208ms)
✔ Linux flags are separate from native operstate and never prove peer or continuity (5.291917ms)
✔ partial Linux failure preserves native evidence and the other endpoint (0.264458ms)
✔ changed enrolled attributes withhold even successful supplemental facts (0.229875ms)
✔ exact tuple reuse cannot upgrade continuity (0.341542ms)
✔ invented carrier, peer, source, raw fields or unassociated state are rejected (1.667625ms)
✔ live contract separates executed provenance and stable bundle IDs from recorded evidence (14.067667ms)
✔ worker provenance, cleanup, output and error disclosure fail closed (0.411917ms)
✔ reviewed dependency assessments are bounded bundle membership, never resolution (1.688916ms)
✔ independent parallel occurrences and disconnected node retain exact native facts (10.223542ms)
✔ partial node inspection, ambiguity, alias loss and literal absence preserve other occurrences (3.797417ms)
✔ full identity replacement rejects; namespace/interface changes and partial enrollment never adopt (2.287833ms)
✔ unsupported kinds and external roles remain explicit without invented observations (1.012084ms)
✔ strict disclosure, reference, bounds and unknown identity/state claims fail closed (2.687333ms)
✔ 58 recorded fixtures validate; source hashes and evidence pin match retained bytes (10.501083ms)
✔ native F1 matches independent kinds, counts and alias; source tokens are not invented (0.581833ms)
✔ native F4 roles survive endpoint ordering and F5 preserves accepted duplicate occurrences (0.24275ms)
✔ F7 independent single-ended requirement never invents a peer (1.441583ms)
✔ rejections remain diagnostic-only and original/context identities stay separate (0.21325ms)
✔ native DTO rejects unknown fields, bad references, invented origins and capabilities (2.590125ms)
✔ projection ignores unreviewed native attributes and fails closed on unsupported arity (1.615667ms)
✔ projection treats native display strings as text and does not turn them into IDs or URLs (0.373125ms)
✔ observations associate full resource IDs and expose only approved fields (3.247958ms)
✔ same-name replacement, duplicate, foreign lab, wrong purpose or kind cannot associate (0.201417ms)
✔ only successful empty inspection establishes absence; failed or malformed output does not (0.540083ms)
✔ observation schema rejects duplicate identities, arbitrary state and forged link health (0.346208ms)
✔ executed trial declarations retain the independent two-node and endpoint expectations (2.518041ms)
✔ SRL alias is native evidence separate from declaration and actual interface (4.03575ms)
✔ no guessed alias or substitute Linux kind (0.220583ms)
✔ changed name, index or namespace remains unresolved (0.405833ms)
✔ missing alias does not prove interface deletion and leaves peer visible (0.21475ms)
✔ profile DTO rejects arbitrary kinds, aliases, properties, peers and conflicting identities (0.802917ms)
ℹ tests 54
ℹ suites 0
ℹ pass 54
ℹ fail 0
ℹ cancelled 0
ℹ skipped 0
ℹ todo 0
ℹ duration_ms 164.558584
