
> containerlab-synthetic-preview@0.1.0 test
> node --test tests/contract.test.ts tests/native.test.ts tests/declared.test.ts tests/live.test.ts tests/observation.test.ts tests/interfaces.test.ts tests/link-state.test.ts tests/profile.test.ts tests/multi.test.ts

✔ independent expected files retain their published hashes (2.131792ms)
✔ F1 retains independent node, link occurrence and alias expectations (not native execution) (4.184833ms)
✔ F2 is diagnostic-only, with no raw source or synthetic secret in browser fixture (0.160792ms)
✔ F3 missing input never produces invented nodes (0.149584ms)
✔ F4 external roles remain distinct and explicitly unresolved (0.227916ms)
✔ F5 duplicate declarations survive as two occurrence identities with rejection (0.197125ms)
✔ unknown fields at every boundary are rejected, never stripped silently (2.177458ms)
✔ IDs are unique and revision-scoped; all references must resolve (3.344084ms)
✔ redacted/unavailable values cannot carry data; unknowns require reasons (0.606708ms)
✔ F6 text/node/response bounds reject rather than truncate graph data (1.681666ms)
✔ operational capabilities and foreign session fields are rejected, not authenticated (1.72425ms)
✔ safe errors do not echo malformed data, native diagnostics or secrets (0.189208ms)
✔ same immutable synthetic revision has stable IDs and output (0.189875ms)
✔ 63 declaration fixtures and all pinned source/evidence hashes verify (17.440041ms)
✔ independent declaration object/dependency expectations remain intact (1.008709ms)
✔ specific reviewed errors identify template/schema rejection without raw native errors (0.193375ms)
✔ contract rejects disclosure, forged resolution, invalid references, duplicate IDs and budgets (8.347584ms)
✔ adapter omits hostile raw dependency strings and unreviewed configuration (6.129458ms)
✔ display text stays text in schema, with bounds rather than HTML interpretation (0.177375ms)
✔ interface association retains native operational state but never infers admin, carrier or continuity (4.498833ms)
✔ changed namespace, index or MAC cannot inherit old interface observation (0.391459ms)
✔ complete absence, partial failure, stopped namespace and container absence remain distinct (0.317583ms)
✔ duplicates, foreign IDs, unknown fields and invented health fail closed (0.86825ms)
✔ Linux flags are separate from native operstate and never prove peer or continuity (4.584834ms)
✔ partial Linux failure preserves native evidence and the other endpoint (0.244083ms)
✔ changed enrolled attributes withhold even successful supplemental facts (0.227ms)
✔ exact tuple reuse cannot upgrade continuity (0.35ms)
✔ invented carrier, peer, source, raw fields or unassociated state are rejected (1.878667ms)
✔ live contract separates executed provenance and stable bundle IDs from recorded evidence (11.087459ms)
✔ worker provenance, cleanup, output and error disclosure fail closed (0.424542ms)
✔ reviewed dependency assessments are bounded bundle membership, never resolution (4.609792ms)
✔ independent parallel occurrences and disconnected node retain exact native facts (10.298958ms)
✔ partial node inspection, ambiguity, alias loss and literal absence preserve other occurrences (3.602917ms)
✔ full identity replacement rejects; namespace/interface changes and partial enrollment never adopt (1.83025ms)
✔ unsupported kinds and external roles remain explicit without invented observations (0.965458ms)
✔ strict disclosure, reference, bounds and unknown identity/state claims fail closed (3.098208ms)
✔ 58 recorded fixtures validate; source hashes and evidence pin match retained bytes (15.935833ms)
✔ native F1 matches independent kinds, counts and alias; source tokens are not invented (0.761792ms)
✔ native F4 roles survive endpoint ordering and F5 preserves accepted duplicate occurrences (0.41525ms)
✔ F7 independent single-ended requirement never invents a peer (1.93ms)
✔ rejections remain diagnostic-only and original/context identities stay separate (0.253833ms)
✔ native DTO rejects unknown fields, bad references, invented origins and capabilities (2.964459ms)
✔ projection ignores unreviewed native attributes and fails closed on unsupported arity (1.468417ms)
✔ projection treats native display strings as text and does not turn them into IDs or URLs (0.347833ms)
✔ observations associate full resource IDs and expose only approved fields (3.153625ms)
✔ same-name replacement, duplicate, foreign lab, wrong purpose or kind cannot associate (0.206584ms)
✔ only successful empty inspection establishes absence; failed or malformed output does not (0.519917ms)
✔ observation schema rejects duplicate identities, arbitrary state and forged link health (0.338375ms)
✔ executed trial declarations retain the independent two-node and endpoint expectations (3.376917ms)
✔ SRL alias is native evidence separate from declaration and actual interface (4.252542ms)
✔ no guessed alias or substitute Linux kind (0.208542ms)
✔ changed name, index or namespace remains unresolved (0.407ms)
✔ missing alias does not prove interface deletion and leaves peer visible (0.195709ms)
✔ profile DTO rejects arbitrary kinds, aliases, properties, peers and conflicting identities (0.883917ms)
ℹ tests 54
ℹ suites 0
ℹ pass 54
ℹ fail 0
ℹ cancelled 0
ℹ skipped 0
ℹ todo 0
ℹ duration_ms 162.298667
