07:30:01 INFO Parsing & checking topology file=topology.clab.yml
07:30:01 WARN Deprecation notice
  notice=
  │ You are using a deprecated SR Linux node type name. Consider using a new format with dashes. Example: ixr-d2l, ixr-h5-64d, etc.
  │ Deprecated type format will be removed after January 2026
 deprecated type=ixrd2
07:30:01 INFO Parsing & checking topology file=topology.clab.yml
07:30:01 WARN Deprecation notice
  notice=
  │ You are using a deprecated SR Linux node type name. Consider using a new format with dashes. Example: ixr-d2l, ixr-h5-64d, etc.
  │ Deprecated type format will be removed after January 2026
 deprecated type=ixrd2
07:30:01 INFO Destroying lab name=observation-slice
07:30:01 ERRO container "clab-observation-slice-router" exited; container output:
Fri Sep 25 11:27:46 UTC 2026: entrypoint.sh called
Fri Sep 25 11:27:46 UTC 2026: Calling boot_run script
Actual changes:
tx-checksum-ip-generic: off
tx-tcp-segmentation: off [not requested]
tx-tcp-ecn-segmentation: off [not requested]
tx-tcp-mangleid-segmentation: off [not requested]
tx-tcp6-segmentation: off [not requested]
tx-checksum-sctp: off
rx-checksum: off
1000
Fri Sep 25 11:27:47 UTC 2026: entrypoint.sh done, executing sudo -E bash -c touch /.dockerenv && /opt/srlinux/bin/sr_linux

/usr/bin/sudo --non-interactive -- /opt/srlinux/bin/sr_linux --sudo-switched

sr_app_mgr: Not starting in a named namespace, giving it the name "srbase"
sr_app_mgr: Unix domain socket directory is /opt/srlinux/var/run/
Log directory is /var/log/srlinux/stdout
  Found supportd: PID 1323
  Application supportd is running: PID 1323
  Started dev_mgr: source /etc/profile.d/sr_app_env.sh &>/dev/null; /usr/bin/bash -lc "./sr_device_mgr" >>/var/log/srlinux/stdout/dev_mgr.log 2>&1 &
  Application dev_mgr is running: PID 1741
  Started idb_server: source /etc/profile.d/sr_app_env.sh &>/dev/null; /usr/bin/bash -lc "./sr_idb_server" >>/var/log/srlinux/stdout/idb_server.log 2>&1 &
  Application idb_server is running: PID 1796
  Started aaa_mgr: source /etc/profile.d/sr_app_env.sh &>/dev/null; /usr/bin/bash -lc "./sr_aaa_mgr" >>/var/log/srlinux/stdout/aaa_mgr.log 2>&1 &
  Started acl_mgr: source /etc/profile.d/sr_app_env.sh &>/dev/null; /usr/bin/bash -lc "./sr_acl_mgr" >>/var/log/srlinux/stdout/acl_mgr.log 2>&1 &
  Started arp_nd_mgr: source /etc/profile.d/sr_app_env.sh &>/dev/null; /usr/bin/bash -lc "./sr_arp_nd_mgr" >>/var/log/srlinux/stdout/arp_nd_mgr.log 2>&1 &
  Started bfd_mgr: source /etc/profile.d/sr_app_env.sh &>/dev/null; /usr/bin/bash -lc "./sr_bfd_mgr" >>/var/log/srlinux/stdout/bfd_mgr.log 2>&1 &
  Started chassis_mgr: source /etc/profile.d/sr_app_env.sh &>/dev/null; /usr/bin/bash -lc "./sr_chassis_mgr" >>/var/log/srlinux/stdout/chassis_mgr.log 2>&1 &
  Started dhcp_client_mgr: source /etc/profile.d/sr_app_env.sh &>/dev/null; /usr/bin/bash -lc "./sr_dhcp_client_mgr" >>/var/log/srlinux/stdout/dhcp_client_mgr.log 2>&1 &
  Started evpn_mgr: source /etc/profile.d/sr_app_env.sh &>/dev/null; /usr/bin/bash -lc "./sr_evpn_mgr" >>/var/log/srlinux/stdout/evpn_mgr.log 2>&1 &
  Started fib_mgr: source /etc/profile.d/sr_app_env.sh &>/dev/null; /usr/bin/bash -lc "./sr_fib_mgr" >>/var/log/srlinux/stdout/fib_mgr.log 2>&1 &
  Started l2_mac_learn_mgr: source /etc/profile.d/sr_app_env.sh &>/dev/null; /usr/bin/bash -lc "./sr_l2_mac_learn_mgr" >>/var/log/srlinux/stdout/l2_mac_learn_mgr.log 2>&1 &
  Started l2_mac_mgr: source /etc/profile.d/sr_app_env.sh &>/dev/null; /usr/bin/bash -lc "./sr_l2_mac_mgr" >>/var/log/srlinux/stdout/l2_mac_mgr.log 2>&1 &
  Started lag_mgr: source /etc/profile.d/sr_app_env.sh &>/dev/null; /usr/bin/bash -lc "./sr_lag_mgr" >>/var/log/srlinux/stdout/lag_mgr.log 2>&1 &
  Started license_mgr: source /etc/profile.d/sr_app_env.sh &>/dev/null; /usr/bin/bash -lc "./sr_license_mgr" >>/var/log/srlinux/stdout/license_mgr.log 2>&1 &
  Started linux_mgr: source /etc/profile.d/sr_app_env.sh &>/dev/null; /usr/bin/bash -lc "./sr_linux_mgr" >>/var/log/srlinux/stdout/linux_mgr.log 2>&1 &
  Started log_mgr: source /etc/profile.d/sr_app_env.sh &>/dev/null; /usr/bin/bash -lc "./sr_log_mgr" >>/var/log/srlinux/stdout/log_mgr.log 2>&1 &
  Started mcid_mgr: source /etc/profile.d/sr_app_env.sh &>/dev/null; /usr/bin/bash -lc "./sr_mcid_mgr" >>/var/log/srlinux/stdout/mcid_mgr.log 2>&1 &
  Started mfib_mgr: source /etc/profile.d/sr_app_env.sh &>/dev/null; /usr/bin/bash -lc "./sr_mfib_mgr" >>/var/log/srlinux/stdout/mfib_mgr.log 2>&1 &
  Started mgmt_server: source /etc/profile.d/sr_app_env.sh &>/dev/null; /usr/bin/bash -lc "./sr_mgmt_server" >>/var/log/srlinux/stdout/mgmt_server.log 2>&1 &
  Started net_inst_mgr: source /etc/profile.d/sr_app_env.sh &>/dev/null; /usr/bin/bash -lc "./sr_net_inst_mgr" >>/var/log/srlinux/stdout/net_inst_mgr.log 2>&1 &
  Started radius_mgr: source /etc/profile.d/sr_app_env.sh &>/dev/null; /usr/bin/bash -lc "./sr_radius_mgr" >>/var/log/srlinux/stdout/radius_mgr.log 2>&1 &
  Started sdk_mgr: source /etc/profile.d/sr_app_env.sh &>/dev/null; /usr/bin/bash -lc "./sr_sdk_mgr" >>/var/log/srlinux/stdout/sdk_mgr.log 2>&1 &
  Started sflow_sample_mgr: source /etc/profile.d/sr_app_env.sh &>/dev/null; /usr/bin/bash -lc "./sr_sflow_sample_mgr" >>/var/log/srlinux/stdout/sflow_sample_mgr.log 2>&1 &
  Started xdp_lc_1: source /etc/profile.d/sr_app_env.sh &>/dev/null; /usr/bin/bash -lc "exec -a sr_xdp_lc_1 ./sr_xdp_lc  --slot_num 1 --complex_num 2" >>/var/log/srlinux/stdout/xdp_lc_1.log 2>&1 &
  Application aaa_mgr is running: PID 1834
  Application acl_mgr is running: PID 1856
  Application arp_nd_mgr is running: PID 1891
  Application bfd_mgr is running: PID 1936
  Application chassis_mgr is running: PID 1964
  Application dhcp_client_mgr is running: PID 2000
  Application evpn_mgr is running: PID 2055
  Application fib_mgr is running: PID 2075
  Application l2_mac_learn_mgr is running: PID 2125
  Application l2_mac_mgr is running: PID 2146
  Application lag_mgr is running: PID 2174
  Application license_mgr is running: PID 2215
  Application linux_mgr is running: PID 2251
  Application log_mgr is running: PID 2299
  Application mcid_mgr is running: PID 2336
  Application mfib_mgr is running: PID 2408
  Application mgmt_server is running: PID 2449
  Application net_inst_mgr is running: PID 2477
  Application radius_mgr is running: PID 2523
  Application sdk_mgr is running: PID 2570
  Application sflow_sample_mgr is running: PID 2596
  Application xdp_lc_1 is running: PID 2630
07:30:01 ERRO container "clab-observation-slice-router" exited; container output:
Fri Sep 25 11:27:46 UTC 2026: entrypoint.sh called
Fri Sep 25 11:27:46 UTC 2026: Calling boot_run script
Actual changes:
tx-checksum-ip-generic: off
tx-tcp-segmentation: off [not requested]
tx-tcp-ecn-segmentation: off [not requested]
tx-tcp-mangleid-segmentation: off [not requested]
tx-tcp6-segmentation: off [not requested]
tx-checksum-sctp: off
rx-checksum: off
1000
Fri Sep 25 11:27:47 UTC 2026: entrypoint.sh done, executing sudo -E bash -c touch /.dockerenv && /opt/srlinux/bin/sr_linux

/usr/bin/sudo --non-interactive -- /opt/srlinux/bin/sr_linux --sudo-switched

sr_app_mgr: Not starting in a named namespace, giving it the name "srbase"
sr_app_mgr: Unix domain socket directory is /opt/srlinux/var/run/
Log directory is /var/log/srlinux/stdout
  Found supportd: PID 1323
  Application supportd is running: PID 1323
  Started dev_mgr: source /etc/profile.d/sr_app_env.sh &>/dev/null; /usr/bin/bash -lc "./sr_device_mgr" >>/var/log/srlinux/stdout/dev_mgr.log 2>&1 &
  Application dev_mgr is running: PID 1741
  Started idb_server: source /etc/profile.d/sr_app_env.sh &>/dev/null; /usr/bin/bash -lc "./sr_idb_server" >>/var/log/srlinux/stdout/idb_server.log 2>&1 &
  Application idb_server is running: PID 1796
  Started aaa_mgr: source /etc/profile.d/sr_app_env.sh &>/dev/null; /usr/bin/bash -lc "./sr_aaa_mgr" >>/var/log/srlinux/stdout/aaa_mgr.log 2>&1 &
  Started acl_mgr: source /etc/profile.d/sr_app_env.sh &>/dev/null; /usr/bin/bash -lc "./sr_acl_mgr" >>/var/log/srlinux/stdout/acl_mgr.log 2>&1 &
  Started arp_nd_mgr: source /etc/profile.d/sr_app_env.sh &>/dev/null; /usr/bin/bash -lc "./sr_arp_nd_mgr" >>/var/log/srlinux/stdout/arp_nd_mgr.log 2>&1 &
  Started bfd_mgr: source /etc/profile.d/sr_app_env.sh &>/dev/null; /usr/bin/bash -lc "./sr_bfd_mgr" >>/var/log/srlinux/stdout/bfd_mgr.log 2>&1 &
  Started chassis_mgr: source /etc/profile.d/sr_app_env.sh &>/dev/null; /usr/bin/bash -lc "./sr_chassis_mgr" >>/var/log/srlinux/stdout/chassis_mgr.log 2>&1 &
  Started dhcp_client_mgr: source /etc/profile.d/sr_app_env.sh &>/dev/null; /usr/bin/bash -lc "./sr_dhcp_client_mgr" >>/var/log/srlinux/stdout/dhcp_client_mgr.log 2>&1 &
  Started evpn_mgr: source /etc/profile.d/sr_app_env.sh &>/dev/null; /usr/bin/bash -lc "./sr_evpn_mgr" >>/var/log/srlinux/stdout/evpn_mgr.log 2>&1 &
  Started fib_mgr: source /etc/profile.d/sr_app_env.sh &>/dev/null; /usr/bin/bash -lc "./sr_fib_mgr" >>/var/log/srlinux/stdout/fib_mgr.log 2>&1 &
  Started l2_mac_learn_mgr: source /etc/profile.d/sr_app_env.sh &>/dev/null; /usr/bin/bash -lc "./sr_l2_mac_learn_mgr" >>/var/log/srlinux/stdout/l2_mac_learn_mgr.log 2>&1 &
  Started l2_mac_mgr: source /etc/profile.d/sr_app_env.sh &>/dev/null; /usr/bin/bash -lc "./sr_l2_mac_mgr" >>/var/log/srlinux/stdout/l2_mac_mgr.log 2>&1 &
  Started lag_mgr: source /etc/profile.d/sr_app_env.sh &>/dev/null; /usr/bin/bash -lc "./sr_lag_mgr" >>/var/log/srlinux/stdout/lag_mgr.log 2>&1 &
  Started license_mgr: source /etc/profile.d/sr_app_env.sh &>/dev/null; /usr/bin/bash -lc "./sr_license_mgr" >>/var/log/srlinux/stdout/license_mgr.log 2>&1 &
  Started linux_mgr: source /etc/profile.d/sr_app_env.sh &>/dev/null; /usr/bin/bash -lc "./sr_linux_mgr" >>/var/log/srlinux/stdout/linux_mgr.log 2>&1 &
  Started log_mgr: source /etc/profile.d/sr_app_env.sh &>/dev/null; /usr/bin/bash -lc "./sr_log_mgr" >>/var/log/srlinux/stdout/log_mgr.log 2>&1 &
  Started mcid_mgr: source /etc/profile.d/sr_app_env.sh &>/dev/null; /usr/bin/bash -lc "./sr_mcid_mgr" >>/var/log/srlinux/stdout/mcid_mgr.log 2>&1 &
  Started mfib_mgr: source /etc/profile.d/sr_app_env.sh &>/dev/null; /usr/bin/bash -lc "./sr_mfib_mgr" >>/var/log/srlinux/stdout/mfib_mgr.log 2>&1 &
  Started mgmt_server: source /etc/profile.d/sr_app_env.sh &>/dev/null; /usr/bin/bash -lc "./sr_mgmt_server" >>/var/log/srlinux/stdout/mgmt_server.log 2>&1 &
  Started net_inst_mgr: source /etc/profile.d/sr_app_env.sh &>/dev/null; /usr/bin/bash -lc "./sr_net_inst_mgr" >>/var/log/srlinux/stdout/net_inst_mgr.log 2>&1 &
  Started radius_mgr: source /etc/profile.d/sr_app_env.sh &>/dev/null; /usr/bin/bash -lc "./sr_radius_mgr" >>/var/log/srlinux/stdout/radius_mgr.log 2>&1 &
  Started sdk_mgr: source /etc/profile.d/sr_app_env.sh &>/dev/null; /usr/bin/bash -lc "./sr_sdk_mgr" >>/var/log/srlinux/stdout/sdk_mgr.log 2>&1 &
  Started sflow_sample_mgr: source /etc/profile.d/sr_app_env.sh &>/dev/null; /usr/bin/bash -lc "./sr_sflow_sample_mgr" >>/var/log/srlinux/stdout/sflow_sample_mgr.log 2>&1 &
  Started xdp_lc_1: source /etc/profile.d/sr_app_env.sh &>/dev/null; /usr/bin/bash -lc "exec -a sr_xdp_lc_1 ./sr_xdp_lc  --slot_num 1 --complex_num 2" >>/var/log/srlinux/stdout/xdp_lc_1.log 2>&1 &
  Application aaa_mgr is running: PID 1834
  Application acl_mgr is running: PID 1856
  Application arp_nd_mgr is running: PID 1891
  Application bfd_mgr is running: PID 1936
  Application chassis_mgr is running: PID 1964
  Application dhcp_client_mgr is running: PID 2000
  Application evpn_mgr is running: PID 2055
  Application fib_mgr is running: PID 2075
  Application l2_mac_learn_mgr is running: PID 2125
  Application l2_mac_mgr is running: PID 2146
  Application lag_mgr is running: PID 2174
  Application license_mgr is running: PID 2215
  Application linux_mgr is running: PID 2251
  Application log_mgr is running: PID 2299
  Application mcid_mgr is running: PID 2336
  Application mfib_mgr is running: PID 2408
  Application mgmt_server is running: PID 2449
  Application net_inst_mgr is running: PID 2477
  Application radius_mgr is running: PID 2523
  Application sdk_mgr is running: PID 2570
  Application sflow_sample_mgr is running: PID 2596
  Application xdp_lc_1 is running: PID 2630
07:30:01 INFO Removed container name=clab-observation-slice-router
07:30:01 INFO Removed container name=clab-observation-slice-isolated
07:30:01 INFO Removed container name=clab-observation-slice-client
07:30:01 INFO Removing host entries path=/etc/hosts
07:30:01 INFO Removing SSH config path=/etc/ssh/ssh_config.d/clab-observation-slice.conf
