
> containerlab-synthetic-preview@0.1.0 test:multi
> node --test tests/integration/multi.test.ts

✖ actual bounded multi endpoint transitions and outdated enrollment (12978.443291ms)
ℹ tests 1
ℹ suites 0
ℹ pass 0
ℹ fail 1
ℹ cancelled 0
ℹ skipped 0
ℹ todo 0
ℹ duration_ms 13091.087209

✖ failing tests:

test at tests/integration/multi.test.ts:3:1
✖ actual bounded multi endpoint transitions and outdated enrollment (12978.443291ms)
  AssertionError [ERR_ASSERTION]: Expected values to be strictly equal:
  + actual - expected
  
  + 'absent'
  - 'observed'
  
      at TestContext.<anonymous> (file:///Users/rklinkhammer/workspace/containerlab-workspace/tests/integration/multi.test.ts:17:162)
      at process.processTicksAndRejections (node:internal/process/task_queues:104:5)
      at async Test.run (node:internal/test_runner/test:1409:7)
      at async startSubtestAfterBootstrap (node:internal/test_runner/harness:387:3) {
    generatedMessage: true,
    code: 'ERR_ASSERTION',
    actual: 'absent',
    expected: 'observed',
    operator: 'strictEqual',
    diff: 'simple'
  }
