
> containerlab-synthetic-preview@0.1.0 test:browser
> playwright test

[WebServer] (node:60297) Warning: The 'NO_COLOR' env is ignored due to the 'FORCE_COLOR' env being set.
[WebServer] (Use `node --trace-warnings ...` to show where the warning was created)

Running 34 tests using 1 worker

(node:60298) Warning: The 'NO_COLOR' env is ignored due to the 'FORCE_COLOR' env being set.
(Use `node --trace-warnings ...` to show where the warning was created)
  -   1 tests/browser/capacity-faults.spec.ts:2:1 › maximum-size GUI retains historical evidence on actual injected collection failures
  -   2 tests/browser/capacity.spec.ts:2:1 › capacity live refresh samples preserve occurrence selection and responsiveness
  -   3 tests/browser/consolidation-faults.spec.ts:2:1 › maximum-size GUI retains historical evidence on actual injected collection failures
  -   4 tests/browser/consolidation.spec.ts:2:1 › consolidated live refresh samples preserve occurrence selection and responsiveness
  ✓   5 tests/browser/consolidation.spec.ts:14:1 › incompatible session explains fresh enrollment and recorded views remain available (mock) (266ms)
  ✓   6 tests/browser/declared.spec.ts:2:1 › declared missing-bind topology renders with explicit unresolved dependencies (254ms)
  ✓   7 tests/browser/declared.spec.ts:13:1 › declarations preserve single-ended, dangling, parallel and external occurrences (205ms)
  ✓   8 tests/browser/declared.spec.ts:24:1 › specific errors and keyboard navigation work at narrow width (193ms)
  ✓   9 tests/browser/declared.spec.ts:36:1 › declared labels render hostile text without creating HTML or requests (139ms)
  -  10 tests/browser/interfaces.spec.ts:2:1 › actual endpoint inspector follows native operational down/up without claiming link health
  ✓  11 tests/browser/interfaces.spec.ts:10:1 › endpoint absence and unresolved replacements retain declared links (transport mock) (369ms)
  ✓  12 tests/browser/link-state.spec.ts:2:1 › administrative, carrier and operational facts render independently with provenance (transport mock) (303ms)
  -  13 tests/browser/multi.spec.ts:2:1 › actual multiple endpoint occurrences, parallel selection and disconnected state
  ✓  14 tests/browser/multi.spec.ts:11:1 › multi occurrence partial failures, hostile text, stale and superseded responses (mock) (1.8s)
  -  15 tests/browser/observation.spec.ts:4:1 › actual runtime inspection retains declaration selection across stop and recovery
  ✓  16 tests/browser/observation.spec.ts:22:1 › polling, failure, stale data, cancellation and recovery (transport control) (19.9s)
  ✓  17 tests/browser/observation.spec.ts:32:1 › observation routes expose no mutation and reject foreign browser origin (15ms)
  ✓  18 tests/browser/on-demand.spec.ts:2:1 › on-demand view clearly reports an unavailable worker without a session (236ms)
  -  19 tests/browser/on-demand.spec.ts:7:1 › actual native load renders declarations and live bundle provenance
  -  20 tests/browser/on-demand.spec.ts:17:1 › actual native schema and missing-template errors remain specific
  ✓  21 tests/browser/on-demand.spec.ts:23:1 › local API rejects arbitrary bundle/path payloads and cross-origin execution (8ms)
  ✓  22 tests/browser/on-demand.spec.ts:30:1 › UI cancellation discards stale responses (transport mock) (312ms)
  -  23 tests/browser/on-demand.spec.ts:37:1 › expanded approved cases expose native objects and scoped dependency evidence
  ✓  24 tests/browser/preview.spec.ts:2:1 › F1 graph, parallel occurrences and keyboard-accessible inspectors (318ms)
  ✓  25 tests/browser/preview.spec.ts:16:1 › special endpoints preserve roles; duplicate occurrences remain rejected (267ms)
  ✓  26 tests/browser/preview.spec.ts:21:1 › rejection and missing-input views never fabricate graph nodes (209ms)
  ✓  27 tests/browser/preview.spec.ts:25:1 › hostile display text stays inert; CSP blocks inline scripts and network (213ms)
  ✓  28 tests/browser/preview.spec.ts:36:1 › bounded long text has explicit truncation; over-limit graph rejected (215ms)
  ✓  29 tests/browser/preview.spec.ts:41:1 › loopback static server denies mutation, source files and traversal (6ms)
  ✓  30 tests/browser/preview.spec.ts:45:1 › narrow viewport exposes object list and inspector without page overflow (235ms)
  ✓  31 tests/browser/preview.spec.ts:51:1 › recorded native single-ended link has no fabricated peer and keyboard inspector (240ms)
  ✓  32 tests/browser/preview.spec.ts:59:1 › native preview preserves parallel links, aliases, source roles and rejected inputs (254ms)
  ✓  33 tests/browser/preview.spec.ts:67:1 › recorded native evidence remains readable at narrow width (226ms)
  -  34 tests/browser/profile.spec.ts:2:1 › actual SR Linux profile preserves declared alias and native name in inspectors

  11 skipped
  23 passed (27.4s)
