
> containerlab-synthetic-preview@0.1.0 test
> node --test tests/contract.test.ts tests/native.test.ts tests/declared.test.ts tests/live.test.ts tests/observation.test.ts tests/interfaces.test.ts tests/link-state.test.ts tests/profile.test.ts tests/multi.test.ts tests/capacity.test.ts

✔ capacity profiles use0.6, exact32 occurrence maximum survives strict projection (15.157416ms)
✔ capacity maximum partial failure keeps every occurrence and unaffected native evidence (1.547958ms)
✔ capacity version/domain and one-over bounds reject without changing historical profile (3.559209ms)
✔ recorded previous SRL and Linux observations remain accepted, not newly runtime-qualified (3.233125ms)
✔ independent expected files retain their published hashes (1.041791ms)
✔ F1 retains independent node, link occurrence and alias expectations (not native execution) (5.532125ms)
✔ F2 is diagnostic-only, with no raw source or synthetic secret in browser fixture (0.171667ms)
✔ F3 missing input never produces invented nodes (0.139792ms)
✔ F4 external roles remain distinct and explicitly unresolved (0.218084ms)
✔ F5 duplicate declarations survive as two occurrence identities with rejection (0.190916ms)
✔ unknown fields at every boundary are rejected, never stripped silently (2.657208ms)
✔ IDs are unique and revision-scoped; all references must resolve (5.591625ms)
✔ redacted/unavailable values cannot carry data; unknowns require reasons (0.5475ms)
✔ F6 text/node/response bounds reject rather than truncate graph data (1.670834ms)
✔ operational capabilities and foreign session fields are rejected, not authenticated (0.864417ms)
✔ safe errors do not echo malformed data, native diagnostics or secrets (0.152666ms)
✔ same immutable synthetic revision has stable IDs and output (0.1715ms)
✔ 63 declaration fixtures and all pinned source/evidence hashes verify (12.64875ms)
✔ independent declaration object/dependency expectations remain intact (0.919458ms)
✔ specific reviewed errors identify template/schema rejection without raw native errors (0.193333ms)
✔ contract rejects disclosure, forged resolution, invalid references, duplicate IDs and budgets (6.615625ms)
✔ adapter omits hostile raw dependency strings and unreviewed configuration (6.521625ms)
✔ display text stays text in schema, with bounds rather than HTML interpretation (0.166083ms)
✔ interface association retains native operational state but never infers admin, carrier or continuity (6.188333ms)
✔ changed namespace, index or MAC cannot inherit old interface observation (0.379625ms)
✔ complete absence, partial failure, stopped namespace and container absence remain distinct (0.283916ms)
✔ duplicates, foreign IDs, unknown fields and invented health fail closed (0.799875ms)
✔ Linux flags are separate from native operstate and never prove peer or continuity (7.712042ms)
✔ partial Linux failure preserves native evidence and the other endpoint (0.26625ms)
✔ changed enrolled attributes withhold even successful supplemental facts (0.267834ms)
✔ exact tuple reuse cannot upgrade continuity (0.378209ms)
✔ invented carrier, peer, source, raw fields or unassociated state are rejected (2.117625ms)
✔ live contract separates executed provenance and stable bundle IDs from recorded evidence (12.737959ms)
✔ worker provenance, cleanup, output and error disclosure fail closed (0.433542ms)
✔ reviewed dependency assessments are bounded bundle membership, never resolution (3.222708ms)
✔ independent parallel occurrences and disconnected node retain exact native facts (9.914083ms)
✔ partial node inspection, ambiguity, alias loss and literal absence preserve other occurrences (2.456292ms)
✔ full identity replacement rejects; namespace/interface changes and partial enrollment never adopt (1.633833ms)
✔ unsupported kinds and external roles remain explicit without invented observations (1.258292ms)
✔ strict disclosure, reference, bounds and unknown identity/state claims fail closed (2.207125ms)
✔ maximum bounded enrollment accepted; one over each collection rejected (0.975375ms)
✔ 58 recorded fixtures validate; source hashes and evidence pin match retained bytes (8.286416ms)
✔ native F1 matches independent kinds, counts and alias; source tokens are not invented (0.647917ms)
✔ native F4 roles survive endpoint ordering and F5 preserves accepted duplicate occurrences (0.358291ms)
✔ F7 independent single-ended requirement never invents a peer (1.710833ms)
✔ rejections remain diagnostic-only and original/context identities stay separate (0.239916ms)
✔ native DTO rejects unknown fields, bad references, invented origins and capabilities (2.868292ms)
✔ projection ignores unreviewed native attributes and fails closed on unsupported arity (1.466ms)
✔ projection treats native display strings as text and does not turn them into IDs or URLs (0.374625ms)
✔ observations associate full resource IDs and expose only approved fields (4.892042ms)
✔ same-name replacement, duplicate, foreign lab, wrong purpose or kind cannot associate (0.202334ms)
✔ only successful empty inspection establishes absence; failed or malformed output does not (0.529167ms)
✔ observation schema rejects duplicate identities, arbitrary state and forged link health (0.353958ms)
✔ executed trial declarations retain the independent two-node and endpoint expectations (3.399041ms)
✔ SRL alias is native evidence separate from declaration and actual interface (5.06ms)
✔ no guessed alias or substitute Linux kind (0.193583ms)
✔ changed name, index or namespace remains unresolved (0.382417ms)
✔ missing alias does not prove interface deletion and leaves peer visible (0.189833ms)
✔ profile DTO rejects arbitrary kinds, aliases, properties, peers and conflicting identities (0.766458ms)
ℹ tests 59
ℹ suites 0
ℹ pass 59
ℹ fail 0
ℹ cancelled 0
ℹ skipped 0
ℹ todo 0
ℹ duration_ms 183.648625
