
> containerlab-synthetic-preview@0.1.0 test
> node --test tests/contract.test.ts tests/native.test.ts tests/declared.test.ts tests/live.test.ts tests/observation.test.ts tests/interfaces.test.ts tests/link-state.test.ts tests/profile.test.ts tests/multi.test.ts tests/capacity.test.ts tests/session-migration.test.ts

✔ capacity profiles use0.6, exact32 occurrence maximum survives strict projection (14.038916ms)
✔ capacity maximum partial failure keeps every occurrence and unaffected native evidence (1.355125ms)
✔ capacity version/domain and one-over bounds reject without changing historical profile (3.469333ms)
✔ recorded previous SRL and Linux observations remain accepted, not newly runtime-qualified (3.221209ms)
✔ independent expected files retain their published hashes (2.615625ms)
✔ F1 retains independent node, link occurrence and alias expectations (not native execution) (6.370708ms)
✔ F2 is diagnostic-only, with no raw source or synthetic secret in browser fixture (0.174583ms)
✔ F3 missing input never produces invented nodes (0.42925ms)
✔ F4 external roles remain distinct and explicitly unresolved (0.306042ms)
✔ F5 duplicate declarations survive as two occurrence identities with rejection (0.199833ms)
✔ unknown fields at every boundary are rejected, never stripped silently (1.799958ms)
✔ IDs are unique and revision-scoped; all references must resolve (2.628834ms)
✔ redacted/unavailable values cannot carry data; unknowns require reasons (0.642875ms)
✔ F6 text/node/response bounds reject rather than truncate graph data (1.597625ms)
✔ operational capabilities and foreign session fields are rejected, not authenticated (2.423916ms)
✔ safe errors do not echo malformed data, native diagnostics or secrets (0.208167ms)
✔ same immutable synthetic revision has stable IDs and output (0.220625ms)
✔ 63 declaration fixtures and all pinned source/evidence hashes verify (14.311083ms)
✔ independent declaration object/dependency expectations remain intact (1.41ms)
✔ specific reviewed errors identify template/schema rejection without raw native errors (0.352041ms)
✔ contract rejects disclosure, forged resolution, invalid references, duplicate IDs and budgets (3.856416ms)
✔ adapter omits hostile raw dependency strings and unreviewed configuration (5.994292ms)
✔ display text stays text in schema, with bounds rather than HTML interpretation (0.197208ms)
✔ interface association retains native operational state but never infers admin, carrier or continuity (4.744334ms)
✔ changed namespace, index or MAC cannot inherit old interface observation (0.384375ms)
✔ complete absence, partial failure, stopped namespace and container absence remain distinct (0.293458ms)
✔ duplicates, foreign IDs, unknown fields and invented health fail closed (0.799ms)
✔ Linux flags are separate from native operstate and never prove peer or continuity (5.5905ms)
✔ partial Linux failure preserves native evidence and the other endpoint (0.259292ms)
✔ changed enrolled attributes withhold even successful supplemental facts (0.239667ms)
✔ exact tuple reuse cannot upgrade continuity (0.340709ms)
✔ invented carrier, peer, source, raw fields or unassociated state are rejected (2.175333ms)
✔ live contract separates executed provenance and stable bundle IDs from recorded evidence (11.332459ms)
✔ worker provenance, cleanup, output and error disclosure fail closed (0.40525ms)
✔ reviewed dependency assessments are bounded bundle membership, never resolution (1.259291ms)
✔ independent parallel occurrences and disconnected node retain exact native facts (10.123875ms)
✔ partial node inspection, ambiguity, alias loss and literal absence preserve other occurrences (2.339208ms)
✔ full identity replacement rejects; namespace/interface changes and partial enrollment never adopt (1.743208ms)
✔ unsupported kinds and external roles remain explicit without invented observations (0.884125ms)
✔ strict disclosure, reference, bounds and unknown identity/state claims fail closed (2.088042ms)
✔ maximum bounded enrollment accepted; one over each collection rejected (1.165459ms)
✔ 58 recorded fixtures validate; source hashes and evidence pin match retained bytes (27.186125ms)
✔ native F1 matches independent kinds, counts and alias; source tokens are not invented (0.803541ms)
✔ native F4 roles survive endpoint ordering and F5 preserves accepted duplicate occurrences (0.289541ms)
✔ F7 independent single-ended requirement never invents a peer (1.080667ms)
✔ rejections remain diagnostic-only and original/context identities stay separate (0.191417ms)
✔ native DTO rejects unknown fields, bad references, invented origins and capabilities (2.546084ms)
✔ projection ignores unreviewed native attributes and fails closed on unsupported arity (1.34625ms)
✔ projection treats native display strings as text and does not turn them into IDs or URLs (0.337542ms)
✔ observations associate full resource IDs and expose only approved fields (3.709417ms)
✔ same-name replacement, duplicate, foreign lab, wrong purpose or kind cannot associate (0.210917ms)
✔ only successful empty inspection establishes absence; failed or malformed output does not (0.7575ms)
✔ observation schema rejects duplicate identities, arbitrary state and forged link health (0.397791ms)
✔ executed trial declarations retain the independent two-node and endpoint expectations (3.201833ms)
✔ SRL alias is native evidence separate from declaration and actual interface (5.013083ms)
✔ no guessed alias or substitute Linux kind (0.203417ms)
✔ changed name, index or namespace remains unresolved (1.384709ms)
✔ missing alias does not prove interface deletion and leaves peer visible (0.272333ms)
✔ profile DTO rejects arbitrary kinds, aliases, properties, peers and conflicting identities (0.810167ms)
✔ fresh manifest validates graph binding; old and tampered manifests rejected before any runtime call (10.72725ms)
✔ unchanged actual0.5 and0.6 recordings remain strict historical reads (11.079666ms)
✔ original0.1–0.4 recorded observations retain strict original meanings (6.14875ms)
ℹ tests 62
ℹ suites 0
ℹ pass 62
ℹ fail 0
ℹ cancelled 0
ℹ skipped 0
ℹ todo 0
ℹ duration_ms 202.436292
