
> containerlab-synthetic-preview@0.1.0 test
> node --test tests/contract.test.ts tests/native.test.ts tests/declared.test.ts tests/live.test.ts tests/observation.test.ts tests/interfaces.test.ts tests/link-state.test.ts tests/profile.test.ts tests/multi.test.ts tests/capacity.test.ts tests/session-migration.test.ts

✔ capacity profiles use0.6, exact32 occurrence maximum survives strict projection (18.788292ms)
✔ capacity maximum partial failure keeps every occurrence and unaffected native evidence (2.99325ms)
✔ capacity version/domain and one-over bounds reject without changing historical profile (3.481625ms)
✔ recorded previous SRL and Linux observations remain accepted, not newly runtime-qualified (3.291584ms)
✔ independent expected files retain their published hashes (0.889083ms)
✔ F1 retains independent node, link occurrence and alias expectations (not native execution) (4.162875ms)
✔ F2 is diagnostic-only, with no raw source or synthetic secret in browser fixture (0.193375ms)
✔ F3 missing input never produces invented nodes (0.146625ms)
✔ F4 external roles remain distinct and explicitly unresolved (0.226583ms)
✔ F5 duplicate declarations survive as two occurrence identities with rejection (0.187208ms)
✔ unknown fields at every boundary are rejected, never stripped silently (8.443166ms)
✔ IDs are unique and revision-scoped; all references must resolve (6.188791ms)
✔ redacted/unavailable values cannot carry data; unknowns require reasons (0.819541ms)
✔ F6 text/node/response bounds reject rather than truncate graph data (1.774958ms)
✔ operational capabilities and foreign session fields are rejected, not authenticated (2.402125ms)
✔ safe errors do not echo malformed data, native diagnostics or secrets (0.147667ms)
✔ same immutable synthetic revision has stable IDs and output (0.16725ms)
✔ 63 declaration fixtures and all pinned source/evidence hashes verify (21.069667ms)
✔ independent declaration object/dependency expectations remain intact (0.948ms)
✔ specific reviewed errors identify template/schema rejection without raw native errors (0.19325ms)
✔ contract rejects disclosure, forged resolution, invalid references, duplicate IDs and budgets (3.887042ms)
✔ adapter omits hostile raw dependency strings and unreviewed configuration (5.721292ms)
✔ display text stays text in schema, with bounds rather than HTML interpretation (0.167875ms)
✔ interface association retains native operational state but never infers admin, carrier or continuity (7.785125ms)
✔ changed namespace, index or MAC cannot inherit old interface observation (0.366208ms)
✔ complete absence, partial failure, stopped namespace and container absence remain distinct (0.271958ms)
✔ duplicates, foreign IDs, unknown fields and invented health fail closed (0.782958ms)
✔ Linux flags are separate from native operstate and never prove peer or continuity (14.020834ms)
✔ partial Linux failure preserves native evidence and the other endpoint (0.243375ms)
✔ changed enrolled attributes withhold even successful supplemental facts (0.233708ms)
✔ exact tuple reuse cannot upgrade continuity (0.333208ms)
✔ invented carrier, peer, source, raw fields or unassociated state are rejected (0.84625ms)
✔ live contract separates executed provenance and stable bundle IDs from recorded evidence (14.050959ms)
✔ worker provenance, cleanup, output and error disclosure fail closed (0.423583ms)
✔ reviewed dependency assessments are bounded bundle membership, never resolution (1.505042ms)
✔ independent parallel occurrences and disconnected node retain exact native facts (21.679083ms)
✔ partial node inspection, ambiguity, alias loss and literal absence preserve other occurrences (2.139125ms)
✔ full identity replacement rejects; namespace/interface changes and partial enrollment never adopt (1.686167ms)
✔ unsupported kinds and external roles remain explicit without invented observations (0.969042ms)
✔ strict disclosure, reference, bounds and unknown identity/state claims fail closed (2.0335ms)
✔ maximum bounded enrollment accepted; one over each collection rejected (1.3005ms)
✔ 58 recorded fixtures validate; source hashes and evidence pin match retained bytes (10.236875ms)
✔ native F1 matches independent kinds, counts and alias; source tokens are not invented (0.556792ms)
✔ native F4 roles survive endpoint ordering and F5 preserves accepted duplicate occurrences (0.281667ms)
✔ F7 independent single-ended requirement never invents a peer (1.47375ms)
✔ rejections remain diagnostic-only and original/context identities stay separate (0.228167ms)
✔ native DTO rejects unknown fields, bad references, invented origins and capabilities (2.568542ms)
✔ projection ignores unreviewed native attributes and fails closed on unsupported arity (1.452667ms)
✔ projection treats native display strings as text and does not turn them into IDs or URLs (0.358584ms)
✔ observations associate full resource IDs and expose only approved fields (4.63375ms)
✔ same-name replacement, duplicate, foreign lab, wrong purpose or kind cannot associate (0.206417ms)
✔ only successful empty inspection establishes absence; failed or malformed output does not (0.531917ms)
✔ observation schema rejects duplicate identities, arbitrary state and forged link health (0.322333ms)
✔ executed trial declarations retain the independent two-node and endpoint expectations (3.585166ms)
✔ SRL alias is native evidence separate from declaration and actual interface (4.600667ms)
✔ no guessed alias or substitute Linux kind (0.371708ms)
✔ changed name, index or namespace remains unresolved (0.524208ms)
✔ missing alias does not prove interface deletion and leaves peer visible (0.605042ms)
✔ profile DTO rejects arbitrary kinds, aliases, properties, peers and conflicting identities (1.090833ms)
✔ fresh manifest validates graph binding; old and tampered manifests rejected before any runtime call (13.436625ms)
✔ unchanged actual0.5 and0.6 recordings remain strict historical reads (12.217417ms)
ℹ tests 61
ℹ suites 0
ℹ pass 61
ℹ fail 0
ℹ cancelled 0
ℹ skipped 0
ℹ todo 0
ℹ duration_ms 184.181333
