
> containerlab-synthetic-preview@0.1.0 test:browser
> playwright test --grep-invert actual runtime inspection retains declaration selection|capacity live refresh samples

[WebServer] (node:55784) Warning: The 'NO_COLOR' env is ignored due to the 'FORCE_COLOR' env being set.
[WebServer] (Use `node --trace-warnings ...` to show where the warning was created)

Running 32 tests using 1 worker

(node:55785) Warning: The 'NO_COLOR' env is ignored due to the 'FORCE_COLOR' env being set.
(Use `node --trace-warnings ...` to show where the warning was created)
  -   1 tests/browser/capacity-faults.spec.ts:2:1 › maximum-size GUI retains historical evidence on actual injected collection failures
  -   2 tests/browser/consolidation-faults.spec.ts:2:1 › maximum-size GUI retains historical evidence on actual injected collection failures
  ✓   3 tests/browser/consolidation.spec.ts:2:1 › consolidated live refresh samples preserve occurrence selection and responsiveness (13.9s)
  ✘   4 tests/browser/consolidation.spec.ts:14:1 › incompatible session explains fresh enrollment and recorded views remain available (mock) (5.3s)
(node:56123) Warning: The 'NO_COLOR' env is ignored due to the 'FORCE_COLOR' env being set.
(Use `node --trace-warnings ...` to show where the warning was created)
  ✓   5 tests/browser/declared.spec.ts:2:1 › declared missing-bind topology renders with explicit unresolved dependencies (265ms)
  ✓   6 tests/browser/declared.spec.ts:13:1 › declarations preserve single-ended, dangling, parallel and external occurrences (206ms)
  ✓   7 tests/browser/declared.spec.ts:24:1 › specific errors and keyboard navigation work at narrow width (193ms)
  ✓   8 tests/browser/declared.spec.ts:36:1 › declared labels render hostile text without creating HTML or requests (143ms)
  ✓   9 tests/browser/interfaces.spec.ts:2:1 › actual endpoint inspector follows native operational down/up without claiming link health (3.5s)
  ✓  10 tests/browser/interfaces.spec.ts:10:1 › endpoint absence and unresolved replacements retain declared links (transport mock) (385ms)
  ✓  11 tests/browser/link-state.spec.ts:2:1 › administrative, carrier and operational facts render independently with provenance (transport mock) (298ms)
  -  12 tests/browser/multi.spec.ts:2:1 › actual multiple endpoint occurrences, parallel selection and disconnected state
  ✓  13 tests/browser/multi.spec.ts:11:1 › multi occurrence partial failures, hostile text, stale and superseded responses (mock) (1.8s)
  ✓  14 tests/browser/observation.spec.ts:22:1 › polling, failure, stale data, cancellation and recovery (transport control) (19.9s)
  ✓  15 tests/browser/observation.spec.ts:32:1 › observation routes expose no mutation and reject foreign browser origin (16ms)
  -  16 tests/browser/on-demand.spec.ts:2:1 › on-demand view clearly reports an unavailable worker without a session
  ✓  17 tests/browser/on-demand.spec.ts:7:1 › actual native load renders declarations and live bundle provenance (779ms)
  ✓  18 tests/browser/on-demand.spec.ts:17:1 › actual native schema and missing-template errors remain specific (606ms)
  ✓  19 tests/browser/on-demand.spec.ts:23:1 › local API rejects arbitrary bundle/path payloads and cross-origin execution (4ms)
  ✓  20 tests/browser/on-demand.spec.ts:30:1 › UI cancellation discards stale responses (transport mock) (263ms)
  ✓  21 tests/browser/on-demand.spec.ts:37:1 › expanded approved cases expose native objects and scoped dependency evidence (3.2s)
  ✓  22 tests/browser/preview.spec.ts:2:1 › F1 graph, parallel occurrences and keyboard-accessible inspectors (304ms)
  ✓  23 tests/browser/preview.spec.ts:16:1 › special endpoints preserve roles; duplicate occurrences remain rejected (249ms)
  ✓  24 tests/browser/preview.spec.ts:21:1 › rejection and missing-input views never fabricate graph nodes (179ms)
  ✓  25 tests/browser/preview.spec.ts:25:1 › hostile display text stays inert; CSP blocks inline scripts and network (182ms)
  ✓  26 tests/browser/preview.spec.ts:36:1 › bounded long text has explicit truncation; over-limit graph rejected (223ms)
  ✓  27 tests/browser/preview.spec.ts:41:1 › loopback static server denies mutation, source files and traversal (4ms)
  ✓  28 tests/browser/preview.spec.ts:45:1 › narrow viewport exposes object list and inspector without page overflow (236ms)
  ✓  29 tests/browser/preview.spec.ts:51:1 › recorded native single-ended link has no fabricated peer and keyboard inspector (222ms)
  ✓  30 tests/browser/preview.spec.ts:59:1 › native preview preserves parallel links, aliases, source roles and rejected inputs (206ms)
  ✓  31 tests/browser/preview.spec.ts:67:1 › recorded native evidence remains readable at narrow width (226ms)
  -  32 tests/browser/profile.spec.ts:2:1 › actual SR Linux profile preserves declared alias and native name in inspectors


  1) tests/browser/consolidation.spec.ts:14:1 › incompatible session explains fresh enrollment and recorded views remain available (mock) 

    Error: expect(locator).toBeVisible() failed

    Locator: getByText('Recorded native fixtures', { exact: true })
    Expected: visible
    Timeout: 5000ms
    Error: element(s) not found

    Call log:
      - Expect "toBeVisible" getByText('Recorded native fixtures', { exact: true }) with timeout 5000ms
      - waiting for getByText('Recorded native fixtures', { exact: true })


      13 |
      14 | test('incompatible session explains fresh enrollment and recorded views remain available (mock)',async({page})=>{
    > 15 |  await page.route('**/api/observation/config',r=>r.fulfill({status:422,json:{code:'INCOMPATIBLE_SESSION'}}));await page.goto('/');await page.getByRole('button',{name:'Runtime observations',exact:true}).click();await expect(page.getByRole('status')).toContainText('requires fresh enrollment');await expect(page.getByRole('button',{name:'Refresh runtime',exact:true})).toBeDisabled();await expect(page.getByRole('region',{name:'Runtime snapshot'})).toHaveCount(0);await expect(page.getByText('Recorded native fixtures',{exact:true})).toBeVisible();
         |                                                                                                                                                                                                                                                                                                                                                                                                                                                                                                                                                     ^
      16 | });
      17 |
        at /Users/rklinkhammer/workspace/containerlab-workspace/tests/browser/consolidation.spec.ts:15:533

    Error Context: test-results/consolidation-incompatible-d03e0-iews-remain-available-mock-/error-context.md

  1 failed
    tests/browser/consolidation.spec.ts:14:1 › incompatible session explains fresh enrollment and recorded views remain available (mock) 
  5 skipped
  26 passed (54.2s)
