node:internal/modules/run_main:107
    triggerUncaughtException(
    ^

file:///Users/rklinkhammer/workspace/containerlab-workspace/backend/live/lifecycle.ts:6
 state:State;private busy=false;private listeners=new Set<(s:State)=>void>();
 constructor(revision:string,private driver:Driver){this.state={generation:1,sequence:0,phase:'ready',projectRevision:revision,deploymentId:null,reason:null,updatedAt:new Date().toISOString()};}
                                     ^^^^^^^^^^^^^
 subscribe(f:(s:State)=>void){this.listeners.add(f);f({...this.state});return()=>this.listeners.delete(f);}

SyntaxError [ERR_UNSUPPORTED_TYPESCRIPT_SYNTAX]: TypeScript parameter property is not supported in strip-only mode
    at parseTypeScript (node:internal/modules/typescript:57:40)
    at processTypeScriptCode (node:internal/modules/typescript:129:37)
    at Object.stripTypeScriptModuleTypes (node:internal/modules/typescript:172:22)
    at stripTypeScriptModuleTypes (node:internal/modules/esm/translators:35:49)
    at ModuleLoader.<anonymous> (node:internal/modules/esm/translators:684:29)
    at #translate (node:internal/modules/esm/loader:441:20)
    at afterLoad (node:internal/modules/esm/loader:509:29)
    at ModuleLoader.loadAndTranslate (node:internal/modules/esm/loader:514:12)
    at #getOrCreateModuleJobAfterResolve (node:internal/modules/esm/loader:567:36)
    at afterResolve (node:internal/modules/esm/loader:614:52) {
  code: 'ERR_UNSUPPORTED_TYPESCRIPT_SYNTAX'
}

Node.js v26.8.1
✖ tests/live/lifecycle.test.ts (86.181ms)
✔ one deterministic capture point observes both directions, not both endpoints (1.186834ms)
✔ SRL-Linux chooses qualified Linux side automatically (0.107542ms)
✔ wrong deployment, different occurrence and external link cannot capture (0.203875ms)
✔ unassociated interfaces cannot become targets (0.069708ms)
✔ exact bytes, explicit context only and no private root disclosed (2.511042ms)
✔ nested companion paths preserved and changes refuse GO (1.209708ms)
✔ traversal, absolute paths and duplicate inventory refused (0.534458ms)
✔ symlink file and directory refused (0.69975ms)
✔ missing context and size bounds are failures not invented content (1.048ms)
ℹ tests 10
ℹ suites 0
ℹ pass 9
ℹ fail 1
ℹ cancelled 0
ℹ skipped 0
ℹ todo 0
ℹ duration_ms 107.697417

✖ failing tests:

test at tests/live/lifecycle.test.ts:1:1
✖ tests/live/lifecycle.test.ts (86.181ms)
  'test failed'
