✔ GO is serialized, intent persisted first, explicit stop removes deployment (3.589958ms)
✔ failed deploy stays partial until scoped recovery, not a success or invisible rollback (0.148875ms)
✔ source changes before GO refuse native invocation (0.075583ms)
✔ restart cannot silently adopt an existing runtime (0.083959ms)
✔ one deterministic capture point observes both directions, not both endpoints (0.882084ms)
✔ SRL-Linux chooses qualified Linux side automatically (0.105208ms)
✔ wrong deployment, different occurrence and external link cannot capture (0.202375ms)
✔ unassociated interfaces cannot become targets (0.070833ms)
✔ exact bytes, explicit context only and no private root disclosed (2.302125ms)
✔ nested companion paths preserved and changes refuse GO (1.229834ms)
✔ traversal, absolute paths and duplicate inventory refused (0.49325ms)
✔ symlink file and directory refused (0.639083ms)
✔ missing context and size bounds are failures not invented content (0.964208ms)
ℹ tests 13
ℹ suites 0
ℹ pass 13
ℹ fail 0
ℹ cancelled 0
ℹ skipped 0
ℹ todo 0
ℹ duration_ms 91.123167
