
> containerlab-synthetic-preview@0.1.0 build:live
> npm run typecheck && vite build --config vite.live.config.ts


> containerlab-synthetic-preview@0.1.0 typecheck
> tsc --noEmit

vite v8.3.1 building client environment for production...
transforming...
✓ 274 modules transformed.
rendering chunks...
computing gzip size...
dist-live/index.html                   0.35 kB │ gzip:   0.26 kB
dist-live/assets/index-KlLWcr0y.css   28.64 kB │ gzip:   5.64 kB
dist-live/assets/index-C4FqKLMd.js   476.58 kB │ gzip: 148.83 kB

[33m[MODULE_LEVEL_DIRECTIVE] [0mThe semantics of the module level directive "use client" in "node_modules/@xyflow/react/dist/esm/index.js" may not be preserved when bundling.
   [38;5;246m╭[0m[38;5;246m─[0m[38;5;246m[[0m node_modules/@xyflow/react/dist/esm/index.js:1:1 [38;5;246m][0m
   [38;5;246m│[0m
 [38;5;246m1 │[0m "use client"
 [38;5;240m  │[0m ──────┬─────  
 [38;5;240m  │[0m       ╰─────── module level directive may not be preserved
 [38;5;240m  │[0m 
 [38;5;240m  │[0m [38;5;115mHelp[0m: For more information, see https://rolldown.rs/in-depth/directives#other-directives
[38;5;246m───╯[0m

✓ built in 90ms
