
> containerlab-synthetic-preview@0.1.0 test
> node --test tests/contract.test.ts tests/native.test.ts tests/declared.test.ts tests/live.test.ts tests/observation.test.ts tests/interfaces.test.ts tests/link-state.test.ts tests/profile.test.ts tests/multi.test.ts tests/capacity.test.ts tests/session-migration.test.ts tests/observation-cleanup.test.ts tests/four-radio.test.ts tests/workbench.test.ts tests/node-logs.test.ts tests/capture.test.ts tests/reviewed-lua.test.ts tests/reanalysis.test.ts

✔ capacity profiles use0.6, exact32 occurrence maximum survives strict projection (21.677458ms)
✔ capacity maximum partial failure keeps every occurrence and unaffected native evidence (2.146916ms)
✔ capacity version/domain and one-over bounds reject without changing historical profile (3.137042ms)
✔ recorded previous SRL and Linux observations remain accepted, not newly runtime-qualified (3.359208ms)
✔ capture request bounds and path/command separation (0.9585ms)
✔ capture target resolves only frozen Linux endpoint identity (0.26825ms)
✔ capture metadata rejects oversized artifacts and unreviewed packet fields (3.79375ms)
✔ capture HTTP rejects cross-origin and path/size input before any native operation (21.536625ms)
✔ independent expected files retain their published hashes (0.914084ms)
✔ F1 retains independent node, link occurrence and alias expectations (not native execution) (17.849083ms)
✔ F2 is diagnostic-only, with no raw source or synthetic secret in browser fixture (0.195416ms)
✔ F3 missing input never produces invented nodes (6.409166ms)
✔ F4 external roles remain distinct and explicitly unresolved (2.407875ms)
✔ F5 duplicate declarations survive as two occurrence identities with rejection (1.2145ms)
✔ unknown fields at every boundary are rejected, never stripped silently (5.97275ms)
✔ IDs are unique and revision-scoped; all references must resolve (2.549791ms)
✔ redacted/unavailable values cannot carry data; unknowns require reasons (0.577708ms)
✔ F6 text/node/response bounds reject rather than truncate graph data (1.771208ms)
✔ operational capabilities and foreign session fields are rejected, not authenticated (5.082166ms)
✔ safe errors do not echo malformed data, native diagnostics or secrets (0.167583ms)
✔ same immutable synthetic revision has stable IDs and output (0.187959ms)
✔ 63 declaration fixtures and all pinned source/evidence hashes verify (30.8365ms)
✔ independent declaration object/dependency expectations remain intact (0.912959ms)
✔ specific reviewed errors identify template/schema rejection without raw native errors (0.204167ms)
✔ contract rejects disclosure, forged resolution, invalid references, duplicate IDs and budgets (4.37725ms)
✔ adapter omits hostile raw dependency strings and unreviewed configuration (8.071625ms)
✔ display text stays text in schema, with bounds rather than HTML interpretation (0.149625ms)
✔ four-radio independent exact declarations and preserved approved companion hashes (11.437542ms)
✔ explicit deployment accepts native names without qualification label; rejects wrong lab, duplicates, unsafe names and unknown fields (1.936042ms)
✔ recorded SR Linux25.10.1 has fourteen distinct exact enrolled endpoint associations (17.81225ms)
✔ four-radio new session required; expired, wrong source and substituted container fail closed before transport (5.499209ms)
✔ interface association retains native operational state but never infers admin, carrier or continuity (7.2685ms)
✔ changed namespace, index or MAC cannot inherit old interface observation (0.382042ms)
✔ complete absence, partial failure, stopped namespace and container absence remain distinct (0.281459ms)
✔ duplicates, foreign IDs, unknown fields and invented health fail closed (0.782542ms)
✔ Linux flags are separate from native operstate and never prove peer or continuity (10.803541ms)
✔ partial Linux failure preserves native evidence and the other endpoint (0.316166ms)
✔ changed enrolled attributes withhold even successful supplemental facts (0.248167ms)
✔ exact tuple reuse cannot upgrade continuity (0.353292ms)
✔ invented carrier, peer, source, raw fields or unassociated state are rejected (1.011042ms)
✔ live contract separates executed provenance and stable bundle IDs from recorded evidence (11.53075ms)
✔ worker provenance, cleanup, output and error disclosure fail closed (0.405541ms)
✔ reviewed dependency assessments are bounded bundle membership, never resolution (2.070958ms)
✔ independent parallel occurrences and disconnected node retain exact native facts (10.8795ms)
✔ partial node inspection, ambiguity, alias loss and literal absence preserve other occurrences (4.284542ms)
✔ full identity replacement rejects; namespace/interface changes and partial enrollment never adopt (3.578084ms)
✔ unsupported kinds and external roles remain explicit without invented observations (1.790375ms)
✔ strict disclosure, reference, bounds and unknown identity/state claims fail closed (3.731458ms)
✔ maximum bounded enrollment accepted; one over each collection rejected (1.291084ms)
✔ 58 recorded fixtures validate; source hashes and evidence pin match retained bytes (26.847041ms)
✔ native F1 matches independent kinds, counts and alias; source tokens are not invented (0.704792ms)
✔ native F4 roles survive endpoint ordering and F5 preserves accepted duplicate occurrences (0.434417ms)
✔ F7 independent single-ended requirement never invents a peer (1.158ms)
✔ rejections remain diagnostic-only and original/context identities stay separate (0.204333ms)
✔ native DTO rejects unknown fields, bad references, invented origins and capabilities (2.370375ms)
✔ projection ignores unreviewed native attributes and fails closed on unsupported arity (1.697209ms)
✔ projection treats native display strings as text and does not turn them into IDs or URLs (0.576625ms)
✔ log contract allows text markup but rejects control escapes, byte overflow and unknown fields (2.156667ms)
✔ log target requires explicit qualification, enrolled deployment, node ID and supported bound container (0.203292ms)
✔ transport enforces malformed/output/timeout/cancellation boundaries with a local fake executable (9164.960583ms)
✔ local tail then literal filter preserves bounds and does not interpret regex or markup (0.420333ms)
✔ cancel and shutdown reap owned transport process groups before resolving (209.816042ms)
✔ observations associate full resource IDs and expose only approved fields (7.312334ms)
✔ same-name replacement, duplicate, foreign lab, wrong purpose or kind cannot associate (0.239542ms)
✔ only successful empty inspection establishes absence; failed or malformed output does not (0.593875ms)
✔ observation schema rejects duplicate identities, arbitrary state and forged link health (0.34275ms)
✔ executed trial declarations retain the independent two-node and endpoint expectations (3.592ms)
✔ SRL alias is native evidence separate from declaration and actual interface (6.34625ms)
✔ no guessed alias or substitute Linux kind (0.204917ms)
✔ changed name, index or namespace remains unresolved (0.381708ms)
✔ missing alias does not prove interface deletion and leaves peer visible (0.196833ms)
✔ profile DTO rejects arbitrary kinds, aliases, properties, peers and conflicting identities (0.775458ms)
✔ reanalysis accepts artifact references only, separate job identity and reviewed options (1.57525ms)
✔ managed reanalysis uses unchanged bytes/TTL; refuses mismatch, expiry, malformed/oversized output, cancellation and capability changes (21148.49625ms)
✔ reviewed Lua accepts exact ID; paths, unknown IDs and arguments rejected (1.602709ms)
✔ reviewed Lua inventory hash and field disclosure agree with checked-in reviewed source (0.613167ms)
✔ reviewed result cannot substitute script or hash and old capture/0.1 remains readable (1.684458ms)
✔ fresh manifest validates graph binding; old and tampered manifests rejected before any runtime call (7.88975ms)
✔ unchanged actual0.5 and0.6 recordings remain strict historical reads (10.972458ms)
✔ original0.1–0.4 recorded observations retain strict original meanings (5.414667ms)
✔ every native endpoint attaches to its exact port handle without changing input (5.9385ms)
✔ renamed and differently sized inventories share generic enrollment and observation rules (12.266917ms)
✔ single-ended, dangling and disconnected occurrences remain explicit presentation objects (0.356208ms)
✔ current session checks general deployment binding before transport; historical sessions cannot activate (6.53725ms)
✔ unsupported kinds stay explicit and general collection ceilings remain enforced (0.995042ms)
ℹ tests 85
ℹ suites 0
ℹ pass 85
ℹ fail 0
ℹ cancelled 0
ℹ skipped 0
ℹ todo 0
ℹ duration_ms 21325.627
