
> containerlab-synthetic-preview@0.1.0 test
> node --test tests/contract.test.ts tests/native.test.ts tests/declared.test.ts tests/live.test.ts tests/observation.test.ts tests/interfaces.test.ts tests/link-state.test.ts tests/profile.test.ts tests/multi.test.ts tests/capacity.test.ts tests/session-migration.test.ts tests/observation-cleanup.test.ts tests/four-radio.test.ts tests/workbench.test.ts tests/node-logs.test.ts tests/capture.test.ts tests/reviewed-lua.test.ts tests/reanalysis.test.ts

✔ capacity profiles use0.6, exact32 occurrence maximum survives strict projection (37.542959ms)
✔ capacity maximum partial failure keeps every occurrence and unaffected native evidence (2.18525ms)
✔ capacity version/domain and one-over bounds reject without changing historical profile (3.311917ms)
✔ recorded previous SRL and Linux observations remain accepted, not newly runtime-qualified (7.493791ms)
✔ capture request bounds and path/command separation (0.844083ms)
✔ capture target resolves only frozen Linux endpoint identity (0.244125ms)
✔ capture metadata rejects oversized artifacts and unreviewed packet fields (1.482333ms)
✔ capture HTTP rejects cross-origin and path/size input before any native operation (19.962375ms)
✔ independent expected files retain their published hashes (2.193875ms)
✔ F1 retains independent node, link occurrence and alias expectations (not native execution) (6.170958ms)
✔ F2 is diagnostic-only, with no raw source or synthetic secret in browser fixture (0.202166ms)
✔ F3 missing input never produces invented nodes (0.145625ms)
✔ F4 external roles remain distinct and explicitly unresolved (0.256125ms)
✔ F5 duplicate declarations survive as two occurrence identities with rejection (0.308917ms)
✔ unknown fields at every boundary are rejected, never stripped silently (2.1605ms)
✔ IDs are unique and revision-scoped; all references must resolve (1.896458ms)
✔ redacted/unavailable values cannot carry data; unknowns require reasons (0.779792ms)
✔ F6 text/node/response bounds reject rather than truncate graph data (2.341666ms)
✔ operational capabilities and foreign session fields are rejected, not authenticated (1.906417ms)
✔ safe errors do not echo malformed data, native diagnostics or secrets (0.175375ms)
✔ same immutable synthetic revision has stable IDs and output (0.211417ms)
✔ 63 declaration fixtures and all pinned source/evidence hashes verify (26.557292ms)
✔ independent declaration object/dependency expectations remain intact (2.329ms)
✔ specific reviewed errors identify template/schema rejection without raw native errors (0.202875ms)
✔ contract rejects disclosure, forged resolution, invalid references, duplicate IDs and budgets (5.224792ms)
✔ adapter omits hostile raw dependency strings and unreviewed configuration (6.189625ms)
✔ display text stays text in schema, with bounds rather than HTML interpretation (0.19125ms)
✔ four-radio independent exact declarations and preserved approved companion hashes (4.211208ms)
✔ explicit deployment accepts native names without qualification label; rejects wrong lab, duplicates, unsafe names and unknown fields (2.427791ms)
✔ recorded SR Linux25.10.1 has fourteen distinct exact enrolled endpoint associations (32.712125ms)
✔ four-radio new session required; expired, wrong source and substituted container fail closed before transport (3.921542ms)
✔ interface association retains native operational state but never infers admin, carrier or continuity (4.871417ms)
✔ changed namespace, index or MAC cannot inherit old interface observation (0.580083ms)
✔ complete absence, partial failure, stopped namespace and container absence remain distinct (0.328ms)
✔ duplicates, foreign IDs, unknown fields and invented health fail closed (1.202583ms)
✔ Linux flags are separate from native operstate and never prove peer or continuity (9.468459ms)
✔ partial Linux failure preserves native evidence and the other endpoint (0.251542ms)
✔ changed enrolled attributes withhold even successful supplemental facts (0.341459ms)
✔ exact tuple reuse cannot upgrade continuity (0.435291ms)
✔ invented carrier, peer, source, raw fields or unassociated state are rejected (0.979375ms)
✔ live contract separates executed provenance and stable bundle IDs from recorded evidence (11.535917ms)
✔ worker provenance, cleanup, output and error disclosure fail closed (0.421167ms)
✔ reviewed dependency assessments are bounded bundle membership, never resolution (3.32025ms)
✔ independent parallel occurrences and disconnected node retain exact native facts (12.666958ms)
✔ partial node inspection, ambiguity, alias loss and literal absence preserve other occurrences (2.790958ms)
✔ full identity replacement rejects; namespace/interface changes and partial enrollment never adopt (1.826792ms)
✔ unsupported kinds and external roles remain explicit without invented observations (0.882292ms)
✔ strict disclosure, reference, bounds and unknown identity/state claims fail closed (2.220708ms)
✔ maximum bounded enrollment accepted; one over each collection rejected (0.948625ms)
✔ 58 recorded fixtures validate; source hashes and evidence pin match retained bytes (19.326542ms)
✔ native F1 matches independent kinds, counts and alias; source tokens are not invented (0.599875ms)
✔ native F4 roles survive endpoint ordering and F5 preserves accepted duplicate occurrences (0.277833ms)
✔ F7 independent single-ended requirement never invents a peer (1.164167ms)
✔ rejections remain diagnostic-only and original/context identities stay separate (0.192042ms)
✔ native DTO rejects unknown fields, bad references, invented origins and capabilities (6.029875ms)
✔ projection ignores unreviewed native attributes and fails closed on unsupported arity (2.920625ms)
✔ projection treats native display strings as text and does not turn them into IDs or URLs (0.378917ms)
✔ log contract allows text markup but rejects control escapes, byte overflow and unknown fields (2.123375ms)
✔ log target requires explicit qualification, enrolled deployment, node ID and supported bound container (0.201917ms)
✔ transport enforces malformed/output/timeout/cancellation boundaries with a local fake executable (9167.890625ms)
✔ local tail then literal filter preserves bounds and does not interpret regex or markup (0.681959ms)
✔ cancel and shutdown reap owned transport process groups before resolving (107.744792ms)
✔ observations associate full resource IDs and expose only approved fields (18.425583ms)
✔ same-name replacement, duplicate, foreign lab, wrong purpose or kind cannot associate (0.256625ms)
✔ only successful empty inspection establishes absence; failed or malformed output does not (0.61325ms)
✔ observation schema rejects duplicate identities, arbitrary state and forged link health (0.345667ms)
✔ executed trial declarations retain the independent two-node and endpoint expectations (6.292167ms)
✔ SRL alias is native evidence separate from declaration and actual interface (8.612709ms)
✔ no guessed alias or substitute Linux kind (0.209083ms)
✔ changed name, index or namespace remains unresolved (0.397542ms)
✔ missing alias does not prove interface deletion and leaves peer visible (0.200875ms)
✔ profile DTO rejects arbitrary kinds, aliases, properties, peers and conflicting identities (0.815041ms)
✔ reanalysis accepts artifact references only, separate job identity and reviewed options (1.421709ms)
✔ managed reanalysis uses unchanged bytes/TTL; refuses mismatch, expiry, malformed/oversized output, cancellation and capability changes (21068.2685ms)
✔ reviewed Lua accepts exact ID; paths, unknown IDs and arguments rejected (1.518542ms)
✔ reviewed Lua inventory hash and field disclosure agree with checked-in reviewed source (0.98275ms)
✔ reviewed result cannot substitute script or hash and old capture/0.1 remains readable (1.782834ms)
✔ fresh manifest validates graph binding; old and tampered manifests rejected before any runtime call (8.555791ms)
✔ unchanged actual0.5 and0.6 recordings remain strict historical reads (11.827333ms)
✔ original0.1–0.4 recorded observations retain strict original meanings (6.986792ms)
✔ every native endpoint attaches to its exact port handle without changing input (5.543208ms)
✔ renamed and differently sized inventories share generic enrollment and observation rules (11.877792ms)
✔ single-ended, dangling and disconnected occurrences remain explicit presentation objects (0.307834ms)
✔ current session checks general deployment binding before transport; historical sessions cannot activate (6.377666ms)
✔ unsupported kinds stay explicit and general collection ceilings remain enforced (0.913666ms)
ℹ tests 85
ℹ suites 0
ℹ pass 85
ℹ fail 0
ℹ cancelled 0
ℹ skipped 0
ℹ todo 0
ℹ duration_ms 21259.118166
