
> containerlab-synthetic-preview@0.1.0 test:browser
> playwright test

[WebServer] (node:45433) Warning: The 'NO_COLOR' env is ignored due to the 'FORCE_COLOR' env being set.
[WebServer] (Use `node --trace-warnings ...` to show where the warning was created)

Running 31 tests using 1 worker

(node:45434) Warning: The 'NO_COLOR' env is ignored due to the 'FORCE_COLOR' env being set.
(Use `node --trace-warnings ...` to show where the warning was created)
  -   1 tests/browser/capacity-faults.spec.ts:2:1 › maximum-size GUI retains historical evidence on actual injected collection failures
  ✓   2 tests/browser/capacity.spec.ts:2:1 › capacity live refresh samples preserve occurrence selection and responsiveness (17.0s)
  ✓   3 tests/browser/declared.spec.ts:2:1 › declared missing-bind topology renders with explicit unresolved dependencies (251ms)
  ✓   4 tests/browser/declared.spec.ts:13:1 › declarations preserve single-ended, dangling, parallel and external occurrences (204ms)
  ✓   5 tests/browser/declared.spec.ts:24:1 › specific errors and keyboard navigation work at narrow width (190ms)
  ✓   6 tests/browser/declared.spec.ts:36:1 › declared labels render hostile text without creating HTML or requests (138ms)
  -   7 tests/browser/interfaces.spec.ts:2:1 › actual endpoint inspector follows native operational down/up without claiming link health
  ✓   8 tests/browser/interfaces.spec.ts:10:1 › endpoint absence and unresolved replacements retain declared links (transport mock) (368ms)
  ✓   9 tests/browser/link-state.spec.ts:2:1 › administrative, carrier and operational facts render independently with provenance (transport mock) (299ms)
  -  10 tests/browser/multi.spec.ts:2:1 › actual multiple endpoint occurrences, parallel selection and disconnected state
  ✓  11 tests/browser/multi.spec.ts:11:1 › multi occurrence partial failures, hostile text, stale and superseded responses (mock) (1.8s)
  -  12 tests/browser/observation.spec.ts:4:1 › actual runtime inspection retains declaration selection across stop and recovery
  ✓  13 tests/browser/observation.spec.ts:22:1 › polling, failure, stale data, cancellation and recovery (transport control) (19.9s)
  ✓  14 tests/browser/observation.spec.ts:32:1 › observation routes expose no mutation and reject foreign browser origin (15ms)
  -  15 tests/browser/on-demand.spec.ts:2:1 › on-demand view clearly reports an unavailable worker without a session
  ✓  16 tests/browser/on-demand.spec.ts:7:1 › actual native load renders declarations and live bundle provenance (746ms)
  ✓  17 tests/browser/on-demand.spec.ts:17:1 › actual native schema and missing-template errors remain specific (623ms)
  ✓  18 tests/browser/on-demand.spec.ts:23:1 › local API rejects arbitrary bundle/path payloads and cross-origin execution (4ms)
  ✓  19 tests/browser/on-demand.spec.ts:30:1 › UI cancellation discards stale responses (transport mock) (260ms)
  ✓  20 tests/browser/on-demand.spec.ts:37:1 › expanded approved cases expose native objects and scoped dependency evidence (3.2s)
  ✓  21 tests/browser/preview.spec.ts:2:1 › F1 graph, parallel occurrences and keyboard-accessible inspectors (294ms)
  ✓  22 tests/browser/preview.spec.ts:16:1 › special endpoints preserve roles; duplicate occurrences remain rejected (231ms)
  ✓  23 tests/browser/preview.spec.ts:21:1 › rejection and missing-input views never fabricate graph nodes (178ms)
  ✓  24 tests/browser/preview.spec.ts:25:1 › hostile display text stays inert; CSP blocks inline scripts and network (187ms)
  ✓  25 tests/browser/preview.spec.ts:36:1 › bounded long text has explicit truncation; over-limit graph rejected (204ms)
  ✓  26 tests/browser/preview.spec.ts:41:1 › loopback static server denies mutation, source files and traversal (4ms)
  ✓  27 tests/browser/preview.spec.ts:45:1 › narrow viewport exposes object list and inspector without page overflow (218ms)
  ✓  28 tests/browser/preview.spec.ts:51:1 › recorded native single-ended link has no fabricated peer and keyboard inspector (199ms)
  ✓  29 tests/browser/preview.spec.ts:59:1 › native preview preserves parallel links, aliases, source roles and rejected inputs (208ms)
  ✓  30 tests/browser/preview.spec.ts:67:1 › recorded native evidence remains readable at narrow width (221ms)
  -  31 tests/browser/profile.spec.ts:2:1 › actual SR Linux profile preserves declared alias and native name in inspectors

  6 skipped
  25 passed (47.9s)
