
> containerlab-synthetic-preview@0.1.0 test
> node --test tests/contract.test.ts tests/native.test.ts tests/declared.test.ts tests/live.test.ts tests/observation.test.ts tests/interfaces.test.ts tests/link-state.test.ts tests/profile.test.ts tests/multi.test.ts tests/capacity.test.ts

✔ capacity profiles use0.6, exact32 occurrence maximum survives strict projection (11.680459ms)
✔ capacity maximum partial failure keeps every occurrence and unaffected native evidence (1.420333ms)
✔ capacity version/domain and one-over bounds reject without changing historical profile (4.3445ms)
✔ recorded previous SRL and Linux observations remain accepted, not newly runtime-qualified (3.562875ms)
✔ independent expected files retain their published hashes (1.342041ms)
✔ F1 retains independent node, link occurrence and alias expectations (not native execution) (5.448625ms)
✔ F2 is diagnostic-only, with no raw source or synthetic secret in browser fixture (0.189167ms)
✔ F3 missing input never produces invented nodes (0.136791ms)
✔ F4 external roles remain distinct and explicitly unresolved (0.245292ms)
✔ F5 duplicate declarations survive as two occurrence identities with rejection (0.188334ms)
✔ unknown fields at every boundary are rejected, never stripped silently (2.526417ms)
✔ IDs are unique and revision-scoped; all references must resolve (2.407208ms)
✔ redacted/unavailable values cannot carry data; unknowns require reasons (0.713792ms)
✔ F6 text/node/response bounds reject rather than truncate graph data (1.724875ms)
✔ operational capabilities and foreign session fields are rejected, not authenticated (1.316333ms)
✔ safe errors do not echo malformed data, native diagnostics or secrets (0.168875ms)
✔ same immutable synthetic revision has stable IDs and output (0.179ms)
✔ 63 declaration fixtures and all pinned source/evidence hashes verify (13.094834ms)
✔ independent declaration object/dependency expectations remain intact (1.462459ms)
✔ specific reviewed errors identify template/schema rejection without raw native errors (0.251958ms)
✔ contract rejects disclosure, forged resolution, invalid references, duplicate IDs and budgets (5.70225ms)
✔ adapter omits hostile raw dependency strings and unreviewed configuration (6.607ms)
✔ display text stays text in schema, with bounds rather than HTML interpretation (0.173125ms)
✔ interface association retains native operational state but never infers admin, carrier or continuity (4.618625ms)
✔ changed namespace, index or MAC cannot inherit old interface observation (0.366625ms)
✔ complete absence, partial failure, stopped namespace and container absence remain distinct (0.27575ms)
✔ duplicates, foreign IDs, unknown fields and invented health fail closed (0.791125ms)
✔ Linux flags are separate from native operstate and never prove peer or continuity (5.849084ms)
✔ partial Linux failure preserves native evidence and the other endpoint (0.290709ms)
✔ changed enrolled attributes withhold even successful supplemental facts (0.255083ms)
✔ exact tuple reuse cannot upgrade continuity (0.364666ms)
✔ invented carrier, peer, source, raw fields or unassociated state are rejected (1.572042ms)
✔ live contract separates executed provenance and stable bundle IDs from recorded evidence (13.090584ms)
✔ worker provenance, cleanup, output and error disclosure fail closed (0.4275ms)
✔ reviewed dependency assessments are bounded bundle membership, never resolution (1.366708ms)
✔ independent parallel occurrences and disconnected node retain exact native facts (10.975875ms)
✔ partial node inspection, ambiguity, alias loss and literal absence preserve other occurrences (3.14475ms)
✔ full identity replacement rejects; namespace/interface changes and partial enrollment never adopt (2.149125ms)
✔ unsupported kinds and external roles remain explicit without invented observations (1.021625ms)
✔ strict disclosure, reference, bounds and unknown identity/state claims fail closed (3.137416ms)
✔ maximum bounded enrollment accepted; one over each collection rejected (0.9535ms)
✔ 58 recorded fixtures validate; source hashes and evidence pin match retained bytes (10.926208ms)
✔ native F1 matches independent kinds, counts and alias; source tokens are not invented (0.53175ms)
✔ native F4 roles survive endpoint ordering and F5 preserves accepted duplicate occurrences (0.232209ms)
✔ F7 independent single-ended requirement never invents a peer (1.023292ms)
✔ rejections remain diagnostic-only and original/context identities stay separate (0.173625ms)
✔ native DTO rejects unknown fields, bad references, invented origins and capabilities (2.328625ms)
✔ projection ignores unreviewed native attributes and fails closed on unsupported arity (1.353291ms)
✔ projection treats native display strings as text and does not turn them into IDs or URLs (0.329708ms)
✔ observations associate full resource IDs and expose only approved fields (3.832291ms)
✔ same-name replacement, duplicate, foreign lab, wrong purpose or kind cannot associate (0.223ms)
✔ only successful empty inspection establishes absence; failed or malformed output does not (0.779084ms)
✔ observation schema rejects duplicate identities, arbitrary state and forged link health (0.426042ms)
✔ executed trial declarations retain the independent two-node and endpoint expectations (2.735958ms)
✔ SRL alias is native evidence separate from declaration and actual interface (4.292583ms)
✔ no guessed alias or substitute Linux kind (0.196333ms)
✔ changed name, index or namespace remains unresolved (0.393916ms)
✔ missing alias does not prove interface deletion and leaves peer visible (0.205541ms)
✔ profile DTO rejects arbitrary kinds, aliases, properties, peers and conflicting identities (0.768042ms)
ℹ tests 59
ℹ suites 0
ℹ pass 59
ℹ fail 0
ℹ cancelled 0
ℹ skipped 0
ℹ todo 0
ℹ duration_ms 162.512208
