
> containerlab-synthetic-preview@0.1.0 test
> node --test tests/contract.test.ts tests/native.test.ts tests/declared.test.ts tests/live.test.ts tests/observation.test.ts tests/interfaces.test.ts tests/link-state.test.ts tests/profile.test.ts tests/multi.test.ts tests/capacity.test.ts tests/session-migration.test.ts tests/observation-cleanup.test.ts tests/four-radio.test.ts tests/workbench.test.ts tests/node-logs.test.ts tests/capture.test.ts tests/reviewed-lua.test.ts tests/reanalysis.test.ts

✔ capacity profiles use0.6, exact32 occurrence maximum survives strict projection (20.908667ms)
✔ capacity maximum partial failure keeps every occurrence and unaffected native evidence (2.760667ms)
✔ capacity version/domain and one-over bounds reject without changing historical profile (3.952417ms)
✔ recorded previous SRL and Linux observations remain accepted, not newly runtime-qualified (3.182042ms)
✔ capture request bounds and path/command separation (0.909458ms)
✔ capture target resolves only frozen Linux endpoint identity (0.251084ms)
✔ capture metadata rejects oversized artifacts and unreviewed packet fields (2.877959ms)
✔ capture HTTP rejects cross-origin and path/size input before any native operation (27.951792ms)
✔ independent expected files retain their published hashes (0.961875ms)
✔ F1 retains independent node, link occurrence and alias expectations (not native execution) (4.897959ms)
✔ F2 is diagnostic-only, with no raw source or synthetic secret in browser fixture (0.175667ms)
✔ F3 missing input never produces invented nodes (0.142334ms)
✔ F4 external roles remain distinct and explicitly unresolved (0.217041ms)
✔ F5 duplicate declarations survive as two occurrence identities with rejection (0.181125ms)
✔ unknown fields at every boundary are rejected, never stripped silently (1.791125ms)
✔ IDs are unique and revision-scoped; all references must resolve (2.347166ms)
✔ redacted/unavailable values cannot carry data; unknowns require reasons (0.557917ms)
✔ F6 text/node/response bounds reject rather than truncate graph data (1.683667ms)
✔ operational capabilities and foreign session fields are rejected, not authenticated (2.114625ms)
✔ safe errors do not echo malformed data, native diagnostics or secrets (0.18275ms)
✔ same immutable synthetic revision has stable IDs and output (0.187792ms)
✔ 63 declaration fixtures and all pinned source/evidence hashes verify (32.393ms)
✔ independent declaration object/dependency expectations remain intact (0.895666ms)
✔ specific reviewed errors identify template/schema rejection without raw native errors (0.589583ms)
✔ contract rejects disclosure, forged resolution, invalid references, duplicate IDs and budgets (7.830958ms)
✔ adapter omits hostile raw dependency strings and unreviewed configuration (5.981791ms)
✔ display text stays text in schema, with bounds rather than HTML interpretation (0.160375ms)
✔ four-radio independent exact declarations and preserved approved companion hashes (5.593708ms)
✔ explicit deployment accepts native names without qualification label; rejects wrong lab, duplicates, unsafe names and unknown fields (1.920459ms)
✔ recorded SR Linux25.10.1 has fourteen distinct exact enrolled endpoint associations (11.025542ms)
✔ four-radio new session required; expired, wrong source and substituted container fail closed before transport (3.972208ms)
✔ interface association retains native operational state but never infers admin, carrier or continuity (15.983125ms)
✔ changed namespace, index or MAC cannot inherit old interface observation (0.376458ms)
✔ complete absence, partial failure, stopped namespace and container absence remain distinct (0.290875ms)
✔ duplicates, foreign IDs, unknown fields and invented health fail closed (2.084292ms)
✔ Linux flags are separate from native operstate and never prove peer or continuity (6.091292ms)
✔ partial Linux failure preserves native evidence and the other endpoint (1.226625ms)
✔ changed enrolled attributes withhold even successful supplemental facts (0.275333ms)
✔ exact tuple reuse cannot upgrade continuity (0.426125ms)
✔ invented carrier, peer, source, raw fields or unassociated state are rejected (1.055625ms)
✔ live contract separates executed provenance and stable bundle IDs from recorded evidence (11.665125ms)
✔ worker provenance, cleanup, output and error disclosure fail closed (0.435875ms)
✔ reviewed dependency assessments are bounded bundle membership, never resolution (2.616792ms)
✔ independent parallel occurrences and disconnected node retain exact native facts (15.607208ms)
✔ partial node inspection, ambiguity, alias loss and literal absence preserve other occurrences (2.150458ms)
✔ full identity replacement rejects; namespace/interface changes and partial enrollment never adopt (1.660042ms)
✔ unsupported kinds and external roles remain explicit without invented observations (1.232625ms)
✔ strict disclosure, reference, bounds and unknown identity/state claims fail closed (2.664667ms)
✔ maximum bounded enrollment accepted; one over each collection rejected (1.007667ms)
✔ 58 recorded fixtures validate; source hashes and evidence pin match retained bytes (10.622792ms)
✔ native F1 matches independent kinds, counts and alias; source tokens are not invented (0.555958ms)
✔ native F4 roles survive endpoint ordering and F5 preserves accepted duplicate occurrences (0.245542ms)
✔ F7 independent single-ended requirement never invents a peer (1.072708ms)
✔ rejections remain diagnostic-only and original/context identities stay separate (0.183875ms)
✔ native DTO rejects unknown fields, bad references, invented origins and capabilities (2.41575ms)
✔ projection ignores unreviewed native attributes and fails closed on unsupported arity (1.3935ms)
✔ projection treats native display strings as text and does not turn them into IDs or URLs (0.332792ms)
✔ log contract allows text markup but rejects control escapes, byte overflow and unknown fields (2.125ms)
✔ log target requires explicit qualification, enrolled deployment, node ID and supported bound container (0.213625ms)
✔ transport enforces malformed/output/timeout/cancellation boundaries with a local fake executable (9241.829875ms)
✔ local tail then literal filter preserves bounds and does not interpret regex or markup (0.435042ms)
✔ cancel and shutdown reap owned transport process groups before resolving (147.733209ms)
✔ observations associate full resource IDs and expose only approved fields (4.190208ms)
✔ same-name replacement, duplicate, foreign lab, wrong purpose or kind cannot associate (0.202167ms)
✔ only successful empty inspection establishes absence; failed or malformed output does not (0.562833ms)
✔ observation schema rejects duplicate identities, arbitrary state and forged link health (0.345791ms)
✔ executed trial declarations retain the independent two-node and endpoint expectations (6.898625ms)
✔ SRL alias is native evidence separate from declaration and actual interface (21.343417ms)
✔ no guessed alias or substitute Linux kind (0.214292ms)
✔ changed name, index or namespace remains unresolved (0.42425ms)
✔ missing alias does not prove interface deletion and leaves peer visible (0.202792ms)
✔ profile DTO rejects arbitrary kinds, aliases, properties, peers and conflicting identities (0.798417ms)
✔ reanalysis accepts artifact references only, separate job identity and reviewed options (1.437375ms)
✔ managed reanalysis uses unchanged bytes/TTL; refuses mismatch, expiry, malformed/oversized output, cancellation and capability changes (21152.398875ms)
✔ reviewed Lua accepts exact ID; paths, unknown IDs and arguments rejected (1.620417ms)
✔ reviewed Lua inventory hash and field disclosure agree with checked-in reviewed source (0.60725ms)
✔ reviewed result cannot substitute script or hash and old capture/0.1 remains readable (1.700083ms)
✔ fresh manifest validates graph binding; old and tampered manifests rejected before any runtime call (10.009083ms)
✔ unchanged actual0.5 and0.6 recordings remain strict historical reads (11.094083ms)
✔ original0.1–0.4 recorded observations retain strict original meanings (5.577209ms)
✔ every native endpoint attaches to its exact port handle without changing input (5.528333ms)
✔ renamed and differently sized inventories share generic enrollment and observation rules (11.731167ms)
✔ single-ended, dangling and disconnected occurrences remain explicit presentation objects (0.4895ms)
✔ current session checks general deployment binding before transport; historical sessions cannot activate (6.897459ms)
✔ unsupported kinds stay explicit and general collection ceilings remain enforced (0.960959ms)
ℹ tests 85
ℹ suites 0
ℹ pass 85
ℹ fail 0
ℹ cancelled 0
ℹ skipped 0
ℹ todo 0
ℹ duration_ms 21339.7375
