
> containerlab-synthetic-preview@0.1.0 test
> node --test tests/contract.test.ts tests/native.test.ts tests/declared.test.ts tests/live.test.ts tests/observation.test.ts tests/interfaces.test.ts tests/link-state.test.ts tests/profile.test.ts tests/multi.test.ts tests/capacity.test.ts tests/session-migration.test.ts tests/observation-cleanup.test.ts tests/four-radio.test.ts

✔ capacity profiles use0.6, exact32 occurrence maximum survives strict projection (17.096917ms)
✔ capacity maximum partial failure keeps every occurrence and unaffected native evidence (2.200542ms)
✔ capacity version/domain and one-over bounds reject without changing historical profile (4.058042ms)
✔ recorded previous SRL and Linux observations remain accepted, not newly runtime-qualified (3.324416ms)
✔ independent expected files retain their published hashes (0.914333ms)
✔ F1 retains independent node, link occurrence and alias expectations (not native execution) (11.503ms)
✔ F2 is diagnostic-only, with no raw source or synthetic secret in browser fixture (0.207083ms)
✔ F3 missing input never produces invented nodes (0.191583ms)
✔ F4 external roles remain distinct and explicitly unresolved (0.348333ms)
✔ F5 duplicate declarations survive as two occurrence identities with rejection (0.2725ms)
✔ unknown fields at every boundary are rejected, never stripped silently (1.885042ms)
✔ IDs are unique and revision-scoped; all references must resolve (4.385542ms)
✔ redacted/unavailable values cannot carry data; unknowns require reasons (0.553875ms)
✔ F6 text/node/response bounds reject rather than truncate graph data (3.893291ms)
✔ operational capabilities and foreign session fields are rejected, not authenticated (1.594667ms)
✔ safe errors do not echo malformed data, native diagnostics or secrets (0.198458ms)
✔ same immutable synthetic revision has stable IDs and output (0.238334ms)
✔ 63 declaration fixtures and all pinned source/evidence hashes verify (22.078875ms)
✔ independent declaration object/dependency expectations remain intact (1.431792ms)
✔ specific reviewed errors identify template/schema rejection without raw native errors (0.205459ms)
✔ contract rejects disclosure, forged resolution, invalid references, duplicate IDs and budgets (3.924834ms)
✔ adapter omits hostile raw dependency strings and unreviewed configuration (5.99025ms)
✔ display text stays text in schema, with bounds rather than HTML interpretation (0.151583ms)
✔ four-radio independent exact declarations and preserved approved companion hashes (3.95475ms)
✔ explicit deployment accepts native names without qualification label; rejects wrong lab, duplicates, unsafe names and unknown fields (2.022916ms)
✔ recorded SR Linux25.10.1 has fourteen distinct exact enrolled endpoint associations (18.305292ms)
✔ four-radio new session required; expired, wrong source and substituted container fail closed before transport (6.985917ms)
✔ interface association retains native operational state but never infers admin, carrier or continuity (11.531417ms)
✔ changed namespace, index or MAC cannot inherit old interface observation (0.392542ms)
✔ complete absence, partial failure, stopped namespace and container absence remain distinct (0.300625ms)
✔ duplicates, foreign IDs, unknown fields and invented health fail closed (0.875792ms)
✔ Linux flags are separate from native operstate and never prove peer or continuity (9.476916ms)
✔ partial Linux failure preserves native evidence and the other endpoint (0.255875ms)
✔ changed enrolled attributes withhold even successful supplemental facts (0.238667ms)
✔ exact tuple reuse cannot upgrade continuity (0.325625ms)
✔ invented carrier, peer, source, raw fields or unassociated state are rejected (3.124375ms)
✔ live contract separates executed provenance and stable bundle IDs from recorded evidence (12.068708ms)
✔ worker provenance, cleanup, output and error disclosure fail closed (0.404875ms)
✔ reviewed dependency assessments are bounded bundle membership, never resolution (1.663542ms)
✔ independent parallel occurrences and disconnected node retain exact native facts (12.347166ms)
✔ partial node inspection, ambiguity, alias loss and literal absence preserve other occurrences (3.892666ms)
✔ full identity replacement rejects; namespace/interface changes and partial enrollment never adopt (2.15075ms)
✔ unsupported kinds and external roles remain explicit without invented observations (0.933792ms)
✔ strict disclosure, reference, bounds and unknown identity/state claims fail closed (2.17ms)
✔ maximum bounded enrollment accepted; one over each collection rejected (1.03675ms)
✔ 58 recorded fixtures validate; source hashes and evidence pin match retained bytes (8.72625ms)
✔ native F1 matches independent kinds, counts and alias; source tokens are not invented (0.560125ms)
✔ native F4 roles survive endpoint ordering and F5 preserves accepted duplicate occurrences (0.267584ms)
✔ F7 independent single-ended requirement never invents a peer (1.038542ms)
✔ rejections remain diagnostic-only and original/context identities stay separate (0.181166ms)
✔ native DTO rejects unknown fields, bad references, invented origins and capabilities (2.853667ms)
✔ projection ignores unreviewed native attributes and fails closed on unsupported arity (1.543708ms)
✔ projection treats native display strings as text and does not turn them into IDs or URLs (0.770167ms)
✔ cancel and shutdown reap owned transport process groups before resolving (136.477875ms)
✔ observations associate full resource IDs and expose only approved fields (13.135334ms)
✔ same-name replacement, duplicate, foreign lab, wrong purpose or kind cannot associate (0.252541ms)
✔ only successful empty inspection establishes absence; failed or malformed output does not (0.589ms)
✔ observation schema rejects duplicate identities, arbitrary state and forged link health (0.340667ms)
✔ executed trial declarations retain the independent two-node and endpoint expectations (5.104625ms)
✔ SRL alias is native evidence separate from declaration and actual interface (4.292292ms)
✔ no guessed alias or substitute Linux kind (0.203709ms)
✔ changed name, index or namespace remains unresolved (0.415458ms)
✔ missing alias does not prove interface deletion and leaves peer visible (1.019ms)
✔ profile DTO rejects arbitrary kinds, aliases, properties, peers and conflicting identities (0.810458ms)
✔ fresh manifest validates graph binding; old and tampered manifests rejected before any runtime call (26.166083ms)
✔ unchanged actual0.5 and0.6 recordings remain strict historical reads (11.114ms)
✔ original0.1–0.4 recorded observations retain strict original meanings (5.726625ms)
ℹ tests 67
ℹ suites 0
ℹ pass 67
ℹ fail 0
ℹ cancelled 0
ℹ skipped 0
ℹ todo 0
ℹ duration_ms 286.483583
