
> containerlab-synthetic-preview@0.1.0 test
> node --test tests/contract.test.ts tests/native.test.ts tests/declared.test.ts tests/live.test.ts tests/observation.test.ts tests/interfaces.test.ts tests/link-state.test.ts tests/profile.test.ts tests/multi.test.ts tests/capacity.test.ts tests/session-migration.test.ts tests/observation-cleanup.test.ts

✔ capacity profiles use0.6, exact32 occurrence maximum survives strict projection (13.031ms)
✔ capacity maximum partial failure keeps every occurrence and unaffected native evidence (1.422459ms)
✔ capacity version/domain and one-over bounds reject without changing historical profile (5.643125ms)
✔ recorded previous SRL and Linux observations remain accepted, not newly runtime-qualified (6.158375ms)
✔ independent expected files retain their published hashes (0.895875ms)
✔ F1 retains independent node, link occurrence and alias expectations (not native execution) (5.231292ms)
✔ F2 is diagnostic-only, with no raw source or synthetic secret in browser fixture (0.197833ms)
✔ F3 missing input never produces invented nodes (0.181792ms)
✔ F4 external roles remain distinct and explicitly unresolved (0.229292ms)
✔ F5 duplicate declarations survive as two occurrence identities with rejection (0.197083ms)
✔ unknown fields at every boundary are rejected, never stripped silently (2.242459ms)
✔ IDs are unique and revision-scoped; all references must resolve (4.755834ms)
✔ redacted/unavailable values cannot carry data; unknowns require reasons (0.610666ms)
✔ F6 text/node/response bounds reject rather than truncate graph data (1.719ms)
✔ operational capabilities and foreign session fields are rejected, not authenticated (3.135333ms)
✔ safe errors do not echo malformed data, native diagnostics or secrets (0.17325ms)
✔ same immutable synthetic revision has stable IDs and output (0.195208ms)
✔ 63 declaration fixtures and all pinned source/evidence hashes verify (23.277791ms)
✔ independent declaration object/dependency expectations remain intact (0.942334ms)
✔ specific reviewed errors identify template/schema rejection without raw native errors (0.181625ms)
✔ contract rejects disclosure, forged resolution, invalid references, duplicate IDs and budgets (4.123125ms)
✔ adapter omits hostile raw dependency strings and unreviewed configuration (6.81125ms)
✔ display text stays text in schema, with bounds rather than HTML interpretation (0.202166ms)
✔ interface association retains native operational state but never infers admin, carrier or continuity (11.005041ms)
✔ changed namespace, index or MAC cannot inherit old interface observation (0.371292ms)
✔ complete absence, partial failure, stopped namespace and container absence remain distinct (0.270542ms)
✔ duplicates, foreign IDs, unknown fields and invented health fail closed (0.788ms)
✔ Linux flags are separate from native operstate and never prove peer or continuity (9.524ms)
✔ partial Linux failure preserves native evidence and the other endpoint (0.253666ms)
✔ changed enrolled attributes withhold even successful supplemental facts (0.2465ms)
✔ exact tuple reuse cannot upgrade continuity (0.376375ms)
✔ invented carrier, peer, source, raw fields or unassociated state are rejected (2.657ms)
✔ live contract separates executed provenance and stable bundle IDs from recorded evidence (11.601333ms)
✔ worker provenance, cleanup, output and error disclosure fail closed (0.413375ms)
✔ reviewed dependency assessments are bounded bundle membership, never resolution (1.90575ms)
✔ independent parallel occurrences and disconnected node retain exact native facts (9.735584ms)
✔ partial node inspection, ambiguity, alias loss and literal absence preserve other occurrences (7.695042ms)
✔ full identity replacement rejects; namespace/interface changes and partial enrollment never adopt (4.55475ms)
✔ unsupported kinds and external roles remain explicit without invented observations (2.680041ms)
✔ strict disclosure, reference, bounds and unknown identity/state claims fail closed (2.034834ms)
✔ maximum bounded enrollment accepted; one over each collection rejected (0.879875ms)
✔ 58 recorded fixtures validate; source hashes and evidence pin match retained bytes (12.307333ms)
✔ native F1 matches independent kinds, counts and alias; source tokens are not invented (0.983417ms)
✔ native F4 roles survive endpoint ordering and F5 preserves accepted duplicate occurrences (0.310625ms)
✔ F7 independent single-ended requirement never invents a peer (1.113958ms)
✔ rejections remain diagnostic-only and original/context identities stay separate (0.187ms)
✔ native DTO rejects unknown fields, bad references, invented origins and capabilities (2.436375ms)
✔ projection ignores unreviewed native attributes and fails closed on unsupported arity (1.415916ms)
✔ projection treats native display strings as text and does not turn them into IDs or URLs (0.355542ms)
✔ cancel and shutdown reap owned transport process groups before resolving (126.323333ms)
✔ observations associate full resource IDs and expose only approved fields (6.191666ms)
✔ same-name replacement, duplicate, foreign lab, wrong purpose or kind cannot associate (0.248959ms)
✔ only successful empty inspection establishes absence; failed or malformed output does not (0.566334ms)
✔ observation schema rejects duplicate identities, arbitrary state and forged link health (0.337625ms)
✔ executed trial declarations retain the independent two-node and endpoint expectations (2.53225ms)
✔ SRL alias is native evidence separate from declaration and actual interface (12.801916ms)
✔ no guessed alias or substitute Linux kind (0.21ms)
✔ changed name, index or namespace remains unresolved (0.39275ms)
✔ missing alias does not prove interface deletion and leaves peer visible (0.208833ms)
✔ profile DTO rejects arbitrary kinds, aliases, properties, peers and conflicting identities (0.783083ms)
✔ fresh manifest validates graph binding; old and tampered manifests rejected before any runtime call (24.864875ms)
✔ unchanged actual0.5 and0.6 recordings remain strict historical reads (10.807167ms)
✔ original0.1–0.4 recorded observations retain strict original meanings (4.1035ms)
ℹ tests 63
ℹ suites 0
ℹ pass 63
ℹ fail 0
ℹ cancelled 0
ℹ skipped 0
ℹ todo 0
ℹ duration_ms 272.89175
