
> containerlab-synthetic-preview@0.1.0 build
> npm run fixtures:native && npm run fixtures:declared && npm run typecheck && vite build


> containerlab-synthetic-preview@0.1.0 fixtures:native
> node scripts/project-native.ts

Projected 58 verified native fixture records; no runtime executed.

> containerlab-synthetic-preview@0.1.0 fixtures:declared
> node scripts/project-declared.ts

Projected 63 pinned declaration fixtures. No native execution.

> containerlab-synthetic-preview@0.1.0 typecheck
> tsc --noEmit

vite v8.3.1 building client environment for production...
transforming...
✓ 279 modules transformed.
rendering chunks...
computing gzip size...
dist/index.html                   0.43 kB │ gzip:   0.30 kB
dist/assets/index-CXowtmoG.css   23.55 kB │ gzip:   4.91 kB
dist/assets/index-HTXLV7JM.js   705.40 kB │ gzip: 179.03 kB

[33m[MODULE_LEVEL_DIRECTIVE] [0mThe semantics of the module level directive "use client" in "node_modules/@xyflow/react/dist/esm/index.js" may not be preserved when bundling.
   [38;5;246m╭[0m[38;5;246m─[0m[38;5;246m[[0m node_modules/@xyflow/react/dist/esm/index.js:1:1 [38;5;246m][0m
   [38;5;246m│[0m
 [38;5;246m1 │[0m "use client"
 [38;5;240m  │[0m ──────┬─────  
 [38;5;240m  │[0m       ╰─────── module level directive may not be preserved
 [38;5;240m  │[0m 
 [38;5;240m  │[0m [38;5;115mHelp[0m: For more information, see https://rolldown.rs/in-depth/directives#other-directives
[38;5;246m───╯[0m

[plugin builtin:vite-reporter] 
(!) Some chunks are larger than 500 kB after minification. Consider:
- Using dynamic import() to code-split the application
- Use build.rolldownOptions.output.codeSplitting to improve chunking: https://rolldown.rs/reference/OutputOptions.codeSplitting
- Adjust chunk size limit for this warning via build.chunkSizeWarningLimit.
✓ built in 77ms

> containerlab-synthetic-preview@0.1.0 test:browser
> playwright test --grep backend sequence reset

[WebServer] (node:71713) Warning: The 'NO_COLOR' env is ignored due to the 'FORCE_COLOR' env being set.
[WebServer] (Use `node --trace-warnings ...` to show where the warning was created)

Running 1 test using 1 worker

(node:71714) Warning: The 'NO_COLOR' env is ignored due to the 'FORCE_COLOR' env being set.
(Use `node --trace-warnings ...` to show where the warning was created)
  ✓  1 tests/browser/observation.spec.ts:33:1 › backend sequence reset accepts a newer timestamp without discarding current selection (324ms)

  1 passed (1.0s)
