
> containerlab-synthetic-preview@0.1.0 test
> node --test tests/contract.test.ts tests/native.test.ts tests/declared.test.ts tests/live.test.ts tests/observation.test.ts tests/interfaces.test.ts tests/link-state.test.ts tests/profile.test.ts tests/multi.test.ts tests/capacity.test.ts tests/session-migration.test.ts tests/observation-cleanup.test.ts tests/four-radio.test.ts tests/workbench.test.ts tests/node-logs.test.ts tests/capture.test.ts tests/reviewed-lua.test.ts tests/reanalysis.test.ts

✔ capacity profiles use0.6, exact32 occurrence maximum survives strict projection (17.891125ms)
✔ capacity maximum partial failure keeps every occurrence and unaffected native evidence (1.95375ms)
✔ capacity version/domain and one-over bounds reject without changing historical profile (13.772125ms)
✔ recorded previous SRL and Linux observations remain accepted, not newly runtime-qualified (4.578667ms)
✔ capture request bounds and path/command separation (1.43825ms)
✔ capture target resolves only frozen Linux endpoint identity (0.515ms)
✔ capture metadata rejects oversized artifacts and unreviewed packet fields (3.467ms)
✔ capture HTTP rejects cross-origin and path/size input before any native operation (25.299291ms)
✔ independent expected files retain their published hashes (4.255834ms)
✔ F1 retains independent node, link occurrence and alias expectations (not native execution) (7.019083ms)
✔ F2 is diagnostic-only, with no raw source or synthetic secret in browser fixture (0.198709ms)
✔ F3 missing input never produces invented nodes (0.149375ms)
✔ F4 external roles remain distinct and explicitly unresolved (0.234334ms)
✔ F5 duplicate declarations survive as two occurrence identities with rejection (0.200584ms)
✔ unknown fields at every boundary are rejected, never stripped silently (1.702709ms)
✔ IDs are unique and revision-scoped; all references must resolve (6.693333ms)
✔ redacted/unavailable values cannot carry data; unknowns require reasons (0.677084ms)
✔ F6 text/node/response bounds reject rather than truncate graph data (1.842375ms)
✔ operational capabilities and foreign session fields are rejected, not authenticated (1.679709ms)
✔ safe errors do not echo malformed data, native diagnostics or secrets (0.171875ms)
✔ same immutable synthetic revision has stable IDs and output (0.170708ms)
✔ 63 declaration fixtures and all pinned source/evidence hashes verify (28.384334ms)
✔ independent declaration object/dependency expectations remain intact (0.995208ms)
✔ specific reviewed errors identify template/schema rejection without raw native errors (0.193208ms)
✔ contract rejects disclosure, forged resolution, invalid references, duplicate IDs and budgets (3.807042ms)
✔ adapter omits hostile raw dependency strings and unreviewed configuration (5.830208ms)
✔ display text stays text in schema, with bounds rather than HTML interpretation (0.148542ms)
✔ four-radio independent exact declarations and preserved approved companion hashes (3.04575ms)
✔ explicit deployment accepts native names without qualification label; rejects wrong lab, duplicates, unsafe names and unknown fields (2.276292ms)
✔ recorded SR Linux25.10.1 has fourteen distinct exact enrolled endpoint associations (12.05225ms)
✔ four-radio new session required; expired, wrong source and substituted container fail closed before transport (1.989625ms)
✔ interface association retains native operational state but never infers admin, carrier or continuity (5.861334ms)
✔ changed namespace, index or MAC cannot inherit old interface observation (0.429834ms)
✔ complete absence, partial failure, stopped namespace and container absence remain distinct (0.297708ms)
✔ duplicates, foreign IDs, unknown fields and invented health fail closed (1.596958ms)
✔ Linux flags are separate from native operstate and never prove peer or continuity (28.726333ms)
✔ partial Linux failure preserves native evidence and the other endpoint (3.141667ms)
✔ changed enrolled attributes withhold even successful supplemental facts (0.292875ms)
✔ exact tuple reuse cannot upgrade continuity (0.326791ms)
✔ invented carrier, peer, source, raw fields or unassociated state are rejected (0.91975ms)
✔ live contract separates executed provenance and stable bundle IDs from recorded evidence (17.64025ms)
✔ worker provenance, cleanup, output and error disclosure fail closed (0.417625ms)
✔ reviewed dependency assessments are bounded bundle membership, never resolution (2.363042ms)
✔ independent parallel occurrences and disconnected node retain exact native facts (13.10475ms)
✔ partial node inspection, ambiguity, alias loss and literal absence preserve other occurrences (2.722167ms)
✔ full identity replacement rejects; namespace/interface changes and partial enrollment never adopt (1.7225ms)
✔ unsupported kinds and external roles remain explicit without invented observations (0.876708ms)
✔ strict disclosure, reference, bounds and unknown identity/state claims fail closed (2.208042ms)
✔ maximum bounded enrollment accepted; one over each collection rejected (1.133542ms)
✔ 58 recorded fixtures validate; source hashes and evidence pin match retained bytes (28.07025ms)
✔ native F1 matches independent kinds, counts and alias; source tokens are not invented (0.632459ms)
✔ native F4 roles survive endpoint ordering and F5 preserves accepted duplicate occurrences (0.251334ms)
✔ F7 independent single-ended requirement never invents a peer (1.318916ms)
✔ rejections remain diagnostic-only and original/context identities stay separate (1.090666ms)
✔ native DTO rejects unknown fields, bad references, invented origins and capabilities (2.698292ms)
✔ projection ignores unreviewed native attributes and fails closed on unsupported arity (1.399083ms)
✔ projection treats native display strings as text and does not turn them into IDs or URLs (0.398542ms)
✔ log contract allows text markup but rejects control escapes, byte overflow and unknown fields (3.360542ms)
✔ log target requires explicit qualification, enrolled deployment, node ID and supported bound container (0.226667ms)
✔ transport enforces malformed/output/timeout/cancellation boundaries with a local fake executable (9164.865792ms)
✔ local tail then literal filter preserves bounds and does not interpret regex or markup (0.727ms)
✔ cancel and shutdown reap owned transport process groups before resolving (76.010375ms)
✔ observations associate full resource IDs and expose only approved fields (8.062708ms)
✔ same-name replacement, duplicate, foreign lab, wrong purpose or kind cannot associate (0.22425ms)
✔ only successful empty inspection establishes absence; failed or malformed output does not (0.53825ms)
✔ observation schema rejects duplicate identities, arbitrary state and forged link health (0.336166ms)
✔ executed trial declarations retain the independent two-node and endpoint expectations (5.184583ms)
✔ SRL alias is native evidence separate from declaration and actual interface (11.613959ms)
✔ no guessed alias or substitute Linux kind (0.214333ms)
✔ changed name, index or namespace remains unresolved (0.430791ms)
✔ missing alias does not prove interface deletion and leaves peer visible (0.208375ms)
✔ profile DTO rejects arbitrary kinds, aliases, properties, peers and conflicting identities (0.8125ms)
✔ reanalysis accepts artifact references only, separate job identity and reviewed options (1.463875ms)
✔ managed reanalysis uses unchanged bytes/TTL; refuses mismatch, expiry, malformed/oversized output, cancellation and capability changes (21093.584666ms)
✔ reviewed Lua accepts exact ID; paths, unknown IDs and arguments rejected (1.558375ms)
✔ reviewed Lua inventory hash and field disclosure agree with checked-in reviewed source (1.096625ms)
✔ reviewed result cannot substitute script or hash and old capture/0.1 remains readable (1.797667ms)
✔ fresh manifest validates graph binding; old and tampered manifests rejected before any runtime call (8.344375ms)
✔ unchanged actual0.5 and0.6 recordings remain strict historical reads (12.347209ms)
✔ original0.1–0.4 recorded observations retain strict original meanings (6.751542ms)
✔ every native endpoint attaches to its exact port handle without changing input (5.62325ms)
✔ renamed and differently sized inventories share generic enrollment and observation rules (11.759ms)
✔ single-ended, dangling and disconnected occurrences remain explicit presentation objects (0.358958ms)
✔ current session checks general deployment binding before transport; historical sessions cannot activate (6.47625ms)
✔ unsupported kinds stay explicit and general collection ceilings remain enforced (0.946208ms)
ℹ tests 85
ℹ suites 0
ℹ pass 85
ℹ fail 0
ℹ cancelled 0
ℹ skipped 0
ℹ todo 0
ℹ duration_ms 21289.726709
