
> containerlab-synthetic-preview@0.1.0 test
> node --test tests/contract.test.ts tests/native.test.ts tests/declared.test.ts tests/live.test.ts tests/observation.test.ts tests/interfaces.test.ts tests/link-state.test.ts tests/profile.test.ts tests/multi.test.ts tests/capacity.test.ts tests/session-migration.test.ts tests/observation-cleanup.test.ts tests/four-radio.test.ts tests/workbench.test.ts tests/node-logs.test.ts tests/capture.test.ts tests/reviewed-lua.test.ts tests/reanalysis.test.ts

✔ capacity profiles use0.6, exact32 occurrence maximum survives strict projection (17.905292ms)
✔ capacity maximum partial failure keeps every occurrence and unaffected native evidence (1.969458ms)
✔ capacity version/domain and one-over bounds reject without changing historical profile (5.760791ms)
✔ recorded previous SRL and Linux observations remain accepted, not newly runtime-qualified (5.064375ms)
✔ capture request bounds and path/command separation (0.991917ms)
✔ capture target resolves only frozen Linux endpoint identity (0.250209ms)
✔ capture metadata rejects oversized artifacts and unreviewed packet fields (1.71075ms)
✔ capture HTTP rejects cross-origin and path/size input before any native operation (21.823959ms)
✔ independent expected files retain their published hashes (4.572292ms)
✔ F1 retains independent node, link occurrence and alias expectations (not native execution) (11.84525ms)
✔ F2 is diagnostic-only, with no raw source or synthetic secret in browser fixture (0.178417ms)
✔ F3 missing input never produces invented nodes (0.13075ms)
✔ F4 external roles remain distinct and explicitly unresolved (0.218125ms)
✔ F5 duplicate declarations survive as two occurrence identities with rejection (0.184625ms)
✔ unknown fields at every boundary are rejected, never stripped silently (1.801166ms)
✔ IDs are unique and revision-scoped; all references must resolve (5.144583ms)
✔ redacted/unavailable values cannot carry data; unknowns require reasons (0.845834ms)
✔ F6 text/node/response bounds reject rather than truncate graph data (1.742625ms)
✔ operational capabilities and foreign session fields are rejected, not authenticated (2.525625ms)
✔ safe errors do not echo malformed data, native diagnostics or secrets (0.313292ms)
✔ same immutable synthetic revision has stable IDs and output (0.234083ms)
✔ 63 declaration fixtures and all pinned source/evidence hashes verify (32.366458ms)
✔ independent declaration object/dependency expectations remain intact (1.544667ms)
✔ specific reviewed errors identify template/schema rejection without raw native errors (0.194292ms)
✔ contract rejects disclosure, forged resolution, invalid references, duplicate IDs and budgets (3.997584ms)
✔ adapter omits hostile raw dependency strings and unreviewed configuration (6.927875ms)
✔ display text stays text in schema, with bounds rather than HTML interpretation (0.184542ms)
✔ four-radio independent exact declarations and preserved approved companion hashes (4.233458ms)
✔ explicit deployment accepts native names without qualification label; rejects wrong lab, duplicates, unsafe names and unknown fields (4.639958ms)
✔ recorded SR Linux25.10.1 has fourteen distinct exact enrolled endpoint associations (11.947667ms)
✔ four-radio new session required; expired, wrong source and substituted container fail closed before transport (3.630375ms)
✔ interface association retains native operational state but never infers admin, carrier or continuity (11.862834ms)
✔ changed namespace, index or MAC cannot inherit old interface observation (0.662ms)
✔ complete absence, partial failure, stopped namespace and container absence remain distinct (0.292125ms)
✔ duplicates, foreign IDs, unknown fields and invented health fail closed (4.162583ms)
✔ Linux flags are separate from native operstate and never prove peer or continuity (9.721208ms)
✔ partial Linux failure preserves native evidence and the other endpoint (0.295083ms)
✔ changed enrolled attributes withhold even successful supplemental facts (0.238792ms)
✔ exact tuple reuse cannot upgrade continuity (0.330417ms)
✔ invented carrier, peer, source, raw fields or unassociated state are rejected (1.407042ms)
✔ live contract separates executed provenance and stable bundle IDs from recorded evidence (18.566583ms)
✔ worker provenance, cleanup, output and error disclosure fail closed (0.422333ms)
✔ reviewed dependency assessments are bounded bundle membership, never resolution (2.530667ms)
✔ independent parallel occurrences and disconnected node retain exact native facts (24.769417ms)
✔ partial node inspection, ambiguity, alias loss and literal absence preserve other occurrences (5.074875ms)
✔ full identity replacement rejects; namespace/interface changes and partial enrollment never adopt (3.70575ms)
✔ unsupported kinds and external roles remain explicit without invented observations (0.976083ms)
✔ strict disclosure, reference, bounds and unknown identity/state claims fail closed (4.265917ms)
✔ maximum bounded enrollment accepted; one over each collection rejected (1.564208ms)
✔ 58 recorded fixtures validate; source hashes and evidence pin match retained bytes (16.006958ms)
✔ native F1 matches independent kinds, counts and alias; source tokens are not invented (0.647375ms)
✔ native F4 roles survive endpoint ordering and F5 preserves accepted duplicate occurrences (0.2835ms)
✔ F7 independent single-ended requirement never invents a peer (1.247042ms)
✔ rejections remain diagnostic-only and original/context identities stay separate (0.189083ms)
✔ native DTO rejects unknown fields, bad references, invented origins and capabilities (2.466458ms)
✔ projection ignores unreviewed native attributes and fails closed on unsupported arity (1.567291ms)
✔ projection treats native display strings as text and does not turn them into IDs or URLs (0.506292ms)
✔ log contract allows text markup but rejects control escapes, byte overflow and unknown fields (2.317125ms)
✔ log target requires explicit qualification, enrolled deployment, node ID and supported bound container (0.217ms)
✔ transport enforces malformed/output/timeout/cancellation boundaries with a local fake executable (9157.645167ms)
✔ local tail then literal filter preserves bounds and does not interpret regex or markup (0.547833ms)
✔ cancel and shutdown reap owned transport process groups before resolving (117.651792ms)
✔ observations associate full resource IDs and expose only approved fields (6.206042ms)
✔ same-name replacement, duplicate, foreign lab, wrong purpose or kind cannot associate (0.453833ms)
✔ only successful empty inspection establishes absence; failed or malformed output does not (1.4855ms)
✔ observation schema rejects duplicate identities, arbitrary state and forged link health (1.09475ms)
✔ executed trial declarations retain the independent two-node and endpoint expectations (4.350084ms)
✔ SRL alias is native evidence separate from declaration and actual interface (9.475209ms)
✔ no guessed alias or substitute Linux kind (0.209458ms)
✔ changed name, index or namespace remains unresolved (0.390875ms)
✔ missing alias does not prove interface deletion and leaves peer visible (0.205666ms)
✔ profile DTO rejects arbitrary kinds, aliases, properties, peers and conflicting identities (0.842ms)
✔ reanalysis accepts artifact references only, separate job identity and reviewed options (1.430208ms)
✔ managed reanalysis uses unchanged bytes/TTL; refuses mismatch, expiry, malformed/oversized output, cancellation and capability changes (844.480583ms)
✔ reviewed Lua accepts exact ID; paths, unknown IDs and arguments rejected (1.49925ms)
✔ reviewed Lua inventory hash and field disclosure agree with checked-in reviewed source (1.155167ms)
✔ reviewed result cannot substitute script or hash and old capture/0.1 remains readable (1.703ms)
✔ fresh manifest validates graph binding; old and tampered manifests rejected before any runtime call (8.240375ms)
✔ unchanged actual0.5 and0.6 recordings remain strict historical reads (11.850334ms)
✔ original0.1–0.4 recorded observations retain strict original meanings (6.438708ms)
✔ every native endpoint attaches to its exact port handle without changing input (5.73225ms)
✔ renamed and differently sized inventories share generic enrollment and observation rules (12.401083ms)
✔ single-ended, dangling and disconnected occurrences remain explicit presentation objects (0.358084ms)
✔ current session checks general deployment binding before transport; historical sessions cannot activate (5.860833ms)
✔ unsupported kinds stay explicit and general collection ceilings remain enforced (0.841166ms)
ℹ tests 85
ℹ suites 0
ℹ pass 85
ℹ fail 0
ℹ cancelled 0
ℹ skipped 0
ℹ todo 0
ℹ duration_ms 9348.439084
