
> containerlab-synthetic-preview@0.1.0 test:live
> node --test tests/live/*.test.ts && python3 tests/live/service_test.py

✔ filename is a basename; no client endpoint or arbitrary Lua path accepted (1.638375ms)
✔ one selected link produces actual hash-bound bytes and chosen download name (2.836ms)
✔ malformed worker PCAP cannot become a downloadable artifact (0.214958ms)
✔ late completion after cancellation cannot publish an artifact (0.140458ms)
✔ replacement enrollment revokes retained bytes (0.176ms)
✔ GO is serialized, intent persisted first, explicit stop removes deployment (1.837125ms)
✔ failed deploy stays partial until scoped recovery, not a success or invisible rollback (0.165417ms)
✔ source changes before GO refuse native invocation (0.079ms)
✔ restart cannot silently adopt an existing runtime (0.088041ms)
✔ one deterministic capture point observes both directions, not both endpoints (1.201791ms)
✔ SRL-Linux chooses qualified Linux side automatically (0.186083ms)
✔ wrong deployment, different occurrence and external link cannot capture (0.225084ms)
✔ unassociated interfaces cannot become targets (0.081167ms)
✔ exact bytes, explicit context only and no private root disclosed (2.24075ms)
✔ nested companion paths preserved and changes refuse GO (1.336583ms)
✔ traversal, absolute paths and duplicate inventory refused (0.515792ms)
✔ symlink file and directory refused (0.763834ms)
✔ missing context and size bounds are failures not invented content (1.468875ms)
✔ runtime reads and capture execute serially, queue is bounded and recovers after failure (0.79875ms)
✔ local HTTP boundary rejects foreign origins and requires explicit GO revision (14.5815ms)
ℹ tests 20
ℹ suites 0
ℹ pass 20
ℹ fail 0
ℹ cancelled 0
ℹ skipped 0
ℹ todo 0
ℹ duration_ms 120.211667
.........
----------------------------------------------------------------------
Ran 9 tests in 0.015s

OK
