
> containerlab-synthetic-preview@0.1.0 test
> node --test tests/contract.test.ts tests/native.test.ts tests/declared.test.ts tests/live.test.ts tests/observation.test.ts tests/interfaces.test.ts tests/link-state.test.ts tests/profile.test.ts tests/multi.test.ts tests/capacity.test.ts tests/session-migration.test.ts tests/observation-cleanup.test.ts tests/four-radio.test.ts tests/workbench.test.ts tests/node-logs.test.ts tests/capture.test.ts tests/reviewed-lua.test.ts tests/reanalysis.test.ts

✔ capacity profiles use0.6, exact32 occurrence maximum survives strict projection (17.084333ms)
✔ capacity maximum partial failure keeps every occurrence and unaffected native evidence (2.019667ms)
✔ capacity version/domain and one-over bounds reject without changing historical profile (3.189208ms)
✔ recorded previous SRL and Linux observations remain accepted, not newly runtime-qualified (4.462417ms)
✔ capture request bounds and path/command separation (0.897ms)
✔ capture target resolves only frozen Linux endpoint identity (0.250917ms)
✔ capture metadata rejects oversized artifacts and unreviewed packet fields (6.742167ms)
✔ capture HTTP rejects cross-origin and path/size input before any native operation (25.87425ms)
✔ independent expected files retain their published hashes (9.563708ms)
✔ F1 retains independent node, link occurrence and alias expectations (not native execution) (5.57175ms)
✔ F2 is diagnostic-only, with no raw source or synthetic secret in browser fixture (0.23ms)
✔ F3 missing input never produces invented nodes (0.15875ms)
✔ F4 external roles remain distinct and explicitly unresolved (0.28075ms)
✔ F5 duplicate declarations survive as two occurrence identities with rejection (0.190875ms)
✔ unknown fields at every boundary are rejected, never stripped silently (5.40675ms)
✔ IDs are unique and revision-scoped; all references must resolve (5.190292ms)
✔ redacted/unavailable values cannot carry data; unknowns require reasons (0.834041ms)
✔ F6 text/node/response bounds reject rather than truncate graph data (2.454584ms)
✔ operational capabilities and foreign session fields are rejected, not authenticated (0.740167ms)
✔ safe errors do not echo malformed data, native diagnostics or secrets (0.170417ms)
✔ same immutable synthetic revision has stable IDs and output (2.864916ms)
✔ 63 declaration fixtures and all pinned source/evidence hashes verify (25.900167ms)
✔ independent declaration object/dependency expectations remain intact (1.071458ms)
✔ specific reviewed errors identify template/schema rejection without raw native errors (0.202208ms)
✔ contract rejects disclosure, forged resolution, invalid references, duplicate IDs and budgets (4.177709ms)
✔ adapter omits hostile raw dependency strings and unreviewed configuration (5.97ms)
✔ display text stays text in schema, with bounds rather than HTML interpretation (0.139125ms)
✔ four-radio independent exact declarations and preserved approved companion hashes (7.7845ms)
✔ explicit deployment accepts native names without qualification label; rejects wrong lab, duplicates, unsafe names and unknown fields (2.540875ms)
✔ recorded SR Linux25.10.1 has fourteen distinct exact enrolled endpoint associations (13.393333ms)
✔ four-radio new session required; expired, wrong source and substituted container fail closed before transport (2.197875ms)
✔ interface association retains native operational state but never infers admin, carrier or continuity (11.180292ms)
✔ changed namespace, index or MAC cannot inherit old interface observation (0.405208ms)
✔ complete absence, partial failure, stopped namespace and container absence remain distinct (0.293792ms)
✔ duplicates, foreign IDs, unknown fields and invented health fail closed (0.878833ms)
✔ Linux flags are separate from native operstate and never prove peer or continuity (31.38725ms)
✔ partial Linux failure preserves native evidence and the other endpoint (0.921458ms)
✔ changed enrolled attributes withhold even successful supplemental facts (0.229417ms)
✔ exact tuple reuse cannot upgrade continuity (0.313666ms)
✔ invented carrier, peer, source, raw fields or unassociated state are rejected (0.921791ms)
✔ live contract separates executed provenance and stable bundle IDs from recorded evidence (13.163208ms)
✔ worker provenance, cleanup, output and error disclosure fail closed (0.445333ms)
✔ reviewed dependency assessments are bounded bundle membership, never resolution (1.613083ms)
✔ independent parallel occurrences and disconnected node retain exact native facts (23.746542ms)
✔ partial node inspection, ambiguity, alias loss and literal absence preserve other occurrences (2.595459ms)
✔ full identity replacement rejects; namespace/interface changes and partial enrollment never adopt (1.8825ms)
✔ unsupported kinds and external roles remain explicit without invented observations (0.958708ms)
✔ strict disclosure, reference, bounds and unknown identity/state claims fail closed (2.130792ms)
✔ maximum bounded enrollment accepted; one over each collection rejected (0.908375ms)
✔ 58 recorded fixtures validate; source hashes and evidence pin match retained bytes (29.10625ms)
✔ native F1 matches independent kinds, counts and alias; source tokens are not invented (0.570333ms)
✔ native F4 roles survive endpoint ordering and F5 preserves accepted duplicate occurrences (0.228667ms)
✔ F7 independent single-ended requirement never invents a peer (1.677583ms)
✔ rejections remain diagnostic-only and original/context identities stay separate (0.203375ms)
✔ native DTO rejects unknown fields, bad references, invented origins and capabilities (2.395708ms)
✔ projection ignores unreviewed native attributes and fails closed on unsupported arity (1.399ms)
✔ projection treats native display strings as text and does not turn them into IDs or URLs (0.803333ms)
✔ log contract allows text markup but rejects control escapes, byte overflow and unknown fields (2.148875ms)
✔ log target requires explicit qualification, enrolled deployment, node ID and supported bound container (0.199709ms)
✔ transport enforces malformed/output/timeout/cancellation boundaries with a local fake executable (9209.979084ms)
✔ local tail then literal filter preserves bounds and does not interpret regex or markup (0.988125ms)
✔ cancel and shutdown reap owned transport process groups before resolving (118.5235ms)
✔ observations associate full resource IDs and expose only approved fields (6.0465ms)
✔ same-name replacement, duplicate, foreign lab, wrong purpose or kind cannot associate (0.203875ms)
✔ only successful empty inspection establishes absence; failed or malformed output does not (0.537125ms)
✔ observation schema rejects duplicate identities, arbitrary state and forged link health (0.339917ms)
✔ executed trial declarations retain the independent two-node and endpoint expectations (5.885083ms)
✔ SRL alias is native evidence separate from declaration and actual interface (9.046666ms)
✔ no guessed alias or substitute Linux kind (0.233542ms)
✔ changed name, index or namespace remains unresolved (0.40775ms)
✔ missing alias does not prove interface deletion and leaves peer visible (0.203334ms)
✔ profile DTO rejects arbitrary kinds, aliases, properties, peers and conflicting identities (1.968625ms)
✔ reanalysis accepts artifact references only, separate job identity and reviewed options (2.644709ms)
✔ managed reanalysis uses unchanged bytes/TTL; refuses mismatch, expiry, malformed/oversized output, cancellation and capability changes (21136.392834ms)
✔ reviewed Lua accepts exact ID; paths, unknown IDs and arguments rejected (1.699208ms)
✔ reviewed Lua inventory hash and field disclosure agree with checked-in reviewed source (1.185291ms)
✔ reviewed result cannot substitute script or hash and old capture/0.1 remains readable (1.862583ms)
✔ fresh manifest validates graph binding; old and tampered manifests rejected before any runtime call (8.3065ms)
✔ unchanged actual0.5 and0.6 recordings remain strict historical reads (12.020667ms)
✔ original0.1–0.4 recorded observations retain strict original meanings (6.550625ms)
✔ every native endpoint attaches to its exact port handle without changing input (5.37575ms)
✔ renamed and differently sized inventories share generic enrollment and observation rules (12.237667ms)
✔ single-ended, dangling and disconnected occurrences remain explicit presentation objects (0.383125ms)
✔ current session checks general deployment binding before transport; historical sessions cannot activate (6.61425ms)
✔ unsupported kinds stay explicit and general collection ceilings remain enforced (0.920416ms)
ℹ tests 85
ℹ suites 0
ℹ pass 85
ℹ fail 0
ℹ cancelled 0
ℹ skipped 0
ℹ todo 0
ℹ duration_ms 21337.465041
