time="2026-09-26T12:52:54-04:00" level=info msg="Sending SIGINT to hostagent process 66036"
time="2026-09-26T12:52:54-04:00" level=info msg="Waiting for the host agent and the driver processes to shut down"
time="2026-09-26T12:52:54-04:00" level=info msg="[hostagent] Received SIGINT, shutting down the host agent"
time="2026-09-26T12:52:54-04:00" level=info msg="[hostagent] Shutting down the host agent"
time="2026-09-26T12:52:55-04:00" level=info msg="[hostagent] Shutting down VZ"
time="2026-09-26T12:52:55-04:00" level=info msg="[hostagent] [VZ] - vm state change: stopped"
time="2026-09-26T12:52:55-04:00" level=error msg="[hostagent] accept tcp 127.0.0.1:56591: use of closed network connection"
time="2026-09-26T12:52:55-04:00" level=info msg="Waiting for the instance to shut down"
time="2026-09-26T12:52:56-04:00" level=info msg="The instance clab-app-3a2d71d640034b2d has shut down"
time="2026-09-26T12:52:56-04:00" level=info msg="Instance `clab-app-3a2d71d640034b2d` configuration edited"
time="2026-09-26T12:52:56-04:00" level=info msg="Using the existing instance `clab-app-3a2d71d640034b2d`"
time="2026-09-26T12:52:56-04:00" level=info msg="Starting the instance `clab-app-3a2d71d640034b2d` with internal VM driver `vz`"
time="2026-09-26T12:52:56-04:00" level=info msg="[hostagent] TCP (except for SSH) and UDP port forwarding is disabled"
time="2026-09-26T12:52:56-04:00" level=info msg="[hostagent] hostagent socket created at /Users/rklinkhammer/.lima/clab-app-3a2d71d640034b2d/ha.sock"
time="2026-09-26T12:52:56-04:00" level=info msg="[hostagent] Starting VZ (hint: to watch the boot progress, see `/Users/rklinkhammer/.lima/clab-app-3a2d71d640034b2d/serial*.log`)"
time="2026-09-26T12:52:56-04:00" level=info msg="[hostagent] [VZ] - vm state change: running"
time="2026-09-26T12:53:02-04:00" level=info msg="[hostagent] SSH server does not seem to be running on vsock port, using usernet forwarder"
time="2026-09-26T12:53:02-04:00" level=info msg="SSH Local Port: 56615"
time="2026-09-26T12:53:02-04:00" level=info msg="[hostagent] Waiting for the essential requirement 1 of 3: `ssh`"
time="2026-09-26T12:53:02-04:00" level=info msg="[hostagent] The essential requirement 1 of 3 is satisfied"
time="2026-09-26T12:53:02-04:00" level=info msg="[hostagent] Waiting for the essential requirement 2 of 3: `user session is ready for ssh`"
time="2026-09-26T12:53:02-04:00" level=info msg="[hostagent] The essential requirement 2 of 3 is satisfied"
time="2026-09-26T12:53:02-04:00" level=info msg="[hostagent] Waiting for the essential requirement 3 of 3: `Explicitly start ssh ControlMaster`"
time="2026-09-26T12:53:03-04:00" level=info msg="[hostagent] The essential requirement 3 of 3 is satisfied"
time="2026-09-26T12:53:03-04:00" level=info msg="[hostagent] Waiting for the guest agent to be running"
time="2026-09-26T12:53:03-04:00" level=info msg="[hostagent] Guest agent is running"
time="2026-09-26T12:53:03-04:00" level=info msg="[hostagent] Waiting for the final requirement 1 of 1: `boot scripts must have finished`"
time="2026-09-26T12:53:03-04:00" level=info msg="[hostagent] Time sync: guest agent is alive, starting time synchronization"
time="2026-09-26T12:53:03-04:00" level=info msg="[hostagent] Forwarding TCP from 127.0.0.1:41621 to 127.0.0.1:41621"
time="2026-09-26T12:53:06-04:00" level=info msg="[hostagent] The final requirement 1 of 1 is satisfied"
time="2026-09-26T12:53:06-04:00" level=info msg="READY. Run `limactl shell clab-app-3a2d71d640034b2d` to open the shell."
time="2026-09-26T12:53:35-04:00" level=info msg="Sending SIGINT to hostagent process 66313"
time="2026-09-26T12:53:35-04:00" level=info msg="Waiting for the host agent and the driver processes to shut down"
time="2026-09-26T12:53:35-04:00" level=info msg="[hostagent] Received SIGINT, shutting down the host agent"
time="2026-09-26T12:53:35-04:00" level=info msg="[hostagent] Shutting down the host agent"
time="2026-09-26T12:53:35-04:00" level=info msg="[hostagent] Shutting down VZ"
time="2026-09-26T12:53:35-04:00" level=info msg="[hostagent] [VZ] - vm state change: stopped"
time="2026-09-26T12:53:35-04:00" level=error msg="[hostagent] accept tcp 127.0.0.1:56615: use of closed network connection"
time="2026-09-26T12:53:36-04:00" level=info msg="Waiting for the instance to shut down"
time="2026-09-26T12:53:36-04:00" level=info msg="The instance clab-app-3a2d71d640034b2d has shut down"
time="2026-09-26T12:53:36-04:00" level=info msg="Instance `clab-app-3a2d71d640034b2d` configuration edited"
time="2026-09-26T12:53:36-04:00" level=info msg="Using the existing instance `clab-app-3a2d71d640034b2d`"
time="2026-09-26T12:53:36-04:00" level=info msg="Starting the instance `clab-app-3a2d71d640034b2d` with internal VM driver `vz`"
time="2026-09-26T12:53:36-04:00" level=info msg="[hostagent] TCP (except for SSH) and UDP port forwarding is disabled"
time="2026-09-26T12:53:36-04:00" level=info msg="[hostagent] hostagent socket created at /Users/rklinkhammer/.lima/clab-app-3a2d71d640034b2d/ha.sock"
time="2026-09-26T12:53:36-04:00" level=info msg="[hostagent] Starting VZ (hint: to watch the boot progress, see `/Users/rklinkhammer/.lima/clab-app-3a2d71d640034b2d/serial*.log`)"
time="2026-09-26T12:53:37-04:00" level=info msg="[hostagent] [VZ] - vm state change: running"
time="2026-09-26T12:53:43-04:00" level=info msg="[hostagent] SSH server does not seem to be running on vsock port, using usernet forwarder"
time="2026-09-26T12:53:44-04:00" level=info msg="SSH Local Port: 56630"
time="2026-09-26T12:53:44-04:00" level=info msg="[hostagent] Waiting for the essential requirement 1 of 3: `ssh`"
time="2026-09-26T12:53:44-04:00" level=info msg="[hostagent] The essential requirement 1 of 3 is satisfied"
time="2026-09-26T12:53:44-04:00" level=info msg="[hostagent] Waiting for the essential requirement 2 of 3: `user session is ready for ssh`"
time="2026-09-26T12:53:44-04:00" level=info msg="[hostagent] The essential requirement 2 of 3 is satisfied"
time="2026-09-26T12:53:44-04:00" level=info msg="[hostagent] Waiting for the essential requirement 3 of 3: `Explicitly start ssh ControlMaster`"
time="2026-09-26T12:53:44-04:00" level=info msg="[hostagent] The essential requirement 3 of 3 is satisfied"
time="2026-09-26T12:53:44-04:00" level=info msg="[hostagent] Waiting for the guest agent to be running"
time="2026-09-26T12:53:44-04:00" level=info msg="[hostagent] Guest agent is running"
time="2026-09-26T12:53:44-04:00" level=info msg="[hostagent] Waiting for the final requirement 1 of 1: `boot scripts must have finished`"
time="2026-09-26T12:53:44-04:00" level=info msg="[hostagent] Time sync: guest agent is alive, starting time synchronization"
time="2026-09-26T12:53:47-04:00" level=info msg="[hostagent] The final requirement 1 of 1 is satisfied"
time="2026-09-26T12:53:47-04:00" level=info msg="READY. Run `limactl shell clab-app-3a2d71d640034b2d` to open the shell."
