
> containerlab-synthetic-preview@0.1.0 test:browser
> playwright test

[WebServer] (node:62589) Warning: The 'NO_COLOR' env is ignored due to the 'FORCE_COLOR' env being set.
[WebServer] (Use `node --trace-warnings ...` to show where the warning was created)

Running 23 tests using 1 worker

(node:62590) Warning: The 'NO_COLOR' env is ignored due to the 'FORCE_COLOR' env being set.
(Use `node --trace-warnings ...` to show where the warning was created)
  ✓   1 tests/browser/declared.spec.ts:2:1 › declared missing-bind topology renders with explicit unresolved dependencies (282ms)
  ✓   2 tests/browser/declared.spec.ts:13:1 › declarations preserve single-ended, dangling, parallel and external occurrences (210ms)
  ✓   3 tests/browser/declared.spec.ts:24:1 › specific errors and keyboard navigation work at narrow width (180ms)
  ✓   4 tests/browser/declared.spec.ts:36:1 › declared labels render hostile text without creating HTML or requests (131ms)
  -   5 tests/browser/observation.spec.ts:4:1 › actual runtime inspection retains declaration selection across stop and recovery
  ✓   6 tests/browser/observation.spec.ts:22:1 › polling, failure, stale data, cancellation and recovery (transport control) (19.9s)
  ✓   7 tests/browser/observation.spec.ts:31:1 › observation routes expose no mutation and reject foreign browser origin (26ms)
  ✓   8 tests/browser/on-demand.spec.ts:2:1 › on-demand view clearly reports an unavailable worker without a session (231ms)
  -   9 tests/browser/on-demand.spec.ts:7:1 › actual native load renders declarations and live bundle provenance
  -  10 tests/browser/on-demand.spec.ts:17:1 › actual native schema and missing-template errors remain specific
  ✓  11 tests/browser/on-demand.spec.ts:23:1 › local API rejects arbitrary bundle/path payloads and cross-origin execution (5ms)
  ✓  12 tests/browser/on-demand.spec.ts:30:1 › UI cancellation discards stale responses (transport mock) (267ms)
  -  13 tests/browser/on-demand.spec.ts:37:1 › expanded approved cases expose native objects and scoped dependency evidence
  ✓  14 tests/browser/preview.spec.ts:2:1 › F1 graph, parallel occurrences and keyboard-accessible inspectors (284ms)
  ✓  15 tests/browser/preview.spec.ts:16:1 › special endpoints preserve roles; duplicate occurrences remain rejected (232ms)
  ✓  16 tests/browser/preview.spec.ts:21:1 › rejection and missing-input views never fabricate graph nodes (179ms)
  ✓  17 tests/browser/preview.spec.ts:25:1 › hostile display text stays inert; CSP blocks inline scripts and network (186ms)
  ✓  18 tests/browser/preview.spec.ts:36:1 › bounded long text has explicit truncation; over-limit graph rejected (205ms)
  ✓  19 tests/browser/preview.spec.ts:41:1 › loopback static server denies mutation, source files and traversal (4ms)
  ✓  20 tests/browser/preview.spec.ts:45:1 › narrow viewport exposes object list and inspector without page overflow (221ms)
  ✓  21 tests/browser/preview.spec.ts:51:1 › recorded native single-ended link has no fabricated peer and keyboard inspector (197ms)
  ✓  22 tests/browser/preview.spec.ts:59:1 › native preview preserves parallel links, aliases, source roles and rejected inputs (221ms)
  ✓  23 tests/browser/preview.spec.ts:67:1 › recorded native evidence remains readable at narrow width (204ms)

  4 skipped
  19 passed (24.1s)
