
> containerlab-synthetic-preview@0.1.0 build
> npm run fixtures:native && npm run fixtures:declared && npm run typecheck && vite build


> containerlab-synthetic-preview@0.1.0 fixtures:native
> node scripts/project-native.ts

Projected 58 verified native fixture records; no runtime executed.

> containerlab-synthetic-preview@0.1.0 fixtures:declared
> node scripts/project-declared.ts

Projected 63 pinned declaration fixtures. No native execution.

> containerlab-synthetic-preview@0.1.0 typecheck
> tsc --noEmit

vite v8.3.1 building client environment for production...
transforming...
✓ 276 modules transformed.
rendering chunks...
computing gzip size...
dist/index.html                   0.43 kB │ gzip:   0.30 kB
dist/assets/index-Dm3NqBk6.css   23.51 kB │ gzip:   4.90 kB
dist/assets/index-BAYFbJvw.js   687.75 kB │ gzip: 174.86 kB

[33m[MODULE_LEVEL_DIRECTIVE] [0mThe semantics of the module level directive "use client" in "node_modules/@xyflow/react/dist/esm/index.js" may not be preserved when bundling.
   [38;5;246m╭[0m[38;5;246m─[0m[38;5;246m[[0m node_modules/@xyflow/react/dist/esm/index.js:1:1 [38;5;246m][0m
   [38;5;246m│[0m
 [38;5;246m1 │[0m "use client"
 [38;5;240m  │[0m ──────┬─────  
 [38;5;240m  │[0m       ╰─────── module level directive may not be preserved
 [38;5;240m  │[0m 
 [38;5;240m  │[0m [38;5;115mHelp[0m: For more information, see https://rolldown.rs/in-depth/directives#other-directives
[38;5;246m───╯[0m

[plugin builtin:vite-reporter] 
(!) Some chunks are larger than 500 kB after minification. Consider:
- Using dynamic import() to code-split the application
- Use build.rolldownOptions.output.codeSplitting to improve chunking: https://rolldown.rs/reference/OutputOptions.codeSplitting
- Adjust chunk size limit for this warning via build.chunkSizeWarningLimit.
✓ built in 74ms
