
> containerlab-synthetic-preview@0.1.0 test
> node --test tests/contract.test.ts tests/native.test.ts tests/declared.test.ts tests/live.test.ts tests/observation.test.ts

✔ independent expected files retain their published hashes (0.892125ms)
✔ F1 retains independent node, link occurrence and alias expectations (not native execution) (3.990625ms)
✔ F2 is diagnostic-only, with no raw source or synthetic secret in browser fixture (0.1845ms)
✔ F3 missing input never produces invented nodes (0.164625ms)
✔ F4 external roles remain distinct and explicitly unresolved (0.231292ms)
✔ F5 duplicate declarations survive as two occurrence identities with rejection (0.200708ms)
✔ unknown fields at every boundary are rejected, never stripped silently (1.733958ms)
✔ IDs are unique and revision-scoped; all references must resolve (1.89125ms)
✔ redacted/unavailable values cannot carry data; unknowns require reasons (0.553791ms)
✔ F6 text/node/response bounds reject rather than truncate graph data (1.599416ms)
✔ operational capabilities and foreign session fields are rejected, not authenticated (0.941541ms)
✔ safe errors do not echo malformed data, native diagnostics or secrets (0.173458ms)
✔ same immutable synthetic revision has stable IDs and output (0.174458ms)
✔ 63 declaration fixtures and all pinned source/evidence hashes verify (8.423167ms)
✔ independent declaration object/dependency expectations remain intact (0.925209ms)
✔ specific reviewed errors identify template/schema rejection without raw native errors (0.186584ms)
✔ contract rejects disclosure, forged resolution, invalid references, duplicate IDs and budgets (3.627375ms)
✔ adapter omits hostile raw dependency strings and unreviewed configuration (5.769833ms)
✔ display text stays text in schema, with bounds rather than HTML interpretation (0.184375ms)
✔ live contract separates executed provenance and stable bundle IDs from recorded evidence (10.8585ms)
✔ worker provenance, cleanup, output and error disclosure fail closed (0.54875ms)
✔ reviewed dependency assessments are bounded bundle membership, never resolution (0.935167ms)
✔ 58 recorded fixtures validate; source hashes and evidence pin match retained bytes (7.873125ms)
✔ native F1 matches independent kinds, counts and alias; source tokens are not invented (0.537417ms)
✔ native F4 roles survive endpoint ordering and F5 preserves accepted duplicate occurrences (0.2255ms)
✔ F7 independent single-ended requirement never invents a peer (0.977083ms)
✔ rejections remain diagnostic-only and original/context identities stay separate (0.283ms)
✔ native DTO rejects unknown fields, bad references, invented origins and capabilities (2.51325ms)
✔ projection ignores unreviewed native attributes and fails closed on unsupported arity (1.22425ms)
✔ projection treats native display strings as text and does not turn them into IDs or URLs (0.319667ms)
✔ observations associate full resource IDs and expose only approved fields (2.966708ms)
✔ same-name replacement, duplicate, foreign lab, wrong purpose or kind cannot associate (0.249125ms)
✔ only successful empty inspection establishes absence; failed or malformed output does not (0.524833ms)
✔ observation schema rejects duplicate identities, arbitrary state and forged link health (0.368792ms)
ℹ tests 34
ℹ suites 0
ℹ pass 34
ℹ fail 0
ℹ cancelled 0
ℹ skipped 0
ℹ todo 0
ℹ duration_ms 125.842334
