
> containerlab-synthetic-preview@0.1.0 test
> node --test tests/contract.test.ts tests/native.test.ts tests/declared.test.ts tests/live.test.ts tests/observation.test.ts

✔ independent expected files retain their published hashes (1.049959ms)
✔ F1 retains independent node, link occurrence and alias expectations (not native execution) (3.884334ms)
✔ F2 is diagnostic-only, with no raw source or synthetic secret in browser fixture (0.1615ms)
✔ F3 missing input never produces invented nodes (0.131209ms)
✔ F4 external roles remain distinct and explicitly unresolved (0.3285ms)
✔ F5 duplicate declarations survive as two occurrence identities with rejection (0.28ms)
✔ unknown fields at every boundary are rejected, never stripped silently (1.747833ms)
✔ IDs are unique and revision-scoped; all references must resolve (1.889459ms)
✔ redacted/unavailable values cannot carry data; unknowns require reasons (0.618333ms)
✔ F6 text/node/response bounds reject rather than truncate graph data (1.96375ms)
✔ operational capabilities and foreign session fields are rejected, not authenticated (0.540791ms)
✔ safe errors do not echo malformed data, native diagnostics or secrets (0.139958ms)
✔ same immutable synthetic revision has stable IDs and output (0.178625ms)
✔ 63 declaration fixtures and all pinned source/evidence hashes verify (9.378458ms)
✔ independent declaration object/dependency expectations remain intact (0.957333ms)
✔ specific reviewed errors identify template/schema rejection without raw native errors (0.196625ms)
✔ contract rejects disclosure, forged resolution, invalid references, duplicate IDs and budgets (4.037417ms)
✔ adapter omits hostile raw dependency strings and unreviewed configuration (5.822959ms)
✔ display text stays text in schema, with bounds rather than HTML interpretation (0.175625ms)
✔ live contract separates executed provenance and stable bundle IDs from recorded evidence (11.215375ms)
✔ worker provenance, cleanup, output and error disclosure fail closed (0.409209ms)
✔ reviewed dependency assessments are bounded bundle membership, never resolution (1.388625ms)
✔ 58 recorded fixtures validate; source hashes and evidence pin match retained bytes (8.915334ms)
✔ native F1 matches independent kinds, counts and alias; source tokens are not invented (0.536041ms)
✔ native F4 roles survive endpoint ordering and F5 preserves accepted duplicate occurrences (0.42575ms)
✔ F7 independent single-ended requirement never invents a peer (1.119833ms)
✔ rejections remain diagnostic-only and original/context identities stay separate (0.18875ms)
✔ native DTO rejects unknown fields, bad references, invented origins and capabilities (2.485667ms)
✔ projection ignores unreviewed native attributes and fails closed on unsupported arity (1.319625ms)
✔ projection treats native display strings as text and does not turn them into IDs or URLs (0.347208ms)
✔ observations associate full resource IDs and expose only approved fields (3.012958ms)
✔ same-name replacement, duplicate, foreign lab, wrong purpose or kind cannot associate (0.201708ms)
✔ only successful empty inspection establishes absence; failed or malformed output does not (0.539375ms)
✔ observation schema rejects duplicate identities, arbitrary state and forged link health (0.341542ms)
ℹ tests 34
ℹ suites 0
ℹ pass 34
ℹ fail 0
ℹ cancelled 0
ℹ skipped 0
ℹ todo 0
ℹ duration_ms 127.32025
