
> containerlab-synthetic-preview@0.1.0 test
> node --test tests/contract.test.ts tests/native.test.ts tests/declared.test.ts tests/live.test.ts tests/observation.test.ts tests/interfaces.test.ts tests/link-state.test.ts tests/profile.test.ts tests/multi.test.ts tests/capacity.test.ts tests/session-migration.test.ts tests/observation-cleanup.test.ts tests/four-radio.test.ts tests/workbench.test.ts tests/node-logs.test.ts tests/capture.test.ts tests/reviewed-lua.test.ts tests/reanalysis.test.ts

✔ capacity profiles use0.6, exact32 occurrence maximum survives strict projection (34.142291ms)
✔ capacity maximum partial failure keeps every occurrence and unaffected native evidence (1.9925ms)
✔ capacity version/domain and one-over bounds reject without changing historical profile (3.141291ms)
✔ recorded previous SRL and Linux observations remain accepted, not newly runtime-qualified (3.29175ms)
✔ capture request bounds and path/command separation (0.999417ms)
✔ capture target resolves only frozen Linux endpoint identity (0.270792ms)
✔ capture metadata rejects oversized artifacts and unreviewed packet fields (15.379708ms)
✔ capture HTTP rejects cross-origin and path/size input before any native operation (26.679583ms)
✔ independent expected files retain their published hashes (0.994291ms)
✔ F1 retains independent node, link occurrence and alias expectations (not native execution) (16.082083ms)
✔ F2 is diagnostic-only, with no raw source or synthetic secret in browser fixture (0.19ms)
✔ F3 missing input never produces invented nodes (0.167958ms)
✔ F4 external roles remain distinct and explicitly unresolved (0.276083ms)
✔ F5 duplicate declarations survive as two occurrence identities with rejection (0.199084ms)
✔ unknown fields at every boundary are rejected, never stripped silently (2.004ms)
✔ IDs are unique and revision-scoped; all references must resolve (3.453917ms)
✔ redacted/unavailable values cannot carry data; unknowns require reasons (0.637208ms)
✔ F6 text/node/response bounds reject rather than truncate graph data (1.83175ms)
✔ operational capabilities and foreign session fields are rejected, not authenticated (0.952541ms)
✔ safe errors do not echo malformed data, native diagnostics or secrets (0.204125ms)
✔ same immutable synthetic revision has stable IDs and output (0.233375ms)
✔ 63 declaration fixtures and all pinned source/evidence hashes verify (16.619791ms)
✔ independent declaration object/dependency expectations remain intact (1.023ms)
✔ specific reviewed errors identify template/schema rejection without raw native errors (0.187666ms)
✔ contract rejects disclosure, forged resolution, invalid references, duplicate IDs and budgets (3.928292ms)
✔ adapter omits hostile raw dependency strings and unreviewed configuration (5.958042ms)
✔ display text stays text in schema, with bounds rather than HTML interpretation (0.146459ms)
✔ four-radio independent exact declarations and preserved approved companion hashes (1.298625ms)
✔ explicit deployment accepts native names without qualification label; rejects wrong lab, duplicates, unsafe names and unknown fields (6.614459ms)
✔ recorded SR Linux25.10.1 has fourteen distinct exact enrolled endpoint associations (30.279417ms)
✔ four-radio new session required; expired, wrong source and substituted container fail closed before transport (2.519875ms)
✔ interface association retains native operational state but never infers admin, carrier or continuity (4.091083ms)
✔ changed namespace, index or MAC cannot inherit old interface observation (0.385417ms)
✔ complete absence, partial failure, stopped namespace and container absence remain distinct (0.2995ms)
✔ duplicates, foreign IDs, unknown fields and invented health fail closed (2.300375ms)
✔ Linux flags are separate from native operstate and never prove peer or continuity (6.099375ms)
✔ partial Linux failure preserves native evidence and the other endpoint (0.268833ms)
✔ changed enrolled attributes withhold even successful supplemental facts (0.233291ms)
✔ exact tuple reuse cannot upgrade continuity (0.391583ms)
✔ invented carrier, peer, source, raw fields or unassociated state are rejected (0.971541ms)
✔ live contract separates executed provenance and stable bundle IDs from recorded evidence (22.872917ms)
✔ worker provenance, cleanup, output and error disclosure fail closed (0.442875ms)
✔ reviewed dependency assessments are bounded bundle membership, never resolution (2.161833ms)
✔ independent parallel occurrences and disconnected node retain exact native facts (11.900166ms)
✔ partial node inspection, ambiguity, alias loss and literal absence preserve other occurrences (2.142375ms)
✔ full identity replacement rejects; namespace/interface changes and partial enrollment never adopt (1.760625ms)
✔ unsupported kinds and external roles remain explicit without invented observations (0.896834ms)
✔ strict disclosure, reference, bounds and unknown identity/state claims fail closed (2.101666ms)
✔ maximum bounded enrollment accepted; one over each collection rejected (1.046792ms)
✔ 58 recorded fixtures validate; source hashes and evidence pin match retained bytes (18.744709ms)
✔ native F1 matches independent kinds, counts and alias; source tokens are not invented (0.5845ms)
✔ native F4 roles survive endpoint ordering and F5 preserves accepted duplicate occurrences (0.62525ms)
✔ F7 independent single-ended requirement never invents a peer (3.31675ms)
✔ rejections remain diagnostic-only and original/context identities stay separate (0.268167ms)
✔ native DTO rejects unknown fields, bad references, invented origins and capabilities (3.292125ms)
✔ projection ignores unreviewed native attributes and fails closed on unsupported arity (1.860542ms)
✔ projection treats native display strings as text and does not turn them into IDs or URLs (0.366292ms)
✔ log contract allows text markup but rejects control escapes, byte overflow and unknown fields (2.147792ms)
✔ log target requires explicit qualification, enrolled deployment, node ID and supported bound container (0.214416ms)
✔ transport enforces malformed/output/timeout/cancellation boundaries with a local fake executable (9247.810875ms)
✔ local tail then literal filter preserves bounds and does not interpret regex or markup (0.994042ms)
✔ cancel and shutdown reap owned transport process groups before resolving (124.630875ms)
✔ observations associate full resource IDs and expose only approved fields (23.912625ms)
✔ same-name replacement, duplicate, foreign lab, wrong purpose or kind cannot associate (0.2065ms)
✔ only successful empty inspection establishes absence; failed or malformed output does not (0.568042ms)
✔ observation schema rejects duplicate identities, arbitrary state and forged link health (0.345667ms)
✔ executed trial declarations retain the independent two-node and endpoint expectations (4.568625ms)
✔ SRL alias is native evidence separate from declaration and actual interface (4.340625ms)
✔ no guessed alias or substitute Linux kind (0.2165ms)
✔ changed name, index or namespace remains unresolved (0.419083ms)
✔ missing alias does not prove interface deletion and leaves peer visible (0.203667ms)
✔ profile DTO rejects arbitrary kinds, aliases, properties, peers and conflicting identities (1.551458ms)
✔ reanalysis accepts artifact references only, separate job identity and reviewed options (1.414084ms)
✔ managed reanalysis uses unchanged bytes/TTL; refuses mismatch, expiry, malformed/oversized output, cancellation and capability changes (21155.888167ms)
✔ reviewed Lua accepts exact ID; paths, unknown IDs and arguments rejected (1.676333ms)
✔ reviewed Lua inventory hash and field disclosure agree with checked-in reviewed source (0.645709ms)
✔ reviewed result cannot substitute script or hash and old capture/0.1 remains readable (1.759458ms)
✔ fresh manifest validates graph binding; old and tampered manifests rejected before any runtime call (8.623625ms)
✔ unchanged actual0.5 and0.6 recordings remain strict historical reads (10.987583ms)
✔ original0.1–0.4 recorded observations retain strict original meanings (5.340167ms)
✔ every native endpoint attaches to its exact port handle without changing input (5.273375ms)
✔ renamed and differently sized inventories share generic enrollment and observation rules (12.414625ms)
✔ single-ended, dangling and disconnected occurrences remain explicit presentation objects (0.492542ms)
✔ current session checks general deployment binding before transport; historical sessions cannot activate (6.299709ms)
✔ unsupported kinds stay explicit and general collection ceilings remain enforced (1.044542ms)
ℹ tests 85
ℹ suites 0
ℹ pass 85
ℹ fail 0
ℹ cancelled 0
ℹ skipped 0
ℹ todo 0
ℹ duration_ms 21320.965542
